Archive member included to satisfy reference by file (symbol)

app/libapp.a(main.c.obj)      (--whole-archive)
zephyr/libzephyr.a(validate_libc.c.obj)
                              (--whole-archive)
zephyr/libzephyr.a(heap.c.obj)
                              (--whole-archive)
zephyr/libzephyr.a(cbprintf_packaged.c.obj)
                              (--whole-archive)
zephyr/libzephyr.a(clock.c.obj)
                              (--whole-archive)
zephyr/libzephyr.a(printk.c.obj)
                              (--whole-archive)
zephyr/libzephyr.a(sem.c.obj)
                              (--whole-archive)
zephyr/libzephyr.a(thread_entry.c.obj)
                              (--whole-archive)
zephyr/libzephyr.a(cbprintf_complete.c.obj)
                              (--whole-archive)
zephyr/libzephyr.a(assert.c.obj)
                              (--whole-archive)
zephyr/libzephyr.a(dec.c.obj)
                              (--whole-archive)
zephyr/libzephyr.a(hex.c.obj)
                              (--whole-archive)
zephyr/libzephyr.a(rb.c.obj)  (--whole-archive)
zephyr/libzephyr.a(timeutil.c.obj)
                              (--whole-archive)
zephyr/libzephyr.a(bitarray.c.obj)
                              (--whole-archive)
zephyr/libzephyr.a(bitmask.c.obj)
                              (--whole-archive)
zephyr/libzephyr.a(onoff.c.obj)
                              (--whole-archive)
zephyr/libzephyr.a(notify.c.obj)
                              (--whole-archive)
zephyr/libzephyr.a(ring_buffer.c.obj)
                              (--whole-archive)
zephyr/libzephyr.a(last_section_id.c.obj)
                              (--whole-archive)
zephyr/libzephyr.a(configs.c.obj)
                              (--whole-archive)
zephyr/libzephyr.a(mem_attr.c.obj)
                              (--whole-archive)
zephyr/libzephyr.a(tracing_none.c.obj)
                              (--whole-archive)
zephyr/libzephyr.a(cdc_acm_serial.c.obj)
                              (--whole-archive)
zephyr/arch/common/libarch__common.a(sw_isr_common.c.obj)
                              (--whole-archive)
zephyr/arch/common/libarch__common.a(init.c.obj)
                              (--whole-archive)
zephyr/arch/common/libarch__common.a(xip.c.obj)
                              (--whole-archive)
zephyr/arch/arch/arm/core/libarch__arm__core.a(fatal.c.obj)
                              (--whole-archive)
zephyr/arch/arch/arm/core/libarch__arm__core.a(nmi.c.obj)
                              (--whole-archive)
zephyr/arch/arch/arm/core/libarch__arm__core.a(nmi_on_reset.S.obj)
                              (--whole-archive)
zephyr/arch/arch/arm/core/libarch__arm__core.a(tls.c.obj)
                              (--whole-archive)
zephyr/arch/arch/arm/core/cortex_m/libarch__arm__core__cortex_m.a(exc_exit.c.obj)
                              (--whole-archive)
zephyr/arch/arch/arm/core/cortex_m/libarch__arm__core__cortex_m.a(fault.c.obj)
                              (--whole-archive)
zephyr/arch/arch/arm/core/cortex_m/libarch__arm__core__cortex_m.a(fault_s.S.obj)
                              (--whole-archive)
zephyr/arch/arch/arm/core/cortex_m/libarch__arm__core__cortex_m.a(fpu.c.obj)
                              (--whole-archive)
zephyr/arch/arch/arm/core/cortex_m/libarch__arm__core__cortex_m.a(reset.S.obj)
                              (--whole-archive)
zephyr/arch/arch/arm/core/cortex_m/libarch__arm__core__cortex_m.a(scb.c.obj)
                              (--whole-archive)
zephyr/arch/arch/arm/core/cortex_m/libarch__arm__core__cortex_m.a(thread_abort.c.obj)
                              (--whole-archive)
zephyr/arch/arch/arm/core/cortex_m/libarch__arm__core__cortex_m.a(vector_table.S.obj)
                              (--whole-archive)
zephyr/arch/arch/arm/core/cortex_m/libarch__arm__core__cortex_m.a(swap_helper.S.obj)
                              (--whole-archive)
zephyr/arch/arch/arm/core/cortex_m/libarch__arm__core__cortex_m.a(irq_manage.c.obj)
                              (--whole-archive)
zephyr/arch/arch/arm/core/cortex_m/libarch__arm__core__cortex_m.a(prep_c.c.obj)
                              (--whole-archive)
zephyr/arch/arch/arm/core/cortex_m/libarch__arm__core__cortex_m.a(thread.c.obj)
                              (--whole-archive)
zephyr/arch/arch/arm/core/cortex_m/libarch__arm__core__cortex_m.a(cpu_idle.c.obj)
                              (--whole-archive)
zephyr/arch/arch/arm/core/cortex_m/libarch__arm__core__cortex_m.a(irq_init.c.obj)
                              (--whole-archive)
zephyr/arch/arch/arm/core/cortex_m/libarch__arm__core__cortex_m.a(isr_wrapper.c.obj)
                              (--whole-archive)
zephyr/arch/arch/arm/core/cortex_m/libarch__arm__core__cortex_m.a(__aeabi_read_tp.S.obj)
                              (--whole-archive)
zephyr/arch/arch/arm/core/mpu/libarch__arm__core__mpu.a(arm_core_mpu.c.obj)
                              (--whole-archive)
[...]
Memory Configuration

Name             Origin             Length             Attributes
FLASH            0x0000000000027000 0x00000000000c5000 xr
RAM              0x0000000020000000 0x0000000000040000 xw
IDT_LIST         0x00000000ffff7fff 0x0000000000008000 xw
*default*        0x0000000000000000 0xffffffffffffffff

Linker script and memory map

                0x000000000003f954                vfprintf = __l_vfprintf
                0x0000000000000000                vfscanf = __l_vfscanf
LOAD zephyr/CMakeFiles/zephyr_final.dir/misc/empty_file.c.obj
LOAD zephyr/CMakeFiles/zephyr_final.dir/isr_tables.c.obj
LOAD zephyr/CMakeFiles/offsets.dir/./arch/arm/core/offsets/offsets.c.obj
LOAD app/libapp.a
LOAD zephyr/libzephyr.a
LOAD zephyr/arch/common/libarch__common.a
LOAD zephyr/arch/arch/arm/core/libarch__arm__core.a
LOAD zephyr/arch/arch/arm/core/cortex_m/libarch__arm__core__cortex_m.a
LOAD zephyr/arch/arch/arm/core/mpu/libarch__arm__core__mpu.a
LOAD zephyr/lib/libc/picolibc/liblib__libc__picolibc.a
LOAD zephyr/lib/libc/common/liblib__libc__common.a
LOAD zephyr/lib/posix/c_lib_ext/liblib__posix__c_lib_ext.a
LOAD zephyr/lib/net_buf/liblib__net_buf.a
LOAD zephyr/soc/soc/nrf52840/libsoc__nordic.a
LOAD zephyr/subsys/random/libsubsys__random.a
LOAD zephyr/subsys/usb/device_next/libsubsys__usb__device_next.a
LOAD zephyr/subsys/bluetooth/common/libsubsys__bluetooth__common.a
LOAD zephyr/subsys/bluetooth/host/libsubsys__bluetooth__host.a
LOAD zephyr/subsys/bluetooth/services/nus/libsubsys__bluetooth__services__nus.a
LOAD zephyr/subsys/bluetooth/controller/libsubsys__bluetooth__controller.a
LOAD zephyr/subsys/bluetooth/controller/ll_sw/nordic/libsubsys__bluetooth__controller__ll_sw__nordic.a
LOAD zephyr/drivers/usb/udc/libdrivers__usb__udc.a
LOAD zephyr/drivers/usb/common/nrf_usbd_common/libdrivers__usb__common__nrf_usbd_common.a
LOAD zephyr/drivers/clock_control/libdrivers__clock_control.a
LOAD zephyr/drivers/console/libdrivers__console.a
LOAD zephyr/drivers/entropy/libdrivers__entropy.a
LOAD zephyr/drivers/gpio/libdrivers__gpio.a
LOAD zephyr/drivers/hwinfo/libdrivers__hwinfo.a
LOAD zephyr/drivers/pinctrl/libdrivers__pinctrl.a
LOAD zephyr/drivers/regulator/libdrivers__regulator.a
LOAD zephyr/drivers/serial/libdrivers__serial.a
LOAD zephyr/drivers/timer/libdrivers__timer.a
LOAD modules/hal_nordic/nrfx/libnrfx.a
LOAD zephyr/kernel/libkernel.a
LOAD zephyr/arch/common/libisr_tables.a
LOAD /Users/piperhofstee/zephyr-sdk-0.17.4/arm-zephyr-eabi/bin/../lib/gcc/../../picolibc/arm-zephyr-eabi/lib/thumb/v7e-m/nofp/libc.a
LOAD /Users/piperhofstee/zephyr-sdk-0.17.4/arm-zephyr-eabi/bin/../lib/gcc/arm-zephyr-eabi/12.2.0/thumb/v7e-m/nofp/libgcc.a
                0x0000000000000020                _region_min_align = 0x20

.rel.plt        0x0000000000027000        0x0
 *(SORT_BY_ALIGNMENT(.rel.plt))
                [!provide]                        PROVIDE (__rel_iplt_start = .)
 *(SORT_BY_ALIGNMENT(.rel.iplt))
 .rel.iplt      0x0000000000027000        0x0 zephyr/CMakeFiles/zephyr_final.dir/isr_tables.c.obj
                [!provide]                        PROVIDE (__rel_iplt_end = .)

.rela.plt       0x0000000000000000        0x0
 *(SORT_BY_ALIGNMENT(.rela.plt))
                [!provide]                        PROVIDE (__rela_iplt_start = .)
 *(SORT_BY_ALIGNMENT(.rela.iplt))
                [!provide]                        PROVIDE (__rela_iplt_end = .)

.rel.dyn
 *(SORT_BY_ALIGNMENT(.rel.*))

.rela.dyn
 *(SORT_BY_ALIGNMENT(.rela.*))

/DISCARD/
 *(SORT_BY_ALIGNMENT(.plt))

/DISCARD/
 *(SORT_BY_ALIGNMENT(.iplt))
                0x0000000000027000                __rom_region_start = 0x27000

rom_start       0x0000000000027000      0x100
                0x0000000000027000                __rom_start_address = .
 FILL mask 0x00
                0x0000000000027000                . = (. + (0x0 - (. - __rom_start_address)))
                0x0000000000027000                . = ALIGN (0x4)
                0x0000000000027000                . = ALIGN (0x80)
                0x0000000000027000                . = ALIGN (0x100)
                0x0000000000027000                _vector_start = .
 *(SORT_BY_ALIGNMENT(.exc_vector_table))
 *(SORT_BY_ALIGNMENT(.exc_vector_table.*))
 .exc_vector_table._vector_table_section
                0x0000000000027000       0x40 zephyr/arch/arch/arm/core/cortex_m/libarch__arm__core__cortex_m.a(vector_table.S.obj)
                0x0000000000027000                _vector_table
 *(SORT_BY_ALIGNMENT(.vectors))
                0x0000000000027100                _vector_end = .
                0x0000000000027040                . = ALIGN (0x4)
 *(SORT_BY_ALIGNMENT(.gnu.linkonce.irq_vector_table*))
 .gnu.linkonce.irq_vector_table
                0x0000000000027040       0xc0 zephyr/CMakeFiles/zephyr_final.dir/isr_tables.c.obj
                0x0000000000027040                _irq_vector_table
                0x0000000000027100                _vector_end = .

text            0x0000000000027100    0x1ebc0
                0x0000000000027100                __text_region_start = .
 *(SORT_BY_ALIGNMENT(.text))
 .text          0x0000000000027100       0x30 /Users/piperhofstee/zephyr-sdk-0.17.4/arm-zephyr-eabi/bin/../lib/gcc/arm-zephyr-eabi/12.2.0/thumb/v7e-m/nofp/libgcc.a(_aeabi_uldivmod.o)
                0x0000000000027100                __aeabi_uldivmod
 .text          0x0000000000027130        0x4 /Users/piperhofstee/zephyr-sdk-0.17.4/arm-zephyr-eabi/bin/../lib/gcc/arm-zephyr-eabi/12.2.0/thumb/v7e-m/nofp/libgcc.a(_dvmd_tls.o)
                0x0000000000027130                __aeabi_ldiv0
                0x0000000000027130                __aeabi_idiv0
 .text          0x0000000000027134       0x14 /Users/piperhofstee/zephyr-sdk-0.17.4/arm-zephyr-eabi/bin/../lib/gcc/../../picolibc/arm-zephyr-eabi/lib/thumb/v7e-m/nofp/libc.a(strcmp.S.o)
                0x0000000000027134                strcmp
 .text          0x0000000000027148       0x10 /Users/piperhofstee/zephyr-sdk-0.17.4/arm-zephyr-eabi/bin/../lib/gcc/../../picolibc/arm-zephyr-eabi/lib/thumb/v7e-m/nofp/libc.a(strcpy.S.o)
                0x0000000000027148                strcpy
 .text          0x0000000000027158       0x10 /Users/piperhofstee/zephyr-sdk-0.17.4/arm-zephyr-eabi/bin/../lib/gcc/../../picolibc/arm-zephyr-eabi/lib/thumb/v7e-m/nofp/libc.a(strlen.S.o)
                0x0000000000027158                strlen
 .text          0x0000000000027168      0x2a0 /Users/piperhofstee/zephyr-sdk-0.17.4/arm-zephyr-eabi/bin/../lib/gcc/arm-zephyr-eabi/12.2.0/thumb/v7e-m/nofp/libgcc.a(_udivmoddi4.o)
                0x0000000000027168                __udivmoddi4
 *(SORT_BY_ALIGNMENT(.text.*))
 .text.ull_drift_ticks_get
                0x0000000000027408       0x90 zephyr/subsys/bluetooth/controller/libsubsys__bluetooth__controller.a(ull.c.obj)
                0x0000000000027408                ull_drift_ticks_get
 .text.ll_adv_enable
                0x0000000000027498      0x348 zephyr/subsys/bluetooth/controller/libsubsys__bluetooth__controller.a(ull_adv.c.obj)
                0x0000000000027498                ll_adv_enable
 .text.ull_adv_time_update
                0x00000000000277e0       0xbc zephyr/subsys/bluetooth/controller/libsubsys__bluetooth__controller.a(ull_adv.c.obj)
                0x00000000000277e0                ull_adv_time_update
 *fill*         0x000000000002789c        0x4 
 .text.ll_scan_params_set
                0x00000000000278a0       0x70 zephyr/subsys/bluetooth/controller/libsubsys__bluetooth__controller.a(ull_scan.c.obj)
                0x00000000000278a0                ll_scan_params_set
 .text.ull_scan_enable
                0x0000000000027910      0x128 zephyr/subsys/bluetooth/controller/libsubsys__bluetooth__controller.a(ull_scan.c.obj)
                0x0000000000027910                ull_scan_enable
 .text.ull_conn_update_ticker.constprop.0
                0x0000000000027a38       0xf8 zephyr/subsys/bluetooth/controller/libsubsys__bluetooth__controller.a(ull_conn.c.obj)
 .text.ull_conn_done
                0x0000000000027b30      0x38c zephyr/subsys/bluetooth/controller/libsubsys__bluetooth__controller.a(ull_conn.c.obj)
                0x0000000000027b30                ull_conn_done
 *fill*         0x0000000000027ebc        0x4 
 .text.ull_conn_update_parameters
                0x0000000000027ec0      0x264 zephyr/subsys/bluetooth/controller/libsubsys__bluetooth__controller.a(ull_conn.c.obj)
                0x0000000000027ec0                ull_conn_update_parameters
 *fill*         0x0000000000028124        0x4 
 .text.ull_periph_setup
                0x0000000000028128      0x3bc zephyr/subsys/bluetooth/controller/libsubsys__bluetooth__controller.a(ull_peripheral.c.obj)
                0x0000000000028128                ull_periph_setup
 *fill*         0x00000000000284e4        0x4 
 .text.prepare_cb
                0x00000000000284e8      0x130 zephyr/subsys/bluetooth/controller/ll_sw/nordic/libsubsys__bluetooth__controller__ll_sw__nordic.a(lll_adv.c.obj)
 .text.common_prepare_cb
                0x0000000000028618      0x198 zephyr/subsys/bluetooth/controller/ll_sw/nordic/libsubsys__bluetooth__controller__ll_sw__nordic.a(lll_scan.c.obj)
 .text.prepare_cb
                0x00000000000287b0      0x254 zephyr/subsys/bluetooth/controller/ll_sw/nordic/libsubsys__bluetooth__controller__ll_sw__nordic.a(lll_peripheral.c.obj)
 .text.received
                0x0000000000028a04       0x1c app/libapp.a(main.c.obj)
 .text.notif_enabled
                0x0000000000028a20       0x24 app/libapp.a(main.c.obj)
 .text.disconnected
                0x0000000000028a44        0xc app/libapp.a(main.c.obj)
 .text.connected
                0x0000000000028a50       0x3c app/libapp.a(main.c.obj)
 .text.exchange_func
                0x0000000000028a8c       0x20 app/libapp.a(main.c.obj)
 .text.scan_cb  0x0000000000028aac      0x178 app/libapp.a(main.c.obj)
 .text.main     0x0000000000028c24       0xb0 app/libapp.a(main.c.obj)
                0x0000000000028c24                main
 .text.char_out
                0x0000000000028cd4        0xc zephyr/libzephyr.a(printk.c.obj)
 .text.__printk_hook_install
                0x0000000000028ce0        0xc zephyr/libzephyr.a(printk.c.obj)
                0x0000000000028ce0                __printk_hook_install
 .text.vprintk  0x0000000000028cec       0x30 zephyr/libzephyr.a(printk.c.obj)
                0x0000000000028cec                vprintk
 .text.z_thread_entry
                0x0000000000028d1c       0x34 zephyr/libzephyr.a(thread_entry.c.obj)
                0x0000000000028d1c                z_thread_entry
 .text.process_event
                0x0000000000028d50      0x21c zephyr/libzephyr.a(onoff.c.obj)
 .text.mem_attr_get_regions
                0x0000000000028f6c        0xc zephyr/libzephyr.a(mem_attr.c.obj)
                0x0000000000028f6c                mem_attr_get_regions
 .text.cdc_acm_serial_init_device
                0x0000000000028f78       0x8c zephyr/libzephyr.a(cdc_acm_serial.c.obj)
 .text.arch_bss_zero
                0x0000000000029004       0x18 zephyr/arch/common/libarch__common.a(init.c.obj)
                0x0000000000029004                arch_bss_zero
 .text.arch_data_copy
                0x000000000002901c       0x38 zephyr/arch/common/libarch__common.a(xip.c.obj)
                0x000000000002901c                arch_data_copy
 .text.z_arm_fatal_error
                0x0000000000029054       0x60 zephyr/arch/arch/arm/core/libarch__arm__core.a(fatal.c.obj)
                0x0000000000029054                z_arm_fatal_error
 .text.z_SysNmiOnReset
                0x00000000000290b4        0x8 zephyr/arch/arch/arm/core/libarch__arm__core.a(nmi_on_reset.S.obj)
                0x00000000000290b4                z_SysNmiOnReset
 .text.arch_tls_stack_setup
                0x00000000000290bc       0x40 zephyr/arch/arch/arm/core/libarch__arm__core.a(tls.c.obj)
                0x00000000000290bc                arch_tls_stack_setup
 .text._HandlerModeExit
                0x00000000000290fc       0x20 zephyr/arch/arch/arm/core/cortex_m/libarch__arm__core__cortex_m.a(exc_exit.c.obj)
                0x00000000000290fc                z_arm_exc_exit
                0x00000000000290fc                z_arm_int_exit
 .text.mem_manage_fault
                0x000000000002911c       0xf0 zephyr/arch/arch/arm/core/cortex_m/libarch__arm__core__cortex_m.a(fault.c.obj)
 .text.usage_fault.constprop.0
                0x000000000002920c       0x98 zephyr/arch/arch/arm/core/cortex_m/libarch__arm__core__cortex_m.a(fault.c.obj)
 .text.bus_fault.constprop.0
                0x00000000000292a4       0xb8 zephyr/arch/arch/arm/core/cortex_m/libarch__arm__core__cortex_m.a(fault.c.obj)
 .text.z_arm_fault
                0x000000000002935c      0x1a0 zephyr/arch/arch/arm/core/cortex_m/libarch__arm__core__cortex_m.a(fault.c.obj)
                0x000000000002935c                z_arm_fault
 .text.z_arm_fault_init
                0x00000000000294fc       0x18 zephyr/arch/arch/arm/core/cortex_m/libarch__arm__core__cortex_m.a(fault.c.obj)
                0x00000000000294fc                z_arm_fault_init
 .text.__fault  0x0000000000029514       0x14 zephyr/arch/arch/arm/core/cortex_m/libarch__arm__core__cortex_m.a(fault_s.S.obj)
                0x0000000000029514                z_arm_bus_fault
                0x0000000000029514                z_arm_usage_fault
                0x0000000000029514                z_arm_mpu_fault
                0x0000000000029514                z_arm_exc_spurious
                0x0000000000029514                z_arm_debug_monitor
                0x0000000000029514                z_arm_hard_fault
 .text._reset_section
                0x0000000000029528       0x38 zephyr/arch/arch/arm/core/cortex_m/libarch__arm__core__cortex_m.a(reset.S.obj)
                0x0000000000029528                z_arm_reset
                0x0000000000029528                __start
 .text.z_impl_k_thread_abort
                0x0000000000029560       0x2c zephyr/arch/arch/arm/core/cortex_m/libarch__arm__core__cortex_m.a(thread_abort.c.obj)
                0x0000000000029560                z_impl_k_thread_abort
 .text.z_arm_pendsv
                0x000000000002958c       0x64 zephyr/arch/arch/arm/core/cortex_m/libarch__arm__core__cortex_m.a(swap_helper.S.obj)
                0x000000000002958c                z_arm_pendsv
 .text.z_arm_svc
                0x00000000000295f0       0x24 zephyr/arch/arch/arm/core/cortex_m/libarch__arm__core__cortex_m.a(swap_helper.S.obj)
                0x00000000000295f0                z_arm_svc
 .text.arm_irq_enable
                0x0000000000029614       0x1c zephyr/arch/arch/arm/core/cortex_m/libarch__arm__core__cortex_m.a(irq_manage.c.obj)
                0x0000000000029614                arm_irq_enable
 .text.arm_irq_disable
                0x0000000000029630       0x28 zephyr/arch/arch/arm/core/cortex_m/libarch__arm__core__cortex_m.a(irq_manage.c.obj)
                0x0000000000029630                arm_irq_disable
 .text.arm_irq_is_enabled
                0x0000000000029658       0x1c zephyr/arch/arch/arm/core/cortex_m/libarch__arm__core__cortex_m.a(irq_manage.c.obj)
                0x0000000000029658                arm_irq_is_enabled
 .text.arm_irq_priority_set
                0x0000000000029674       0x30 zephyr/arch/arch/arm/core/cortex_m/libarch__arm__core__cortex_m.a(irq_manage.c.obj)
                0x0000000000029674                arm_irq_priority_set
 .text.relocate_vector_table
                0x00000000000296a4       0x1c zephyr/arch/arch/arm/core/cortex_m/libarch__arm__core__cortex_m.a(prep_c.c.obj)
                0x00000000000296a4                relocate_vector_table
 .text.z_prep_c
                0x00000000000296c0       0x38 zephyr/arch/arch/arm/core/cortex_m/libarch__arm__core__cortex_m.a(prep_c.c.obj)
                0x00000000000296c0                z_prep_c
 .text.arch_new_thread
                0x00000000000296f8       0x38 zephyr/arch/arch/arm/core/cortex_m/libarch__arm__core__cortex_m.a(thread.c.obj)
                0x00000000000296f8                arch_new_thread
 .text.z_check_thread_stack_fail
                0x0000000000029730       0x2c zephyr/arch/arch/arm/core/cortex_m/libarch__arm__core__cortex_m.a(thread.c.obj)
                0x0000000000029730                z_check_thread_stack_fail
 .text.arch_switch_to_main_thread
                0x000000000002975c       0x40 zephyr/arch/arch/arm/core/cortex_m/libarch__arm__core__cortex_m.a(thread.c.obj)
                0x000000000002975c                arch_switch_to_main_thread
 .text.z_arm_cpu_idle_init
                0x000000000002979c        0xc zephyr/arch/arch/arm/core/cortex_m/libarch__arm__core__cortex_m.a(cpu_idle.c.obj)
                0x000000000002979c                z_arm_cpu_idle_init
 .text.z_arm_interrupt_init
                0x00000000000297a8       0x18 zephyr/arch/arch/arm/core/cortex_m/libarch__arm__core__cortex_m.a(irq_init.c.obj)
                0x00000000000297a8                z_arm_interrupt_init
 .text._isr_wrapper
                0x00000000000297c0       0x24 zephyr/arch/arch/arm/core/cortex_m/libarch__arm__core__cortex_m.a(isr_wrapper.c.obj)
                0x00000000000297c0                _isr_wrapper
 .text.z_arm_configure_static_mpu_regions
                0x00000000000297e4       0x18 zephyr/arch/arch/arm/core/mpu/libarch__arm__core__mpu.a(arm_core_mpu.c.obj)
                0x00000000000297e4                z_arm_configure_static_mpu_regions
 .text.z_arm_configure_dynamic_mpu_regions
                0x00000000000297fc       0x20 zephyr/arch/arch/arm/core/mpu/libarch__arm__core__mpu.a(arm_core_mpu.c.obj)
                0x00000000000297fc                z_arm_configure_dynamic_mpu_regions
 .text.region_init
                0x000000000002981c       0x28 zephyr/arch/arch/arm/core/mpu/libarch__arm__core__mpu.a(arm_mpu.c.obj)
 .text.mpu_configure_regions
                0x0000000000029844       0x6c zephyr/arch/arch/arm/core/mpu/libarch__arm__core__mpu.a(arm_mpu.c.obj)
 .text.arm_core_mpu_enable
                0x00000000000298b0       0x18 zephyr/arch/arch/arm/core/mpu/libarch__arm__core__mpu.a(arm_mpu.c.obj)
                0x00000000000298b0                arm_core_mpu_enable
 .text.arm_core_mpu_disable
                0x00000000000298c8       0x14 zephyr/arch/arch/arm/core/mpu/libarch__arm__core__mpu.a(arm_mpu.c.obj)
                0x00000000000298c8                arm_core_mpu_disable
 .text.arm_core_mpu_configure_static_mpu_regions
                0x00000000000298dc       0x14 zephyr/arch/arch/arm/core/mpu/libarch__arm__core__mpu.a(arm_mpu.c.obj)
                0x00000000000298dc                arm_core_mpu_configure_static_mpu_regions
 .text.arm_core_mpu_configure_dynamic_mpu_regions
                0x00000000000298f0       0x38 zephyr/arch/arch/arm/core/mpu/libarch__arm__core__mpu.a(arm_mpu.c.obj)
                0x00000000000298f0                arm_core_mpu_configure_dynamic_mpu_regions
 .text.z_arm_mpu_init
                0x0000000000029928      0x168 zephyr/arch/arch/arm/core/mpu/libarch__arm__core__mpu.a(arm_mpu.c.obj)
                0x0000000000029928                z_arm_mpu_init
 .text.z_impl_zephyr_fputc
                0x0000000000029a90       0x10 zephyr/lib/libc/picolibc/liblib__libc__picolibc.a(stdio.c.obj)
                0x0000000000029a90                z_impl_zephyr_fputc
 .text.__stdout_hook_install
                0x0000000000029aa0       0x18 zephyr/lib/libc/picolibc/liblib__libc__picolibc.a(stdio.c.obj)
                0x0000000000029aa0                __stdout_hook_install
 .text.malloc_prepare
                0x0000000000029ab8       0x24 zephyr/lib/libc/common/liblib__libc__common.a(malloc.c.obj)
 .text.net_buf_destroy
                0x0000000000029adc       0x38 zephyr/lib/net_buf/liblib__net_buf.a(buf.c.obj)
 .text.net_buf_pool_get
                0x0000000000029b14       0x10 zephyr/lib/net_buf/liblib__net_buf.a(buf.c.obj)
                0x0000000000029b14                net_buf_pool_get
 .text.net_buf_id
                0x0000000000029b24       0x20 zephyr/lib/net_buf/liblib__net_buf.a(buf.c.obj)
                0x0000000000029b24                net_buf_id
 .text.fixed_data_alloc
                0x0000000000029b44       0x24 zephyr/lib/net_buf/liblib__net_buf.a(buf.c.obj)
 .text.net_buf_alloc_len
                0x0000000000029b68       0xfc zephyr/lib/net_buf/liblib__net_buf.a(buf.c.obj)
                0x0000000000029b68                net_buf_alloc_len
 .text.net_buf_unref
                0x0000000000029c64       0x3c zephyr/lib/net_buf/liblib__net_buf.a(buf.c.obj)
                0x0000000000029c64                net_buf_unref
 .text.nordicsemi_nrf52_init
                0x0000000000029ca0       0x44 zephyr/soc/soc/nrf52840/libsoc__nordic.a(soc.c.obj)
 .text.arch_busy_wait
                0x0000000000029ce4       0x14 zephyr/soc/soc/nrf52840/libsoc__nordic.a(soc.c.obj)
                0x0000000000029ce4                arch_busy_wait
 .text.nonstd_request
                0x0000000000029cf8       0xa4 zephyr/subsys/usb/device_next/libsubsys__usb__device_next.a(usbd_ch9.c.obj)
 .text.usbd_handle_ctrl_xfer
                0x0000000000029d9c      0x914 zephyr/subsys/usb/device_next/libsubsys__usb__device_next.a(usbd_ch9.c.obj)
                0x0000000000029d9c                usbd_handle_ctrl_xfer
 .text.usbd_event_carrier
                0x000000000002a6b0       0x10 zephyr/subsys/usb/device_next/libsubsys__usb__device_next.a(usbd_core.c.obj)
 .text.usbd_thread
                0x000000000002a6c0      0x150 zephyr/subsys/usb/device_next/libsubsys__usb__device_next.a(usbd_core.c.obj)
 .text.usbd_pre_init
                0x000000000002a810       0xa4 zephyr/subsys/usb/device_next/libsubsys__usb__device_next.a(usbd_core.c.obj)
 .text.usbd_device_init_core
                0x000000000002a8b4       0x30 zephyr/subsys/usb/device_next/libsubsys__usb__device_next.a(usbd_core.c.obj)
                0x000000000002a8b4                usbd_device_init_core
 .text.usbd_class_node_get.part.0
                0x000000000002a8e4       0x2c zephyr/subsys/usb/device_next/libsubsys__usb__device_next.a(usbd_class.c.obj)
 .text.msg_work_handler
                0x000000000002a910       0x90 zephyr/subsys/usb/device_next/libsubsys__usb__device_next.a(usbd_msg.c.obj)
 .text.usbd_msg_pub
                0x000000000002a9a0       0x70 zephyr/subsys/usb/device_next/libsubsys__usb__device_next.a(usbd_msg.c.obj)
 .text.usbd_cdc_acm_ctd
                0x000000000002aa10       0x60 zephyr/subsys/usb/device_next/libsubsys__usb__device_next.a(usbd_cdc_acm.c.obj)
 .text.usbd_cdc_acm_cth
                0x000000000002aa70       0x48 zephyr/subsys/usb/device_next/libsubsys__usb__device_next.a(usbd_cdc_acm.c.obj)
 .text.cdc_acm_poll_out
                0x000000000002aab8       0x74 zephyr/subsys/usb/device_next/libsubsys__usb__device_next.a(usbd_cdc_acm.c.obj)
 .text.usbd_cdc_acm_preinit
                0x000000000002ab2c       0x4c zephyr/subsys/usb/device_next/libsubsys__usb__device_next.a(usbd_cdc_acm.c.obj)
 .text.uuid_to_uuid128
                0x000000000002ab78       0x78 zephyr/subsys/bluetooth/host/libsubsys__bluetooth__host.a(uuid.c.obj)
 .text.hci_rx_pool_destroy
                0x000000000002abf0       0x20 zephyr/subsys/bluetooth/host/libsubsys__bluetooth__host.a(buf.c.obj)
 .text.bt_buf_get_rx
                0x000000000002ac10       0x30 zephyr/subsys/bluetooth/host/libsubsys__bluetooth__host.a(buf.c.obj)
                0x000000000002ac10                bt_buf_get_rx
 .text.bt_buf_get_evt
                0x000000000002ac40       0x3c zephyr/subsys/bluetooth/host/libsubsys__bluetooth__host.a(buf.c.obj)
                0x000000000002ac40                bt_buf_get_evt
 .text.hci_disconn_complete_prio
                0x000000000002ac7c       0x4c zephyr/subsys/bluetooth/host/libsubsys__bluetooth__host.a(hci_core.c.obj)
 .text.find_pending_connect.part.0
                0x000000000002acc8       0x2c zephyr/subsys/bluetooth/host/libsubsys__bluetooth__host.a(hci_core.c.obj)
 .text.hci_vendor_event
                0x000000000002acf4       0x20 zephyr/subsys/bluetooth/host/libsubsys__bluetooth__host.a(hci_core.c.obj)
 .text.hci_le_meta_event
                0x000000000002ad14       0x20 zephyr/subsys/bluetooth/host/libsubsys__bluetooth__host.a(hci_core.c.obj)
 .text.hci_le_meta_prio_event
                0x000000000002ad34       0x20 zephyr/subsys/bluetooth/host/libsubsys__bluetooth__host.a(hci_core.c.obj)
 .text.hci_cmd_done
                0x000000000002ad54      0x100 zephyr/subsys/bluetooth/host/libsubsys__bluetooth__host.a(hci_core.c.obj)
 .text.bt_hci_recv
                0x000000000002ae54      0x118 zephyr/subsys/bluetooth/host/libsubsys__bluetooth__host.a(hci_core.c.obj)
                0x000000000002ae54                bt_hci_recv
 .text.rx_work_handler
                0x000000000002af6c       0xe8 zephyr/subsys/bluetooth/host/libsubsys__bluetooth__host.a(hci_core.c.obj)
 .text.hci_reset_complete
                0x000000000002b054       0x30 zephyr/subsys/bluetooth/host/libsubsys__bluetooth__host.a(hci_core.c.obj)
 .text.bt_hci_cmd_state_set_init
                0x000000000002b084       0x24 zephyr/subsys/bluetooth/host/libsubsys__bluetooth__host.a(hci_core.c.obj)
                0x000000000002b084                bt_hci_cmd_state_set_init
 .text.bt_hci_cmd_alloc
                0x000000000002b0a8       0x50 zephyr/subsys/bluetooth/host/libsubsys__bluetooth__host.a(hci_core.c.obj)
                0x000000000002b0a8                bt_hci_cmd_alloc
 .text.bt_send  0x000000000002b0f8       0x14 zephyr/subsys/bluetooth/host/libsubsys__bluetooth__host.a(hci_core.c.obj)
                0x000000000002b0f8                bt_send
 .text.bt_finalize_init
                0x000000000002b10c       0x18 zephyr/subsys/bluetooth/host/libsubsys__bluetooth__host.a(hci_core.c.obj)
                0x000000000002b10c                bt_finalize_init
 .text.bt_get_name
                0x000000000002b124        0x8 zephyr/subsys/bluetooth/host/libsubsys__bluetooth__host.a(hci_core.c.obj)
                0x000000000002b124                bt_get_name
 .text.bt_tx_irq_raise
                0x000000000002b12c        0xc zephyr/subsys/bluetooth/host/libsubsys__bluetooth__host.a(hci_core.c.obj)
                0x000000000002b12c                bt_tx_irq_raise
 .text.bt_hci_cmd_send
                0x000000000002b138       0x88 zephyr/subsys/bluetooth/host/libsubsys__bluetooth__host.a(hci_core.c.obj)
                0x000000000002b138                bt_hci_cmd_send
 .text.process_pending_cmd
                0x000000000002b1c0       0xb0 zephyr/subsys/bluetooth/host/libsubsys__bluetooth__host.a(hci_core.c.obj)
 .text.bt_hci_cmd_send_sync
                0x000000000002b270      0x174 zephyr/subsys/bluetooth/host/libsubsys__bluetooth__host.a(hci_core.c.obj)
                0x000000000002b270                bt_hci_cmd_send_sync
 .text.bt_init  0x000000000002b3e4      0x368 zephyr/subsys/bluetooth/host/libsubsys__bluetooth__host.a(hci_core.c.obj)
 .text.init_work
                0x000000000002b74c       0x18 zephyr/subsys/bluetooth/host/libsubsys__bluetooth__host.a(hci_core.c.obj)
 .text.bt_enable
                0x000000000002b764       0xb0 zephyr/subsys/bluetooth/host/libsubsys__bluetooth__host.a(hci_core.c.obj)
                0x000000000002b764                bt_enable
 .text.bt_hci_le_enh_conn_complete
                0x000000000002b814      0x148 zephyr/subsys/bluetooth/host/libsubsys__bluetooth__host.a(hci_core.c.obj)
                0x000000000002b814                bt_hci_le_enh_conn_complete
 .text.le_legacy_conn_complete
                0x000000000002b95c       0x80 zephyr/subsys/bluetooth/host/libsubsys__bluetooth__host.a(hci_core.c.obj)
 .text.hci_cmd_complete
                0x000000000002b9dc       0x3c zephyr/subsys/bluetooth/host/libsubsys__bluetooth__host.a(hci_core.c.obj)
 .text.hci_cmd_status
                0x000000000002ba18       0x30 zephyr/subsys/bluetooth/host/libsubsys__bluetooth__host.a(hci_core.c.obj)
 .text.bt_hci_evt_create
                0x000000000002ba48       0x50 zephyr/subsys/bluetooth/host/libsubsys__bluetooth__host.a(hci_common.c.obj)
                0x000000000002ba48                bt_hci_evt_create
 .text.id_find  0x000000000002ba98       0x30 zephyr/subsys/bluetooth/host/libsubsys__bluetooth__host.a(id.c.obj)
 .text.set_random_address
                0x000000000002bac8       0x58 zephyr/subsys/bluetooth/host/libsubsys__bluetooth__host.a(id.c.obj)
 .text.id_create.constprop.0
                0x000000000002bb20       0x74 zephyr/subsys/bluetooth/host/libsubsys__bluetooth__host.a(id.c.obj)
 .text.bt_id_adv_random_addr_check
                0x000000000002bb94       0x20 zephyr/subsys/bluetooth/host/libsubsys__bluetooth__host.a(id.c.obj)
                0x000000000002bb94                bt_id_adv_random_addr_check
 .text.bt_id_create
                0x000000000002bbb4       0x84 zephyr/subsys/bluetooth/host/libsubsys__bluetooth__host.a(id.c.obj)
                0x000000000002bbb4                bt_id_create
 .text.bt_id_read_public_addr
                0x000000000002bc38       0x6c zephyr/subsys/bluetooth/host/libsubsys__bluetooth__host.a(id.c.obj)
                0x000000000002bc38                bt_id_read_public_addr
 .text.bt_setup_public_id_addr
                0x000000000002bca4       0x20 zephyr/subsys/bluetooth/host/libsubsys__bluetooth__host.a(id.c.obj)
                0x000000000002bca4                bt_setup_public_id_addr
 .text.bt_setup_random_id_addr
                0x000000000002bcc4       0xac zephyr/subsys/bluetooth/host/libsubsys__bluetooth__host.a(id.c.obj)
                0x000000000002bcc4                bt_setup_random_id_addr
 .text.bt_id_set_scan_own_addr
                0x000000000002bd70       0x60 zephyr/subsys/bluetooth/host/libsubsys__bluetooth__host.a(id.c.obj)
                0x000000000002bd70                bt_id_set_scan_own_addr
 .text.bt_id_set_adv_own_addr
                0x000000000002bdd0      0x108 zephyr/subsys/bluetooth/host/libsubsys__bluetooth__host.a(id.c.obj)
                0x000000000002bdd0                bt_id_set_adv_own_addr
 .text.bt_id_init
                0x000000000002bed8       0x30 zephyr/subsys/bluetooth/host/libsubsys__bluetooth__host.a(id.c.obj)
                0x000000000002bed8                bt_id_init
 .text.valid_adv_param
                0x000000000002bf08       0x84 zephyr/subsys/bluetooth/host/libsubsys__bluetooth__host.a(adv.c.obj)
 .text.le_adv_update.constprop.0
                0x000000000002bf8c       0x58 zephyr/subsys/bluetooth/host/libsubsys__bluetooth__host.a(adv.c.obj)
 .text.le_adv_start_add_conn.constprop.0
                0x000000000002bfe4       0x6c zephyr/subsys/bluetooth/host/libsubsys__bluetooth__host.a(adv.c.obj)
 .text.bt_le_adv_lookup_legacy
                0x000000000002c050        0x8 zephyr/subsys/bluetooth/host/libsubsys__bluetooth__host.a(adv.c.obj)
                0x000000000002c050                bt_le_adv_lookup_legacy
 .text.bt_le_adv_start
                0x000000000002c058      0x24c zephyr/subsys/bluetooth/host/libsubsys__bluetooth__host.a(adv.c.obj)
                0x000000000002c058                bt_le_adv_start
 .text.bt_le_adv_stop
                0x000000000002c2a4       0x98 zephyr/subsys/bluetooth/host/libsubsys__bluetooth__host.a(adv.c.obj)
                0x000000000002c2a4                bt_le_adv_stop
 .text.cmd_le_set_scan_enable_legacy
                0x000000000002c33c       0x4c zephyr/subsys/bluetooth/host/libsubsys__bluetooth__host.a(scan.c.obj)
 .text.scan_check_if_state_allowed
                0x000000000002c388       0x3c zephyr/subsys/bluetooth/host/libsubsys__bluetooth__host.a(scan.c.obj)
 .text.atomic_clear_bit.constprop.0
                0x000000000002c3c4       0x30 zephyr/subsys/bluetooth/host/libsubsys__bluetooth__host.a(scan.c.obj)
 .text.scan_update
                0x000000000002c3f4      0x194 zephyr/subsys/bluetooth/host/libsubsys__bluetooth__host.a(scan.c.obj)
 .text.bt_scan_reset
                0x000000000002c588       0x30 zephyr/subsys/bluetooth/host/libsubsys__bluetooth__host.a(scan.c.obj)
                0x000000000002c588                bt_scan_reset
 .text.bt_le_scan_set_enable
                0x000000000002c5b8       0x18 zephyr/subsys/bluetooth/host/libsubsys__bluetooth__host.a(scan.c.obj)
                0x000000000002c5b8                bt_le_scan_set_enable
 .text.bt_le_scan_user_add
                0x000000000002c5d0       0x54 zephyr/subsys/bluetooth/host/libsubsys__bluetooth__host.a(scan.c.obj)
                0x000000000002c5d0                bt_le_scan_user_add
 .text.bt_hci_le_adv_report
                0x000000000002c624      0x1a0 zephyr/subsys/bluetooth/host/libsubsys__bluetooth__host.a(scan.c.obj)
                0x000000000002c624                bt_hci_le_adv_report
 .text.bt_le_scan_start
                0x000000000002c7c4       0xa0 zephyr/subsys/bluetooth/host/libsubsys__bluetooth__host.a(scan.c.obj)
                0x000000000002c7c4                bt_le_scan_start
 .text.notify_connected
                0x000000000002c864       0x40 zephyr/subsys/bluetooth/host/libsubsys__bluetooth__host.a(conn.c.obj)
 .text.frag_destroy
                0x000000000002c8a4       0x20 zephyr/subsys/bluetooth/host/libsubsys__bluetooth__host.a(conn.c.obj)
 .text.conn_tx_destroy
                0x000000000002c8c4       0x2c zephyr/subsys/bluetooth/host/libsubsys__bluetooth__host.a(conn.c.obj)
 .text.perform_auto_initiated_procedures
                0x000000000002c8f0       0x74 zephyr/subsys/bluetooth/host/libsubsys__bluetooth__host.a(conn.c.obj)
 .text.recycled_work_handler
                0x000000000002c964       0x54 zephyr/subsys/bluetooth/host/libsubsys__bluetooth__host.a(conn.c.obj)
 .text.tx_notify_process
                0x000000000002c9b8       0x60 zephyr/subsys/bluetooth/host/libsubsys__bluetooth__host.a(conn.c.obj)
 .text.bt_conn_get_pkts
                0x000000000002ca18       0x18 zephyr/subsys/bluetooth/host/libsubsys__bluetooth__host.a(conn.c.obj)
                0x000000000002ca18                bt_conn_get_pkts
 .text.bt_conn_tx_notify
                0x000000000002ca30       0x48 zephyr/subsys/bluetooth/host/libsubsys__bluetooth__host.a(conn.c.obj)
                0x000000000002ca30                bt_conn_tx_notify
 .text.bt_conn_new
                0x000000000002ca78       0x64 zephyr/subsys/bluetooth/host/libsubsys__bluetooth__host.a(conn.c.obj)
                0x000000000002ca78                bt_conn_new
 .text.bt_conn_unref
                0x000000000002cadc       0x38 zephyr/subsys/bluetooth/host/libsubsys__bluetooth__host.a(conn.c.obj)
                0x000000000002cadc                bt_conn_unref
 .text.bt_conn_data_ready
                0x000000000002cb14       0x54 zephyr/subsys/bluetooth/host/libsubsys__bluetooth__host.a(conn.c.obj)
                0x000000000002cb14                bt_conn_data_ready
 .text.bt_conn_set_state
                0x000000000002cb68       0xe8 zephyr/subsys/bluetooth/host/libsubsys__bluetooth__host.a(conn.c.obj)
                0x000000000002cb68                bt_conn_set_state
 .text.bt_conn_foreach
                0x000000000002cc50       0x30 zephyr/subsys/bluetooth/host/libsubsys__bluetooth__host.a(conn.c.obj)
                0x000000000002cc50                bt_conn_foreach
 .text.auto_initiated_procedures
                0x000000000002cc80       0x10 zephyr/subsys/bluetooth/host/libsubsys__bluetooth__host.a(conn.c.obj)
 .text.bt_conn_lookup_handle
                0x000000000002cc90       0x38 zephyr/subsys/bluetooth/host/libsubsys__bluetooth__host.a(conn.c.obj)
                0x000000000002cc90                bt_conn_lookup_handle
 .text.bt_conn_index
                0x000000000002ccc8       0x18 zephyr/subsys/bluetooth/host/libsubsys__bluetooth__host.a(conn.c.obj)
                0x000000000002ccc8                bt_conn_index
 .text.bt_conn_create_pdu_timeout
                0x000000000002cce0       0x4c zephyr/subsys/bluetooth/host/libsubsys__bluetooth__host.a(conn.c.obj)
                0x000000000002cce0                bt_conn_create_pdu_timeout
 .text.bt_conn_connected
                0x000000000002cd2c       0x20 zephyr/subsys/bluetooth/host/libsubsys__bluetooth__host.a(conn.c.obj)
                0x000000000002cd2c                bt_conn_connected
 .text.bt_conn_tx_processor
                0x000000000002cd4c      0x2d4 zephyr/subsys/bluetooth/host/libsubsys__bluetooth__host.a(conn.c.obj)
                0x000000000002cd4c                bt_conn_tx_processor
 .text.bt_conn_notify_le_param_updated
                0x000000000002d020       0x9c zephyr/subsys/bluetooth/host/libsubsys__bluetooth__host.a(conn.c.obj)
                0x000000000002d020                bt_conn_notify_le_param_updated
 .text.bt_conn_le_param_req
                0x000000000002d0bc       0x78 zephyr/subsys/bluetooth/host/libsubsys__bluetooth__host.a(conn.c.obj)
                0x000000000002d0bc                bt_conn_le_param_req
 .text.bt_conn_add_le
                0x000000000002d134       0x54 zephyr/subsys/bluetooth/host/libsubsys__bluetooth__host.a(conn.c.obj)
                0x000000000002d134                bt_conn_add_le
 .text.bt_conn_lookup_addr_le
                0x000000000002d188       0x34 zephyr/subsys/bluetooth/host/libsubsys__bluetooth__host.a(conn.c.obj)
                0x000000000002d188                bt_conn_lookup_addr_le
 .text.bt_conn_lookup_state_le
                0x000000000002d1bc       0x44 zephyr/subsys/bluetooth/host/libsubsys__bluetooth__host.a(conn.c.obj)
                0x000000000002d1bc                bt_conn_lookup_state_le
 .text.send_conn_le_param_update
                0x000000000002d200       0x6c zephyr/subsys/bluetooth/host/libsubsys__bluetooth__host.a(conn.c.obj)
 .text.deferred_work
                0x000000000002d26c       0xfc zephyr/subsys/bluetooth/host/libsubsys__bluetooth__host.a(conn.c.obj)
 .text.bt_conn_init
                0x000000000002d368       0x44 zephyr/subsys/bluetooth/host/libsubsys__bluetooth__host.a(conn.c.obj)
                0x000000000002d368                bt_conn_init
 .text.l2cap_accept
                0x000000000002d3ac       0x1c zephyr/subsys/bluetooth/host/libsubsys__bluetooth__host.a(l2cap.c.obj)
 .text.bt_l2cap_create_pdu_timeout
                0x000000000002d3c8       0x34 zephyr/subsys/bluetooth/host/libsubsys__bluetooth__host.a(l2cap.c.obj)
                0x000000000002d3c8                bt_l2cap_create_pdu_timeout
 .text.l2cap_data_pull
                0x000000000002d3fc       0xdc zephyr/subsys/bluetooth/host/libsubsys__bluetooth__host.a(l2cap.c.obj)
                0x000000000002d3fc                l2cap_data_pull
 .text.bt_l2cap_connected
                0x000000000002d4d8       0xac zephyr/subsys/bluetooth/host/libsubsys__bluetooth__host.a(l2cap.c.obj)
                0x000000000002d4d8                bt_l2cap_connected
 .text.bt_l2cap_update_conn_param
                0x000000000002d584       0x50 zephyr/subsys/bluetooth/host/libsubsys__bluetooth__host.a(l2cap.c.obj)
                0x000000000002d584                bt_l2cap_update_conn_param
 .text.att_op_get_type
                0x000000000002d5d4       0x74 zephyr/subsys/bluetooth/host/libsubsys__bluetooth__host.a(att.c.obj)
 .text.bt_att_chan_create_pdu
                0x000000000002d648       0x94 zephyr/subsys/bluetooth/host/libsubsys__bluetooth__host.a(att.c.obj)
 .text.bt_att_released
                0x000000000002d6dc        0xc zephyr/subsys/bluetooth/host/libsubsys__bluetooth__host.a(att.c.obj)
 .text.att_create_rsp_pdu
                0x000000000002d6e8       0x48 zephyr/subsys/bluetooth/host/libsubsys__bluetooth__host.a(att.c.obj)
 .text.bt_addr_le_to_str.constprop.0.isra.0
                0x000000000002d730       0x78 zephyr/subsys/bluetooth/host/libsubsys__bluetooth__host.a(att.c.obj)
 .text.read_group_cb
                0x000000000002d7a8       0xb8 zephyr/subsys/bluetooth/host/libsubsys__bluetooth__host.a(att.c.obj)
 .text.bt_att_connected
                0x000000000002d860       0x40 zephyr/subsys/bluetooth/host/libsubsys__bluetooth__host.a(att.c.obj)
 .text.read_type_cb
                0x000000000002d8a0       0xc0 zephyr/subsys/bluetooth/host/libsubsys__bluetooth__host.a(att.c.obj)
 .text.bt_att_accept
                0x000000000002d960       0xcc zephyr/subsys/bluetooth/host/libsubsys__bluetooth__host.a(att.c.obj)
 .text.chan_send
                0x000000000002da2c       0xac zephyr/subsys/bluetooth/host/libsubsys__bluetooth__host.a(att.c.obj)
 .text.att_tx_destroy
                0x000000000002dad8       0xdc zephyr/subsys/bluetooth/host/libsubsys__bluetooth__host.a(att.c.obj)
 .text.bt_att_recv
                0x000000000002dbb4       0x8c zephyr/subsys/bluetooth/host/libsubsys__bluetooth__host.a(att.c.obj)
 .text.att_read_group_req
                0x000000000002dc40       0xf0 zephyr/subsys/bluetooth/host/libsubsys__bluetooth__host.a(att.c.obj)
 .text.att_read_mult_vl_req
                0x000000000002dd30       0x9c zephyr/subsys/bluetooth/host/libsubsys__bluetooth__host.a(att.c.obj)
 .text.att_read_mult_req
                0x000000000002ddcc       0x9c zephyr/subsys/bluetooth/host/libsubsys__bluetooth__host.a(att.c.obj)
 .text.att_read_rsp
                0x000000000002de68       0x90 zephyr/subsys/bluetooth/host/libsubsys__bluetooth__host.a(att.c.obj)
 .text.att_read_type_req
                0x000000000002def8      0x114 zephyr/subsys/bluetooth/host/libsubsys__bluetooth__host.a(att.c.obj)
 .text.att_find_type_req
                0x000000000002e00c       0xc0 zephyr/subsys/bluetooth/host/libsubsys__bluetooth__host.a(att.c.obj)
 .text.att_find_info_req
                0x000000000002e0cc       0x6c zephyr/subsys/bluetooth/host/libsubsys__bluetooth__host.a(att.c.obj)
 .text.att_write_rsp.constprop.0
                0x000000000002e138       0xc0 zephyr/subsys/bluetooth/host/libsubsys__bluetooth__host.a(att.c.obj)
 .text.bt_att_req_alloc
                0x000000000002e1f8       0x5c zephyr/subsys/bluetooth/host/libsubsys__bluetooth__host.a(att.c.obj)
                0x000000000002e1f8                bt_att_req_alloc
 .text.bt_att_req_free
                0x000000000002e254       0x20 zephyr/subsys/bluetooth/host/libsubsys__bluetooth__host.a(att.c.obj)
                0x000000000002e254                bt_att_req_free
 .text.att_handle_rsp
                0x000000000002e274       0x74 zephyr/subsys/bluetooth/host/libsubsys__bluetooth__host.a(att.c.obj)
 .text.att_error_rsp
                0x000000000002e2e8       0x24 zephyr/subsys/bluetooth/host/libsubsys__bluetooth__host.a(att.c.obj)
 .text.bt_att_disconnected
                0x000000000002e30c       0xc8 zephyr/subsys/bluetooth/host/libsubsys__bluetooth__host.a(att.c.obj)
 .text.bt_att_req_cancel
                0x000000000002e3d4       0x58 zephyr/subsys/bluetooth/host/libsubsys__bluetooth__host.a(att.c.obj)
                0x000000000002e3d4                bt_att_req_cancel
 .text.bt_att_set_tx_meta_data
                0x000000000002e42c       0x24 zephyr/subsys/bluetooth/host/libsubsys__bluetooth__host.a(att.c.obj)
                0x000000000002e42c                bt_att_set_tx_meta_data
 .text.find_sc_cfg
                0x000000000002e450       0x24 zephyr/subsys/bluetooth/host/libsubsys__bluetooth__host.a(gatt.c.obj)
 .text.gatt_sub_remove
                0x000000000002e474       0x48 zephyr/subsys/bluetooth/host/libsubsys__bluetooth__host.a(gatt.c.obj)
 .text.find_ccc_cfg
                0x000000000002e4bc       0x28 zephyr/subsys/bluetooth/host/libsubsys__bluetooth__host.a(gatt.c.obj)
 .text.gatt_sub_find
                0x000000000002e4e4       0x30 zephyr/subsys/bluetooth/host/libsubsys__bluetooth__host.a(gatt.c.obj)
 .text.bt_gatt_attr_write_ccc
                0x000000000002e514       0xa8 zephyr/subsys/bluetooth/host/libsubsys__bluetooth__host.a(gatt.c.obj)
                0x000000000002e514                bt_gatt_attr_write_ccc
 .text.read_ppcp
                0x000000000002e5bc       0x28 zephyr/subsys/bluetooth/host/libsubsys__bluetooth__host.a(gatt.c.obj)
 .text.sc_save  0x000000000002e5e4       0x48 zephyr/subsys/bluetooth/host/libsubsys__bluetooth__host.a(gatt.c.obj)
 .text.gatt_write_ccc
                0x000000000002e62c       0x30 zephyr/subsys/bluetooth/host/libsubsys__bluetooth__host.a(gatt.c.obj)
 .text.disconnected_cb
                0x000000000002e65c       0xa0 zephyr/subsys/bluetooth/host/libsubsys__bluetooth__host.a(gatt.c.obj)
 .text.sc_indicate_rsp
                0x000000000002e6fc       0x38 zephyr/subsys/bluetooth/host/libsubsys__bluetooth__host.a(gatt.c.obj)
 .text.bt_gatt_init
                0x000000000002e734       0x5c zephyr/subsys/bluetooth/host/libsubsys__bluetooth__host.a(gatt.c.obj)
                0x000000000002e734                bt_gatt_init
 .text.bt_gatt_attr_get_handle
                0x000000000002e790       0x60 zephyr/subsys/bluetooth/host/libsubsys__bluetooth__host.a(gatt.c.obj)
                0x000000000002e790                bt_gatt_attr_get_handle
 .text.bt_gatt_foreach_attr_type
                0x000000000002e7f0       0xb4 zephyr/subsys/bluetooth/host/libsubsys__bluetooth__host.a(gatt.c.obj)
                0x000000000002e7f0                bt_gatt_foreach_attr_type
 .text.bt_gatt_attr_next
                0x000000000002e8a4       0x24 zephyr/subsys/bluetooth/host/libsubsys__bluetooth__host.a(gatt.c.obj)
                0x000000000002e8a4                bt_gatt_attr_next
 .text.gatt_indicate
                0x000000000002e8c8       0xa0 zephyr/subsys/bluetooth/host/libsubsys__bluetooth__host.a(gatt.c.obj)
 .text.bt_gatt_indicate
                0x000000000002e968       0xf4 zephyr/subsys/bluetooth/host/libsubsys__bluetooth__host.a(gatt.c.obj)
                0x000000000002e968                bt_gatt_indicate
 .text.sc_process
                0x000000000002ea5c       0x68 zephyr/subsys/bluetooth/host/libsubsys__bluetooth__host.a(gatt.c.obj)
 .text.update_ccc
                0x000000000002eac4       0xb8 zephyr/subsys/bluetooth/host/libsubsys__bluetooth__host.a(gatt.c.obj)
 .text.bt_gatt_notify_cb
                0x000000000002eb7c       0xec zephyr/subsys/bluetooth/host/libsubsys__bluetooth__host.a(gatt.c.obj)
                0x000000000002eb7c                bt_gatt_notify_cb
 .text.notify_cb
                0x000000000002ec68      0x100 zephyr/subsys/bluetooth/host/libsubsys__bluetooth__host.a(gatt.c.obj)
 .text.bt_gatt_exchange_mtu
                0x000000000002ed68       0x60 zephyr/subsys/bluetooth/host/libsubsys__bluetooth__host.a(gatt.c.obj)
                0x000000000002ed68                bt_gatt_exchange_mtu
 .text.bt_gatt_read
                0x000000000002edc8       0x8c zephyr/subsys/bluetooth/host/libsubsys__bluetooth__host.a(gatt.c.obj)
                0x000000000002edc8                bt_gatt_read
 .text.bt_gatt_unsubscribe
                0x000000000002ee54       0xe0 zephyr/subsys/bluetooth/host/libsubsys__bluetooth__host.a(gatt.c.obj)
                0x000000000002ee54                bt_gatt_unsubscribe
 .text.bt_gatt_connected
                0x000000000002ef34       0x20 zephyr/subsys/bluetooth/host/libsubsys__bluetooth__host.a(gatt.c.obj)
                0x000000000002ef34                bt_gatt_connected
 .text.bt_gatt_att_max_mtu_changed
                0x000000000002ef54       0x28 zephyr/subsys/bluetooth/host/libsubsys__bluetooth__host.a(gatt.c.obj)
                0x000000000002ef54                bt_gatt_att_max_mtu_changed
 .text.bt_gatt_disconnected
                0x000000000002ef7c       0xa8 zephyr/subsys/bluetooth/host/libsubsys__bluetooth__host.a(gatt.c.obj)
                0x000000000002ef7c                bt_gatt_disconnected
 .text.bt_gatt_req_set_mtu
                0x000000000002f024       0x14 zephyr/subsys/bluetooth/host/libsubsys__bluetooth__host.a(gatt.c.obj)
                0x000000000002f024                bt_gatt_req_set_mtu
 .text.bt_smp_accept
                0x000000000002f038       0x1c zephyr/subsys/bluetooth/host/libsubsys__bluetooth__host.a(smp_null.c.obj)
 .text.bt_nus_inst_default
                0x000000000002f054        0x8 zephyr/subsys/bluetooth/services/nus/libsubsys__bluetooth__services__nus.a(nus_inst.c.obj)
                0x000000000002f054                bt_nus_inst_default
 .text.bt_nus_inst_get_from_attr
                0x000000000002f05c       0x38 zephyr/subsys/bluetooth/services/nus/libsubsys__bluetooth__services__nus.a(nus_inst.c.obj)
                0x000000000002f05c                bt_nus_inst_get_from_attr
 .text.mem_init
                0x000000000002f094       0x48 zephyr/subsys/bluetooth/controller/libsubsys__bluetooth__controller.a(mem.c.obj)
                0x000000000002f094                mem_init
 .text.mem_acquire
                0x000000000002f0dc       0x2c zephyr/subsys/bluetooth/controller/libsubsys__bluetooth__controller.a(mem.c.obj)
                0x000000000002f0dc                mem_acquire
 .text.mem_release
                0x000000000002f108       0x28 zephyr/subsys/bluetooth/controller/libsubsys__bluetooth__controller.a(mem.c.obj)
                0x000000000002f108                mem_release
 .text.mem_get  0x000000000002f130        0x8 zephyr/subsys/bluetooth/controller/libsubsys__bluetooth__controller.a(mem.c.obj)
                0x000000000002f130                mem_get
 .text.mem_index_get
                0x000000000002f138        0xc zephyr/subsys/bluetooth/controller/libsubsys__bluetooth__controller.a(mem.c.obj)
                0x000000000002f138                mem_index_get
 .text.mem_rcopy
                0x000000000002f144       0x1c zephyr/subsys/bluetooth/controller/libsubsys__bluetooth__controller.a(mem.c.obj)
                0x000000000002f144                mem_rcopy
 .text.mem_nz   0x000000000002f160       0x18 zephyr/subsys/bluetooth/controller/libsubsys__bluetooth__controller.a(mem.c.obj)
                0x000000000002f160                mem_nz
 .text.memq_init
                0x000000000002f178        0x8 zephyr/subsys/bluetooth/controller/libsubsys__bluetooth__controller.a(memq.c.obj)
                0x000000000002f178                memq_init
 .text.memq_deinit
                0x000000000002f180       0x14 zephyr/subsys/bluetooth/controller/libsubsys__bluetooth__controller.a(memq.c.obj)
                0x000000000002f180                memq_deinit
 .text.memq_enqueue
                0x000000000002f194       0x14 zephyr/subsys/bluetooth/controller/libsubsys__bluetooth__controller.a(memq.c.obj)
                0x000000000002f194                memq_enqueue
 .text.memq_peek
                0x000000000002f1a8       0x10 zephyr/subsys/bluetooth/controller/libsubsys__bluetooth__controller.a(memq.c.obj)
                0x000000000002f1a8                memq_peek
 .text.memq_dequeue
                0x000000000002f1b8       0x20 zephyr/subsys/bluetooth/controller/libsubsys__bluetooth__controller.a(memq.c.obj)
                0x000000000002f1b8                memq_dequeue
 .text.mayfly_init
                0x000000000002f1d8       0x40 zephyr/subsys/bluetooth/controller/libsubsys__bluetooth__controller.a(mayfly.c.obj)
                0x000000000002f1d8                mayfly_init
 .text.mayfly_enable
                0x000000000002f218       0x68 zephyr/subsys/bluetooth/controller/libsubsys__bluetooth__controller.a(mayfly.c.obj)
                0x000000000002f218                mayfly_enable
 .text.mayfly_enqueue
                0x000000000002f280       0xbc zephyr/subsys/bluetooth/controller/libsubsys__bluetooth__controller.a(mayfly.c.obj)
                0x000000000002f280                mayfly_enqueue
 .text.mayfly_run
                0x000000000002f33c      0x174 zephyr/subsys/bluetooth/controller/libsubsys__bluetooth__controller.a(mayfly.c.obj)
                0x000000000002f33c                mayfly_run
 .text.util_ones_count_get
                0x000000000002f4b0       0x28 zephyr/subsys/bluetooth/controller/libsubsys__bluetooth__controller.a(util.c.obj)
                0x000000000002f4b0                util_ones_count_get
 .text.ticker_dequeue
                0x000000000002f4d8       0x74 zephyr/subsys/bluetooth/controller/libsubsys__bluetooth__controller.a(ticker.c.obj)
 .text.ticks_to_expire_prep
                0x000000000002f54c       0x48 zephyr/subsys/bluetooth/controller/libsubsys__bluetooth__controller.a(ticker.c.obj)
 .text.start_us.constprop.0
                0x000000000002f594       0xac zephyr/subsys/bluetooth/controller/libsubsys__bluetooth__controller.a(ticker.c.obj)
 .text.ticker_job_list_insert
                0x000000000002f640      0x218 zephyr/subsys/bluetooth/controller/libsubsys__bluetooth__controller.a(ticker.c.obj)
 .text.ticker_worker
                0x000000000002f858      0x390 zephyr/subsys/bluetooth/controller/libsubsys__bluetooth__controller.a(ticker.c.obj)
                0x000000000002f858                ticker_worker
 .text.ticker_job
                0x000000000002fbe8      0x988 zephyr/subsys/bluetooth/controller/libsubsys__bluetooth__controller.a(ticker.c.obj)
                0x000000000002fbe8                ticker_job
 .text.ticker_init
                0x0000000000030570       0x64 zephyr/subsys/bluetooth/controller/libsubsys__bluetooth__controller.a(ticker.c.obj)
                0x0000000000030570                ticker_init
 .text.ticker_deinit
                0x00000000000305d4       0x20 zephyr/subsys/bluetooth/controller/libsubsys__bluetooth__controller.a(ticker.c.obj)
                0x00000000000305d4                ticker_deinit
 .text.ticker_trigger
                0x00000000000305f4       0x30 zephyr/subsys/bluetooth/controller/libsubsys__bluetooth__controller.a(ticker.c.obj)
                0x00000000000305f4                ticker_trigger
 .text.ticker_start
                0x0000000000030624       0x38 zephyr/subsys/bluetooth/controller/libsubsys__bluetooth__controller.a(ticker.c.obj)
                0x0000000000030624                ticker_start
 .text.ticker_start_ext
                0x000000000003065c       0x10 zephyr/subsys/bluetooth/controller/libsubsys__bluetooth__controller.a(ticker.c.obj)
                0x000000000003065c                ticker_start_ext
 .text.ticker_update_ext
                0x000000000003066c       0xb0 zephyr/subsys/bluetooth/controller/libsubsys__bluetooth__controller.a(ticker.c.obj)
                0x000000000003066c                ticker_update_ext
 .text.ticker_update
                0x000000000003071c       0x30 zephyr/subsys/bluetooth/controller/libsubsys__bluetooth__controller.a(ticker.c.obj)
                0x000000000003071c                ticker_update
 .text.ticker_stop
                0x000000000003074c       0x84 zephyr/subsys/bluetooth/controller/libsubsys__bluetooth__controller.a(ticker.c.obj)
                0x000000000003074c                ticker_stop
 .text.ticker_stop_abs
                0x00000000000307d0       0x88 zephyr/subsys/bluetooth/controller/libsubsys__bluetooth__controller.a(ticker.c.obj)
                0x00000000000307d0                ticker_stop_abs
 .text.ticker_ticks_now_get
                0x0000000000030858        0x4 zephyr/subsys/bluetooth/controller/libsubsys__bluetooth__controller.a(ticker.c.obj)
                0x0000000000030858                ticker_ticks_now_get
 .text.ticker_ticks_diff_get
                0x000000000003085c        0x8 zephyr/subsys/bluetooth/controller/libsubsys__bluetooth__controller.a(ticker.c.obj)
                0x000000000003085c                ticker_ticks_diff_get
 .text.ll_feat_get
                0x0000000000030864        0xc zephyr/subsys/bluetooth/controller/libsubsys__bluetooth__controller.a(ll_feat.c.obj)
                0x0000000000030864                ll_feat_get
 .text.ll_tx_pwr_lvl_get
                0x0000000000030870       0x20 zephyr/subsys/bluetooth/controller/libsubsys__bluetooth__controller.a(ll_tx_pwr.c.obj)
                0x0000000000030870                ll_tx_pwr_lvl_get
 .text.ll_tx_pwr_get
                0x0000000000030890        0x8 zephyr/subsys/bluetooth/controller/libsubsys__bluetooth__controller.a(ll_tx_pwr.c.obj)
                0x0000000000030890                ll_tx_pwr_get
 .text.ll_addr_set
                0x0000000000030898       0x44 zephyr/subsys/bluetooth/controller/libsubsys__bluetooth__controller.a(ll_addr.c.obj)
                0x0000000000030898                ll_addr_set
 .text.ll_addr_get
                0x00000000000308dc       0x20 zephyr/subsys/bluetooth/controller/libsubsys__bluetooth__controller.a(ll_addr.c.obj)
                0x00000000000308dc                ll_addr_get
 .text.ll_addr_read
                0x00000000000308fc       0x28 zephyr/subsys/bluetooth/controller/libsubsys__bluetooth__controller.a(ll_addr.c.obj)
                0x00000000000308fc                ll_addr_read
 .text.perform_lll_reset
                0x0000000000030924       0x50 zephyr/subsys/bluetooth/controller/libsubsys__bluetooth__controller.a(ull.c.obj)
 .text.ull_ticker_status_give
                0x0000000000030974        0xc zephyr/subsys/bluetooth/controller/libsubsys__bluetooth__controller.a(ull.c.obj)
                0x0000000000030974                ull_ticker_status_give
 .text.disabled_cb
                0x0000000000030980        0x4 zephyr/subsys/bluetooth/controller/libsubsys__bluetooth__controller.a(ull.c.obj)
 .text.tx_cmplt_get
                0x0000000000030984       0xb4 zephyr/subsys/bluetooth/controller/libsubsys__bluetooth__controller.a(ull.c.obj)
 .text.rx_replenish
                0x0000000000030a38       0xf8 zephyr/subsys/bluetooth/controller/libsubsys__bluetooth__controller.a(ull.c.obj)
 .text.init_reset
                0x0000000000030b30       0xf0 zephyr/subsys/bluetooth/controller/libsubsys__bluetooth__controller.a(ull.c.obj)
 .text.rx_demux
                0x0000000000030c20      0x208 zephyr/subsys/bluetooth/controller/libsubsys__bluetooth__controller.a(ull.c.obj)
 .text.ll_init  0x0000000000030e28       0xc4 zephyr/subsys/bluetooth/controller/libsubsys__bluetooth__controller.a(ull.c.obj)
                0x0000000000030e28                ll_init
 .text.ll_reset
                0x0000000000030eec       0xb4 zephyr/subsys/bluetooth/controller/libsubsys__bluetooth__controller.a(ull.c.obj)
                0x0000000000030eec                ll_reset
 .text.ll_deinit
                0x0000000000030fa0       0x18 zephyr/subsys/bluetooth/controller/libsubsys__bluetooth__controller.a(ull.c.obj)
                0x0000000000030fa0                ll_deinit
 .text.ll_rx_get
                0x0000000000030fb8       0xcc zephyr/subsys/bluetooth/controller/libsubsys__bluetooth__controller.a(ull.c.obj)
                0x0000000000030fb8                ll_rx_get
 .text.ll_rx_dequeue
                0x0000000000031084       0xbc zephyr/subsys/bluetooth/controller/libsubsys__bluetooth__controller.a(ull.c.obj)
                0x0000000000031084                ll_rx_dequeue
 .text.ll_rx_mem_release
                0x0000000000031140       0xe4 zephyr/subsys/bluetooth/controller/libsubsys__bluetooth__controller.a(ull.c.obj)
                0x0000000000031140                ll_rx_mem_release
 .text.ll_rx_link_alloc
                0x0000000000031224        0xc zephyr/subsys/bluetooth/controller/libsubsys__bluetooth__controller.a(ull.c.obj)
                0x0000000000031224                ll_rx_link_alloc
 .text.ll_rx_link_release
                0x0000000000031230        0xc zephyr/subsys/bluetooth/controller/libsubsys__bluetooth__controller.a(ull.c.obj)
                0x0000000000031230                ll_rx_link_release
 .text.ll_rx_alloc
                0x000000000003123c        0xc zephyr/subsys/bluetooth/controller/libsubsys__bluetooth__controller.a(ull.c.obj)
                0x000000000003123c                ll_rx_alloc
 .text.ll_rx_release
                0x0000000000031248        0xc zephyr/subsys/bluetooth/controller/libsubsys__bluetooth__controller.a(ull.c.obj)
                0x0000000000031248                ll_rx_release
 .text.ll_rx_put
                0x0000000000031254       0x18 zephyr/subsys/bluetooth/controller/libsubsys__bluetooth__controller.a(ull.c.obj)
                0x0000000000031254                ll_rx_put
 .text.ll_rx_put_sched
                0x000000000003126c       0x28 zephyr/subsys/bluetooth/controller/libsubsys__bluetooth__controller.a(ull.c.obj)
                0x000000000003126c                ll_rx_put_sched
 .text.ll_pdu_rx_alloc_peek
                0x0000000000031294       0x34 zephyr/subsys/bluetooth/controller/libsubsys__bluetooth__controller.a(ull.c.obj)
                0x0000000000031294                ll_pdu_rx_alloc_peek
 .text.ll_pdu_rx_alloc
                0x00000000000312c8       0x24 zephyr/subsys/bluetooth/controller/libsubsys__bluetooth__controller.a(ull.c.obj)
                0x00000000000312c8                ll_pdu_rx_alloc
 .text.ll_tx_ack_put
                0x00000000000312ec       0x3c zephyr/subsys/bluetooth/controller/libsubsys__bluetooth__controller.a(ull.c.obj)
                0x00000000000312ec                ll_tx_ack_put
 .text.ull_ticker_status_take
                0x0000000000031328       0x24 zephyr/subsys/bluetooth/controller/libsubsys__bluetooth__controller.a(ull.c.obj)
                0x0000000000031328                ull_ticker_status_take
 .text.ull_disable_mark
                0x000000000003134c       0x18 zephyr/subsys/bluetooth/controller/libsubsys__bluetooth__controller.a(ull.c.obj)
                0x000000000003134c                ull_disable_mark
 .text.ull_disable_unmark
                0x0000000000031364       0x18 zephyr/subsys/bluetooth/controller/libsubsys__bluetooth__controller.a(ull.c.obj)
                0x0000000000031364                ull_disable_unmark
 .text.ull_disable_mark_get
                0x000000000003137c        0xc zephyr/subsys/bluetooth/controller/libsubsys__bluetooth__controller.a(ull.c.obj)
                0x000000000003137c                ull_disable_mark_get
 .text.ull_update_mark
                0x0000000000031388       0x18 zephyr/subsys/bluetooth/controller/libsubsys__bluetooth__controller.a(ull.c.obj)
                0x0000000000031388                ull_update_mark
 .text.ull_update_unmark
                0x00000000000313a0       0x18 zephyr/subsys/bluetooth/controller/libsubsys__bluetooth__controller.a(ull.c.obj)
                0x00000000000313a0                ull_update_unmark
 .text.ull_update_mark_get
                0x00000000000313b8        0xc zephyr/subsys/bluetooth/controller/libsubsys__bluetooth__controller.a(ull.c.obj)
                0x00000000000313b8                ull_update_mark_get
 .text.ull_disable
                0x00000000000313c4       0x54 zephyr/subsys/bluetooth/controller/libsubsys__bluetooth__controller.a(ull.c.obj)
                0x00000000000313c4                ull_disable
 .text.ull_ticker_stop_with_mark
                0x0000000000031418       0xa4 zephyr/subsys/bluetooth/controller/libsubsys__bluetooth__controller.a(ull.c.obj)
                0x0000000000031418                ull_ticker_stop_with_mark
 .text.ull_pdu_rx_alloc_peek
                0x00000000000314bc       0x34 zephyr/subsys/bluetooth/controller/libsubsys__bluetooth__controller.a(ull.c.obj)
                0x00000000000314bc                ull_pdu_rx_alloc_peek
 .text.ull_pdu_rx_alloc
                0x00000000000314f0       0x24 zephyr/subsys/bluetooth/controller/libsubsys__bluetooth__controller.a(ull.c.obj)
                0x00000000000314f0                ull_pdu_rx_alloc
 .text.ull_rx_put
                0x0000000000031514       0x20 zephyr/subsys/bluetooth/controller/libsubsys__bluetooth__controller.a(ull.c.obj)
                0x0000000000031514                ull_rx_put
 .text.ull_rx_sched
                0x0000000000031534       0x10 zephyr/subsys/bluetooth/controller/libsubsys__bluetooth__controller.a(ull.c.obj)
                0x0000000000031534                ull_rx_sched
 .text.ull_rx_put_sched
                0x0000000000031544       0x30 zephyr/subsys/bluetooth/controller/libsubsys__bluetooth__controller.a(ull.c.obj)
                0x0000000000031544                ull_rx_put_sched
 .text.ull_prepare_enqueue
                0x0000000000031574       0x74 zephyr/subsys/bluetooth/controller/libsubsys__bluetooth__controller.a(ull.c.obj)
                0x0000000000031574                ull_prepare_enqueue
 .text.ull_prepare_dequeue_get
                0x00000000000315e8       0x1c zephyr/subsys/bluetooth/controller/libsubsys__bluetooth__controller.a(ull.c.obj)
                0x00000000000315e8                ull_prepare_dequeue_get
 .text.ull_prepare_dequeue_iter
                0x0000000000031604       0x34 zephyr/subsys/bluetooth/controller/libsubsys__bluetooth__controller.a(ull.c.obj)
                0x0000000000031604                ull_prepare_dequeue_iter
 .text.ull_prepare_dequeue
                0x0000000000031638      0x104 zephyr/subsys/bluetooth/controller/libsubsys__bluetooth__controller.a(ull.c.obj)
                0x0000000000031638                ull_prepare_dequeue
 .text.ull_event_done_extra_get
                0x000000000003173c       0x1c zephyr/subsys/bluetooth/controller/libsubsys__bluetooth__controller.a(ull.c.obj)
                0x000000000003173c                ull_event_done_extra_get
 .text.ull_event_done
                0x0000000000031758       0x5c zephyr/subsys/bluetooth/controller/libsubsys__bluetooth__controller.a(ull.c.obj)
                0x0000000000031758                ull_event_done
 .text.lll_prepare
                0x00000000000317b4       0x1c zephyr/subsys/bluetooth/controller/libsubsys__bluetooth__controller.a(lll_common.c.obj)
                0x00000000000317b4                lll_prepare
 .text.lll_resume
                0x00000000000317d0       0x28 zephyr/subsys/bluetooth/controller/libsubsys__bluetooth__controller.a(lll_common.c.obj)
                0x00000000000317d0                lll_resume
 .text.bt_recv_prio
                0x00000000000317f8       0x20 zephyr/subsys/bluetooth/controller/libsubsys__bluetooth__controller.a(hci_driver.c.obj)
 .text.hci_driver_send
                0x0000000000031818       0x88 zephyr/subsys/bluetooth/controller/libsubsys__bluetooth__controller.a(hci_driver.c.obj)
 .text.hci_driver_close
                0x00000000000318a0       0x28 zephyr/subsys/bluetooth/controller/libsubsys__bluetooth__controller.a(hci_driver.c.obj)
 .text.recv_thread
                0x00000000000318c8      0x108 zephyr/subsys/bluetooth/controller/libsubsys__bluetooth__controller.a(hci_driver.c.obj)
 .text.prio_recv_thread
                0x00000000000319d0       0xe0 zephyr/subsys/bluetooth/controller/libsubsys__bluetooth__controller.a(hci_driver.c.obj)
 .text.hci_driver_open
                0x0000000000031ab0       0xb0 zephyr/subsys/bluetooth/controller/libsubsys__bluetooth__controller.a(hci_driver.c.obj)
 .text.hci_recv_fifo_reset
                0x0000000000031b60       0x20 zephyr/subsys/bluetooth/controller/libsubsys__bluetooth__controller.a(hci_driver.c.obj)
                0x0000000000031b60                hci_recv_fifo_reset
 .text.dup_found.constprop.0
                0x0000000000031b80       0xb0 zephyr/subsys/bluetooth/controller/libsubsys__bluetooth__controller.a(hci.c.obj)
 .text.le_remote_feat_complete
                0x0000000000031c30       0x78 zephyr/subsys/bluetooth/controller/libsubsys__bluetooth__controller.a(hci.c.obj)
 .text.hci_vendor_cmd_handle_common
                0x0000000000031ca8      0x194 zephyr/subsys/bluetooth/controller/libsubsys__bluetooth__controller.a(hci.c.obj)
                0x0000000000031ca8                hci_vendor_cmd_handle_common
 .text.hci_cmd_handle
                0x0000000000031e3c      0x7f8 zephyr/subsys/bluetooth/controller/libsubsys__bluetooth__controller.a(hci.c.obj)
                0x0000000000031e3c                hci_cmd_handle
 .text.hci_acl_handle
                0x0000000000032634       0xbc zephyr/subsys/bluetooth/controller/libsubsys__bluetooth__controller.a(hci.c.obj)
                0x0000000000032634                hci_acl_handle
 .text.hci_disconn_complete_encode
                0x00000000000326f0       0x40 zephyr/subsys/bluetooth/controller/libsubsys__bluetooth__controller.a(hci.c.obj)
                0x00000000000326f0                hci_disconn_complete_encode
 .text.hci_disconn_complete_process
                0x0000000000032730       0x10 zephyr/subsys/bluetooth/controller/libsubsys__bluetooth__controller.a(hci.c.obj)
                0x0000000000032730                hci_disconn_complete_process
 .text.hci_acl_encode
                0x0000000000032740       0x50 zephyr/subsys/bluetooth/controller/libsubsys__bluetooth__controller.a(hci.c.obj)
                0x0000000000032740                hci_acl_encode
 .text.hci_evt_encode
                0x0000000000032790      0x5f4 zephyr/subsys/bluetooth/controller/libsubsys__bluetooth__controller.a(hci.c.obj)
                0x0000000000032790                hci_evt_encode
 .text.hci_num_cmplt_encode
                0x0000000000032d84       0x30 zephyr/subsys/bluetooth/controller/libsubsys__bluetooth__controller.a(hci.c.obj)
                0x0000000000032d84                hci_num_cmplt_encode
 .text.hci_get_class
                0x0000000000032db4       0x2c zephyr/subsys/bluetooth/controller/libsubsys__bluetooth__controller.a(hci.c.obj)
                0x0000000000032db4                hci_get_class
 .text.hci_init
                0x0000000000032de0       0x4c zephyr/subsys/bluetooth/controller/libsubsys__bluetooth__controller.a(hci.c.obj)
                0x0000000000032de0                hci_init
 .text.ticker_stop_cb
                0x0000000000032e2c       0x4c zephyr/subsys/bluetooth/controller/libsubsys__bluetooth__controller.a(ull_adv.c.obj)
 .text.disabled_cb
                0x0000000000032e78       0x50 zephyr/subsys/bluetooth/controller/libsubsys__bluetooth__controller.a(ull_adv.c.obj)
 .text.ticker_update_op_cb
                0x0000000000032ec8       0x3c zephyr/subsys/bluetooth/controller/libsubsys__bluetooth__controller.a(ull_adv.c.obj)
 .text.ticker_stop_op_cb
                0x0000000000032f04       0x24 zephyr/subsys/bluetooth/controller/libsubsys__bluetooth__controller.a(ull_adv.c.obj)
 .text.adv_disable
                0x0000000000032f28       0x40 zephyr/subsys/bluetooth/controller/libsubsys__bluetooth__controller.a(ull_adv.c.obj)
 .text.init_set.constprop.0
                0x0000000000032f68       0x40 zephyr/subsys/bluetooth/controller/libsubsys__bluetooth__controller.a(ull_adv.c.obj)
 .text.conn_release.constprop.0
                0x0000000000032fa8       0x54 zephyr/subsys/bluetooth/controller/libsubsys__bluetooth__controller.a(ull_adv.c.obj)
 .text.disable.constprop.0
                0x0000000000032ffc       0xc8 zephyr/subsys/bluetooth/controller/libsubsys__bluetooth__controller.a(ull_adv.c.obj)
 .text.adv_time_get.constprop.0
                0x00000000000330c4       0x74 zephyr/subsys/bluetooth/controller/libsubsys__bluetooth__controller.a(ull_adv.c.obj)
 .text.ticker_cb
                0x0000000000033138       0xe0 zephyr/subsys/bluetooth/controller/libsubsys__bluetooth__controller.a(ull_adv.c.obj)
 .text.ll_adv_params_set
                0x0000000000033218      0x1b4 zephyr/subsys/bluetooth/controller/libsubsys__bluetooth__controller.a(ull_adv.c.obj)
                0x0000000000033218                ll_adv_params_set
 .text.ull_adv_init
                0x00000000000333cc       0x20 zephyr/subsys/bluetooth/controller/libsubsys__bluetooth__controller.a(ull_adv.c.obj)
                0x00000000000333cc                ull_adv_init
 .text.ull_adv_reset
                0x00000000000333ec        0xc zephyr/subsys/bluetooth/controller/libsubsys__bluetooth__controller.a(ull_adv.c.obj)
                0x00000000000333ec                ull_adv_reset
 .text.ull_adv_reset_finalize
                0x00000000000333f8       0x2c zephyr/subsys/bluetooth/controller/libsubsys__bluetooth__controller.a(ull_adv.c.obj)
                0x00000000000333f8                ull_adv_reset_finalize
 .text.ull_adv_handle_get
                0x0000000000033424       0x18 zephyr/subsys/bluetooth/controller/libsubsys__bluetooth__controller.a(ull_adv.c.obj)
                0x0000000000033424                ull_adv_handle_get
 .text.ull_adv_lll_handle_get
                0x000000000003343c       0x1c zephyr/subsys/bluetooth/controller/libsubsys__bluetooth__controller.a(ull_adv.c.obj)
                0x000000000003343c                ull_adv_lll_handle_get
 .text.ull_adv_is_enabled
                0x0000000000033458       0x18 zephyr/subsys/bluetooth/controller/libsubsys__bluetooth__controller.a(ull_adv.c.obj)
                0x0000000000033458                ull_adv_is_enabled
 .text.ull_adv_data_set
                0x0000000000033470       0xc4 zephyr/subsys/bluetooth/controller/libsubsys__bluetooth__controller.a(ull_adv.c.obj)
                0x0000000000033470                ull_adv_data_set
 .text.ll_adv_data_set
                0x0000000000033534       0x10 zephyr/subsys/bluetooth/controller/libsubsys__bluetooth__controller.a(ull_adv.c.obj)
                0x0000000000033534                ll_adv_data_set
 .text.ull_scan_rsp_set
                0x0000000000033544       0xcc zephyr/subsys/bluetooth/controller/libsubsys__bluetooth__controller.a(ull_adv.c.obj)
                0x0000000000033544                ull_scan_rsp_set
 .text.ll_adv_scan_rsp_set
                0x0000000000033610       0x10 zephyr/subsys/bluetooth/controller/libsubsys__bluetooth__controller.a(ull_adv.c.obj)
                0x0000000000033610                ll_adv_scan_rsp_set
 .text.ticker_cb
                0x0000000000033620       0x4c zephyr/subsys/bluetooth/controller/libsubsys__bluetooth__controller.a(ull_scan.c.obj)
 .text.ull_scan_init
                0x000000000003366c        0x4 zephyr/subsys/bluetooth/controller/libsubsys__bluetooth__controller.a(ull_scan.c.obj)
                0x000000000003366c                ull_scan_init
 .text.ull_scan_reset
                0x0000000000033670       0x88 zephyr/subsys/bluetooth/controller/libsubsys__bluetooth__controller.a(ull_scan.c.obj)
                0x0000000000033670                ull_scan_reset
 .text.ull_scan_disable
                0x00000000000336f8       0x5c zephyr/subsys/bluetooth/controller/libsubsys__bluetooth__controller.a(ull_scan.c.obj)
                0x00000000000336f8                ull_scan_disable
 .text.ll_scan_enable
                0x0000000000033754       0x50 zephyr/subsys/bluetooth/controller/libsubsys__bluetooth__controller.a(ull_scan.c.obj)
                0x0000000000033754                ll_scan_enable
 .text.ull_scan_lll_handle_get
                0x00000000000337a4       0x1c zephyr/subsys/bluetooth/controller/libsubsys__bluetooth__controller.a(ull_scan.c.obj)
                0x00000000000337a4                ull_scan_lll_handle_get
 .text.ull_scan_is_enabled
                0x00000000000337c0       0x28 zephyr/subsys/bluetooth/controller/libsubsys__bluetooth__controller.a(ull_scan.c.obj)
                0x00000000000337c0                ull_scan_is_enabled
 .text.disabled_cb
                0x00000000000337e8       0x1c zephyr/subsys/bluetooth/controller/libsubsys__bluetooth__controller.a(ull_conn.c.obj)
 .text.conn_setup_adv_scan_disabled_cb
                0x0000000000033804       0x18 zephyr/subsys/bluetooth/controller/libsubsys__bluetooth__controller.a(ull_conn.c.obj)
 .text.tx_lll_flush
                0x000000000003381c       0xa0 zephyr/subsys/bluetooth/controller/libsubsys__bluetooth__controller.a(ull_conn.c.obj)
 .text.ticker_start_conn_op_cb
                0x00000000000338bc       0x18 zephyr/subsys/bluetooth/controller/libsubsys__bluetooth__controller.a(ull_conn.c.obj)
 .text.ticker_stop_conn_op_cb
                0x00000000000338d4       0x18 zephyr/subsys/bluetooth/controller/libsubsys__bluetooth__controller.a(ull_conn.c.obj)
 .text.ticker_stop_op_cb
                0x00000000000338ec       0x28 zephyr/subsys/bluetooth/controller/libsubsys__bluetooth__controller.a(ull_conn.c.obj)
 .text.ticker_update_conn_op_cb
                0x0000000000033914       0x20 zephyr/subsys/bluetooth/controller/libsubsys__bluetooth__controller.a(ull_conn.c.obj)
 .text.init_reset
                0x0000000000033934       0x8c zephyr/subsys/bluetooth/controller/libsubsys__bluetooth__controller.a(ull_conn.c.obj)
 .text.conn_disable
                0x00000000000339c0       0x54 zephyr/subsys/bluetooth/controller/libsubsys__bluetooth__controller.a(ull_conn.c.obj)
 .text.ll_conn_acquire
                0x0000000000033a14        0xc zephyr/subsys/bluetooth/controller/libsubsys__bluetooth__controller.a(ull_conn.c.obj)
                0x0000000000033a14                ll_conn_acquire
 .text.ll_conn_release
                0x0000000000033a20        0xc zephyr/subsys/bluetooth/controller/libsubsys__bluetooth__controller.a(ull_conn.c.obj)
                0x0000000000033a20                ll_conn_release
 .text.ll_conn_handle_get
                0x0000000000033a2c       0x10 zephyr/subsys/bluetooth/controller/libsubsys__bluetooth__controller.a(ull_conn.c.obj)
                0x0000000000033a2c                ll_conn_handle_get
 .text.ll_conn_get
                0x0000000000033a3c       0x18 zephyr/subsys/bluetooth/controller/libsubsys__bluetooth__controller.a(ull_conn.c.obj)
                0x0000000000033a3c                ll_conn_get
 .text.ll_connected_get
                0x0000000000033a54       0x24 zephyr/subsys/bluetooth/controller/libsubsys__bluetooth__controller.a(ull_conn.c.obj)
                0x0000000000033a54                ll_connected_get
 .text.ll_tx_mem_acquire
                0x0000000000033a78        0xc zephyr/subsys/bluetooth/controller/libsubsys__bluetooth__controller.a(ull_conn.c.obj)
                0x0000000000033a78                ll_tx_mem_acquire
 .text.ll_tx_mem_release
                0x0000000000033a84        0xc zephyr/subsys/bluetooth/controller/libsubsys__bluetooth__controller.a(ull_conn.c.obj)
                0x0000000000033a84                ll_tx_mem_release
 .text.ll_tx_mem_enqueue
                0x0000000000033a90       0x94 zephyr/subsys/bluetooth/controller/libsubsys__bluetooth__controller.a(ull_conn.c.obj)
                0x0000000000033a90                ll_tx_mem_enqueue
 .text.ll_conn_update
                0x0000000000033b24       0x88 zephyr/subsys/bluetooth/controller/libsubsys__bluetooth__controller.a(ull_conn.c.obj)
                0x0000000000033b24                ll_conn_update
 .text.ll_chm_get
                0x0000000000033bac       0x48 zephyr/subsys/bluetooth/controller/libsubsys__bluetooth__controller.a(ull_conn.c.obj)
                0x0000000000033bac                ll_chm_get
 .text.ll_terminate_ind_send
                0x0000000000033bf4       0x70 zephyr/subsys/bluetooth/controller/libsubsys__bluetooth__controller.a(ull_conn.c.obj)
                0x0000000000033bf4                ll_terminate_ind_send
 .text.ll_feature_req_send
                0x0000000000033c64       0x44 zephyr/subsys/bluetooth/controller/libsubsys__bluetooth__controller.a(ull_conn.c.obj)
                0x0000000000033c64                ll_feature_req_send
 .text.ll_version_ind_send
                0x0000000000033ca8       0x44 zephyr/subsys/bluetooth/controller/libsubsys__bluetooth__controller.a(ull_conn.c.obj)
                0x0000000000033ca8                ll_version_ind_send
 .text.ll_length_req_send
                0x0000000000033cec       0x58 zephyr/subsys/bluetooth/controller/libsubsys__bluetooth__controller.a(ull_conn.c.obj)
                0x0000000000033cec                ll_length_req_send
 .text.ll_length_default_get
                0x0000000000033d44       0x18 zephyr/subsys/bluetooth/controller/libsubsys__bluetooth__controller.a(ull_conn.c.obj)
                0x0000000000033d44                ll_length_default_get
 .text.ll_length_default_set
                0x0000000000033d5c       0x14 zephyr/subsys/bluetooth/controller/libsubsys__bluetooth__controller.a(ull_conn.c.obj)
                0x0000000000033d5c                ll_length_default_set
 .text.ll_length_max_get
                0x0000000000033d70       0x20 zephyr/subsys/bluetooth/controller/libsubsys__bluetooth__controller.a(ull_conn.c.obj)
                0x0000000000033d70                ll_length_max_get
 .text.ll_phy_get
                0x0000000000033d90       0x40 zephyr/subsys/bluetooth/controller/libsubsys__bluetooth__controller.a(ull_conn.c.obj)
                0x0000000000033d90                ll_phy_get
 .text.ll_phy_default_set
                0x0000000000033dd0       0x14 zephyr/subsys/bluetooth/controller/libsubsys__bluetooth__controller.a(ull_conn.c.obj)
                0x0000000000033dd0                ll_phy_default_set
 .text.ll_phy_req_send
                0x0000000000033de4       0x68 zephyr/subsys/bluetooth/controller/libsubsys__bluetooth__controller.a(ull_conn.c.obj)
                0x0000000000033de4                ll_phy_req_send
 .text.ll_apto_get
                0x0000000000033e4c       0x6c zephyr/subsys/bluetooth/controller/libsubsys__bluetooth__controller.a(ull_conn.c.obj)
                0x0000000000033e4c                ll_apto_get
 .text.ll_apto_set
                0x0000000000033eb8       0x64 zephyr/subsys/bluetooth/controller/libsubsys__bluetooth__controller.a(ull_conn.c.obj)
                0x0000000000033eb8                ll_apto_set
 .text.ull_conn_init
                0x0000000000033f1c        0x4 zephyr/subsys/bluetooth/controller/libsubsys__bluetooth__controller.a(ull_conn.c.obj)
                0x0000000000033f1c                ull_conn_init
 .text.ull_conn_reset
                0x0000000000033f20       0x8c zephyr/subsys/bluetooth/controller/libsubsys__bluetooth__controller.a(ull_conn.c.obj)
                0x0000000000033f20                ull_conn_reset
 .text.ull_conn_default_phy_tx_get
                0x0000000000033fac        0xc zephyr/subsys/bluetooth/controller/libsubsys__bluetooth__controller.a(ull_conn.c.obj)
                0x0000000000033fac                ull_conn_default_phy_tx_get
 .text.ull_conn_default_phy_rx_get
                0x0000000000033fb8        0xc zephyr/subsys/bluetooth/controller/libsubsys__bluetooth__controller.a(ull_conn.c.obj)
                0x0000000000033fb8                ull_conn_default_phy_rx_get
 .text.ull_conn_setup
                0x0000000000033fc4       0x38 zephyr/subsys/bluetooth/controller/libsubsys__bluetooth__controller.a(ull_conn.c.obj)
                0x0000000000033fc4                ull_conn_setup
 .text.ull_conn_rx
                0x0000000000033ffc       0x78 zephyr/subsys/bluetooth/controller/libsubsys__bluetooth__controller.a(ull_conn.c.obj)
                0x0000000000033ffc                ull_conn_rx
 .text.ull_conn_llcp
                0x0000000000034074       0x3c zephyr/subsys/bluetooth/controller/libsubsys__bluetooth__controller.a(ull_conn.c.obj)
                0x0000000000034074                ull_conn_llcp
 .text.ull_conn_tx_demux
                0x00000000000340b0       0x7c zephyr/subsys/bluetooth/controller/libsubsys__bluetooth__controller.a(ull_conn.c.obj)
                0x00000000000340b0                ull_conn_tx_demux
 .text.conn_cleanup
                0x000000000003412c       0xdc zephyr/subsys/bluetooth/controller/libsubsys__bluetooth__controller.a(ull_conn.c.obj)
 .text.tx_demux
                0x0000000000034208       0x48 zephyr/subsys/bluetooth/controller/libsubsys__bluetooth__controller.a(ull_conn.c.obj)
 .text.ull_conn_tx_lll_enqueue
                0x0000000000034250       0x5c zephyr/subsys/bluetooth/controller/libsubsys__bluetooth__controller.a(ull_conn.c.obj)
                0x0000000000034250                ull_conn_tx_lll_enqueue
 .text.ull_conn_link_tx_release
                0x00000000000342ac        0xc zephyr/subsys/bluetooth/controller/libsubsys__bluetooth__controller.a(ull_conn.c.obj)
                0x00000000000342ac                ull_conn_link_tx_release
 .text.ull_conn_ack_last_idx_get
                0x00000000000342b8        0xc zephyr/subsys/bluetooth/controller/libsubsys__bluetooth__controller.a(ull_conn.c.obj)
                0x00000000000342b8                ull_conn_ack_last_idx_get
 .text.ull_conn_ack_peek
                0x00000000000342c4       0x30 zephyr/subsys/bluetooth/controller/libsubsys__bluetooth__controller.a(ull_conn.c.obj)
                0x00000000000342c4                ull_conn_ack_peek
 .text.ull_conn_ack_by_last_peek
                0x00000000000342f4       0x24 zephyr/subsys/bluetooth/controller/libsubsys__bluetooth__controller.a(ull_conn.c.obj)
                0x00000000000342f4                ull_conn_ack_by_last_peek
 .text.ull_conn_ack_dequeue
                0x0000000000034318       0x2c zephyr/subsys/bluetooth/controller/libsubsys__bluetooth__controller.a(ull_conn.c.obj)
                0x0000000000034318                ull_conn_ack_dequeue
 .text.ull_conn_lll_ack_enqueue
                0x0000000000034344       0x3c zephyr/subsys/bluetooth/controller/libsubsys__bluetooth__controller.a(ull_conn.c.obj)
                0x0000000000034344                ull_conn_lll_ack_enqueue
 .text.ull_conn_tx_ack
                0x0000000000034380       0xac zephyr/subsys/bluetooth/controller/libsubsys__bluetooth__controller.a(ull_conn.c.obj)
                0x0000000000034380                ull_conn_tx_ack
 .text.ull_conn_lll_max_tx_octets_get
                0x000000000003442c       0x34 zephyr/subsys/bluetooth/controller/libsubsys__bluetooth__controller.a(ull_conn.c.obj)
                0x000000000003442c                ull_conn_lll_max_tx_octets_get
 .text.ull_pdu_data_init
                0x0000000000034460        0x4 zephyr/subsys/bluetooth/controller/libsubsys__bluetooth__controller.a(ull_conn.c.obj)
                0x0000000000034460                ull_pdu_data_init
 .text.ull_conn_pause_rx_data
                0x0000000000034464       0x10 zephyr/subsys/bluetooth/controller/libsubsys__bluetooth__controller.a(ull_conn.c.obj)
                0x0000000000034464                ull_conn_pause_rx_data
 .text.ull_conn_resume_rx_data
                0x0000000000034474       0x10 zephyr/subsys/bluetooth/controller/libsubsys__bluetooth__controller.a(ull_conn.c.obj)
                0x0000000000034474                ull_conn_resume_rx_data
 .text.ull_conn_event_counter_at_prepare
                0x0000000000034484       0x10 zephyr/subsys/bluetooth/controller/libsubsys__bluetooth__controller.a(ull_conn.c.obj)
                0x0000000000034484                ull_conn_event_counter_at_prepare
 .text.ull_conn_event_counter
                0x0000000000034494       0x1c zephyr/subsys/bluetooth/controller/libsubsys__bluetooth__controller.a(ull_conn.c.obj)
                0x0000000000034494                ull_conn_event_counter
 .text.ull_conn_chan_map_set
                0x00000000000344b0       0x24 zephyr/subsys/bluetooth/controller/libsubsys__bluetooth__controller.a(ull_conn.c.obj)
                0x00000000000344b0                ull_conn_chan_map_set
 .text.ull_dle_max_time_get
                0x00000000000344d4       0x20 zephyr/subsys/bluetooth/controller/libsubsys__bluetooth__controller.a(ull_conn.c.obj)
                0x00000000000344d4                ull_dle_max_time_get
 .text.ull_dle_update_eff
                0x00000000000344f4      0x100 zephyr/subsys/bluetooth/controller/libsubsys__bluetooth__controller.a(ull_conn.c.obj)
                0x00000000000344f4                ull_dle_update_eff
 .text.ull_dle_update_eff_rx
                0x00000000000345f4       0x70 zephyr/subsys/bluetooth/controller/libsubsys__bluetooth__controller.a(ull_conn.c.obj)
                0x00000000000345f4                ull_dle_update_eff_rx
 .text.ull_dle_update_eff_tx
                0x0000000000034664       0x84 zephyr/subsys/bluetooth/controller/libsubsys__bluetooth__controller.a(ull_conn.c.obj)
                0x0000000000034664                ull_dle_update_eff_tx
 .text.ull_dle_local_tx_update
                0x00000000000346e8       0x34 zephyr/subsys/bluetooth/controller/libsubsys__bluetooth__controller.a(ull_conn.c.obj)
                0x00000000000346e8                ull_dle_local_tx_update
 .text.ull_dle_init
                0x000000000003471c       0xcc zephyr/subsys/bluetooth/controller/libsubsys__bluetooth__controller.a(ull_conn.c.obj)
                0x000000000003471c                ull_dle_init
 .text.ull_conn_lll_tx_queue_is_empty
                0x00000000000347e8       0x14 zephyr/subsys/bluetooth/controller/libsubsys__bluetooth__controller.a(ull_conn.c.obj)
                0x00000000000347e8                ull_conn_lll_tx_queue_is_empty
 .text.rp_enc_send_enc_rsp.part.0
                0x00000000000347fc       0x78 zephyr/subsys/bluetooth/controller/libsubsys__bluetooth__controller.a(ull_llcp_enc.c.obj)
 .text.rp_enc_send_start_enc_req.constprop.0
                0x0000000000034874       0xd4 zephyr/subsys/bluetooth/controller/libsubsys__bluetooth__controller.a(ull_llcp_enc.c.obj)
 .text.rp_enc_execute_fsm
                0x0000000000034948      0x2b8 zephyr/subsys/bluetooth/controller/libsubsys__bluetooth__controller.a(ull_llcp_enc.c.obj)
 .text.llcp_rp_enc_rx
                0x0000000000034c00       0x40 zephyr/subsys/bluetooth/controller/libsubsys__bluetooth__controller.a(ull_llcp_enc.c.obj)
                0x0000000000034c00                llcp_rp_enc_rx
 .text.llcp_rp_enc_ltk_req_reply
                0x0000000000034c40       0x1c zephyr/subsys/bluetooth/controller/libsubsys__bluetooth__controller.a(ull_llcp_enc.c.obj)
                0x0000000000034c40                llcp_rp_enc_ltk_req_reply
 .text.llcp_rp_enc_ltk_req_neg_reply
                0x0000000000034c5c       0x28 zephyr/subsys/bluetooth/controller/libsubsys__bluetooth__controller.a(ull_llcp_enc.c.obj)
                0x0000000000034c5c                llcp_rp_enc_ltk_req_neg_reply
 .text.llcp_rp_enc_ltk_req_reply_allowed
                0x0000000000034c84       0x10 zephyr/subsys/bluetooth/controller/libsubsys__bluetooth__controller.a(ull_llcp_enc.c.obj)
                0x0000000000034c84                llcp_rp_enc_ltk_req_reply_allowed
 .text.llcp_rp_enc_run
                0x0000000000034c94        0x8 zephyr/subsys/bluetooth/controller/libsubsys__bluetooth__controller.a(ull_llcp_enc.c.obj)
                0x0000000000034c94                llcp_rp_enc_run
 .text.pu_check_update_ind
                0x0000000000034c9c       0x60 zephyr/subsys/bluetooth/controller/libsubsys__bluetooth__controller.a(ull_llcp_phy.c.obj)
 .text.pu_update_eff_times
                0x0000000000034cfc       0xfc zephyr/subsys/bluetooth/controller/libsubsys__bluetooth__controller.a(ull_llcp_phy.c.obj)
 .text.pu_ntf   0x0000000000034df8       0x60 zephyr/subsys/bluetooth/controller/libsubsys__bluetooth__controller.a(ull_llcp_phy.c.obj)
 .text.pu_dle_ntf
                0x0000000000034e58       0x48 zephyr/subsys/bluetooth/controller/libsubsys__bluetooth__controller.a(ull_llcp_phy.c.obj)
 .text.rp_pu_tx.part.0
                0x0000000000034ea0       0x44 zephyr/subsys/bluetooth/controller/libsubsys__bluetooth__controller.a(ull_llcp_phy.c.obj)
 .text.lp_pu_tx.constprop.0
                0x0000000000034ee4       0xb0 zephyr/subsys/bluetooth/controller/libsubsys__bluetooth__controller.a(ull_llcp_phy.c.obj)
 .text.lp_pu_send_phy_req.constprop.0.isra.0
                0x0000000000034f94       0x5c zephyr/subsys/bluetooth/controller/libsubsys__bluetooth__controller.a(ull_llcp_phy.c.obj)
 .text.rp_pu_send_phy_rsp.isra.0
                0x0000000000034ff0       0x5c zephyr/subsys/bluetooth/controller/libsubsys__bluetooth__controller.a(ull_llcp_phy.c.obj)
 .text.rp_pu_execute_fsm
                0x000000000003504c      0x240 zephyr/subsys/bluetooth/controller/libsubsys__bluetooth__controller.a(ull_llcp_phy.c.obj)
 .text.llcp_lp_pu_rx
                0x000000000003528c      0x13c zephyr/subsys/bluetooth/controller/libsubsys__bluetooth__controller.a(ull_llcp_phy.c.obj)
                0x000000000003528c                llcp_lp_pu_rx
 .text.llcp_lp_pu_run
                0x00000000000353c8       0xf4 zephyr/subsys/bluetooth/controller/libsubsys__bluetooth__controller.a(ull_llcp_phy.c.obj)
                0x00000000000353c8                llcp_lp_pu_run
 .text.llcp_lp_pu_tx_ack
                0x00000000000354bc       0x6c zephyr/subsys/bluetooth/controller/libsubsys__bluetooth__controller.a(ull_llcp_phy.c.obj)
                0x00000000000354bc                llcp_lp_pu_tx_ack
 .text.llcp_lp_pu_tx_ntf
                0x0000000000035528       0x3c zephyr/subsys/bluetooth/controller/libsubsys__bluetooth__controller.a(ull_llcp_phy.c.obj)
                0x0000000000035528                llcp_lp_pu_tx_ntf
 .text.llcp_rp_pu_rx
                0x0000000000035564       0x3c zephyr/subsys/bluetooth/controller/libsubsys__bluetooth__controller.a(ull_llcp_phy.c.obj)
                0x0000000000035564                llcp_rp_pu_rx
 .text.llcp_rp_pu_run
                0x00000000000355a0        0x8 zephyr/subsys/bluetooth/controller/libsubsys__bluetooth__controller.a(ull_llcp_phy.c.obj)
                0x00000000000355a0                llcp_rp_pu_run
 .text.llcp_rp_pu_tx_ack
                0x00000000000355a8        0x8 zephyr/subsys/bluetooth/controller/libsubsys__bluetooth__controller.a(ull_llcp_phy.c.obj)
                0x00000000000355a8                llcp_rp_pu_tx_ack
 .text.llcp_rp_pu_tx_ntf
                0x00000000000355b0        0x8 zephyr/subsys/bluetooth/controller/libsubsys__bluetooth__controller.a(ull_llcp_phy.c.obj)
                0x00000000000355b0                llcp_rp_pu_tx_ntf
 .text.ull_tx_q_init
                0x00000000000355b8       0x10 zephyr/subsys/bluetooth/controller/libsubsys__bluetooth__controller.a(ull_tx_queue.c.obj)
                0x00000000000355b8                ull_tx_q_init
 .text.ull_tx_q_pause_data
                0x00000000000355c8        0x8 zephyr/subsys/bluetooth/controller/libsubsys__bluetooth__controller.a(ull_tx_queue.c.obj)
                0x00000000000355c8                ull_tx_q_pause_data
 .text.ull_tx_q_resume_data
                0x00000000000355d0       0x30 zephyr/subsys/bluetooth/controller/libsubsys__bluetooth__controller.a(ull_tx_queue.c.obj)
                0x00000000000355d0                ull_tx_q_resume_data
 .text.ull_tx_q_enqueue_data
                0x0000000000035600       0x28 zephyr/subsys/bluetooth/controller/libsubsys__bluetooth__controller.a(ull_tx_queue.c.obj)
                0x0000000000035600                ull_tx_q_enqueue_data
 .text.ull_tx_q_enqueue_ctrl
                0x0000000000035628       0x14 zephyr/subsys/bluetooth/controller/libsubsys__bluetooth__controller.a(ull_tx_queue.c.obj)
                0x0000000000035628                ull_tx_q_enqueue_ctrl
 .text.ull_tx_q_peek