Archive member included to satisfy reference by file (symbol)

app/libapp.a(main.c.obj)      (--whole-archive)
zephyr/libzephyr.a(validate_libc.c.obj)
                              (--whole-archive)
zephyr/libzephyr.a(heap.c.obj)
                              (--whole-archive)
zephyr/libzephyr.a(cbprintf_packaged.c.obj)
                              (--whole-archive)
zephyr/libzephyr.a(clock.c.obj)
                              (--whole-archive)
zephyr/libzephyr.a(printk.c.obj)
                              (--whole-archive)
zephyr/libzephyr.a(sem.c.obj)
                              (--whole-archive)
zephyr/libzephyr.a(thread_entry.c.obj)
                              (--whole-archive)
zephyr/libzephyr.a(cbprintf_complete.c.obj)
                              (--whole-archive)
zephyr/libzephyr.a(assert.c.obj)
                              (--whole-archive)
zephyr/libzephyr.a(dec.c.obj)
                              (--whole-archive)
zephyr/libzephyr.a(hex.c.obj)
                              (--whole-archive)
zephyr/libzephyr.a(rb.c.obj)  (--whole-archive)
zephyr/libzephyr.a(timeutil.c.obj)
                              (--whole-archive)
zephyr/libzephyr.a(bitarray.c.obj)
                              (--whole-archive)
zephyr/libzephyr.a(bitmask.c.obj)
                              (--whole-archive)
zephyr/libzephyr.a(onoff.c.obj)
                              (--whole-archive)
zephyr/libzephyr.a(notify.c.obj)
                              (--whole-archive)
zephyr/libzephyr.a(ring_buffer.c.obj)
                              (--whole-archive)
zephyr/libzephyr.a(last_section_id.c.obj)
                              (--whole-archive)
zephyr/libzephyr.a(configs.c.obj)
                              (--whole-archive)
zephyr/libzephyr.a(mem_attr.c.obj)
                              (--whole-archive)
zephyr/libzephyr.a(tracing_none.c.obj)
                              (--whole-archive)
zephyr/libzephyr.a(cdc_acm_serial.c.obj)
                              (--whole-archive)
zephyr/arch/common/libarch__common.a(sw_isr_common.c.obj)
                              (--whole-archive)
zephyr/arch/common/libarch__common.a(init.c.obj)
                              (--whole-archive)
zephyr/arch/common/libarch__common.a(xip.c.obj)
                              (--whole-archive)
zephyr/arch/arch/arm/core/libarch__arm__core.a(fatal.c.obj)
                              (--whole-archive)
zephyr/arch/arch/arm/core/libarch__arm__core.a(nmi.c.obj)
                              (--whole-archive)
zephyr/arch/arch/arm/core/libarch__arm__core.a(nmi_on_reset.S.obj)
                              (--whole-archive)
zephyr/arch/arch/arm/core/libarch__arm__core.a(tls.c.obj)
                              (--whole-archive)
zephyr/arch/arch/arm/core/cortex_m/libarch__arm__core__cortex_m.a(exc_exit.c.obj)
                              (--whole-archive)
zephyr/arch/arch/arm/core/cortex_m/libarch__arm__core__cortex_m.a(fault.c.obj)
                              (--whole-archive)
zephyr/arch/arch/arm/core/cortex_m/libarch__arm__core__cortex_m.a(fault_s.S.obj)
                              (--whole-archive)
zephyr/arch/arch/arm/core/cortex_m/libarch__arm__core__cortex_m.a(fpu.c.obj)
                              (--whole-archive)
zephyr/arch/arch/arm/core/cortex_m/libarch__arm__core__cortex_m.a(reset.S.obj)
                              (--whole-archive)
zephyr/arch/arch/arm/core/cortex_m/libarch__arm__core__cortex_m.a(scb.c.obj)
                              (--whole-archive)
zephyr/arch/arch/arm/core/cortex_m/libarch__arm__core__cortex_m.a(thread_abort.c.obj)
                              (--whole-archive)
zephyr/arch/arch/arm/core/cortex_m/libarch__arm__core__cortex_m.a(vector_table.S.obj)
                              (--whole-archive)
zephyr/arch/arch/arm/core/cortex_m/libarch__arm__core__cortex_m.a(swap_helper.S.obj)
                              (--whole-archive)
zephyr/arch/arch/arm/core/cortex_m/libarch__arm__core__cortex_m.a(irq_manage.c.obj)
                              (--whole-archive)
zephyr/arch/arch/arm/core/cortex_m/libarch__arm__core__cortex_m.a(prep_c.c.obj)
                              (--whole-archive)
zephyr/arch/arch/arm/core/cortex_m/libarch__arm__core__cortex_m.a(thread.c.obj)
                              (--whole-archive)
zephyr/arch/arch/arm/core/cortex_m/libarch__arm__core__cortex_m.a(cpu_idle.c.obj)
                              (--whole-archive)
zephyr/arch/arch/arm/core/cortex_m/libarch__arm__core__cortex_m.a(irq_init.c.obj)
                              (--whole-archive)
zephyr/arch/arch/arm/core/cortex_m/libarch__arm__core__cortex_m.a(isr_wrapper.c.obj)
                              (--whole-archive)
zephyr/arch/arch/arm/core/cortex_m/libarch__arm__core__cortex_m.a(__aeabi_read_tp.S.obj)
                              (--whole-archive)
zephyr/arch/arch/arm/core/mpu/libarch__arm__core__mpu.a(arm_core_mpu.c.obj)
                              (--whole-archive)
[...]
Memory Configuration

Name             Origin             Length             Attributes
FLASH            0x0000000000027000 0x00000000000c5000 xr
RAM              0x0000000020000000 0x0000000000040000 xw
IDT_LIST         0x00000000ffff7fff 0x0000000000008000 xw
*default*        0x0000000000000000 0xffffffffffffffff

Linker script and memory map

                0x0000000000042de8                vfprintf = __d_vfprintf
                0x0000000000000000                vfscanf = __d_vfscanf
LOAD zephyr/CMakeFiles/zephyr_pre0.dir/misc/empty_file.c.obj
LOAD zephyr/CMakeFiles/offsets.dir/./arch/arm/core/offsets/offsets.c.obj
LOAD app/libapp.a
LOAD zephyr/libzephyr.a
LOAD zephyr/arch/common/libarch__common.a
LOAD zephyr/arch/arch/arm/core/libarch__arm__core.a
LOAD zephyr/arch/arch/arm/core/cortex_m/libarch__arm__core__cortex_m.a
LOAD zephyr/arch/arch/arm/core/mpu/libarch__arm__core__mpu.a
LOAD zephyr/lib/libc/picolibc/liblib__libc__picolibc.a
LOAD zephyr/lib/libc/common/liblib__libc__common.a
LOAD zephyr/lib/posix/c_lib_ext/liblib__posix__c_lib_ext.a
LOAD zephyr/lib/net_buf/liblib__net_buf.a
LOAD zephyr/soc/soc/nrf52840/libsoc__nordic.a
LOAD zephyr/subsys/random/libsubsys__random.a
LOAD zephyr/subsys/usb/device_next/libsubsys__usb__device_next.a
LOAD zephyr/subsys/bluetooth/common/libsubsys__bluetooth__common.a
LOAD zephyr/subsys/bluetooth/host/libsubsys__bluetooth__host.a
LOAD zephyr/subsys/bluetooth/services/nus/libsubsys__bluetooth__services__nus.a
LOAD zephyr/subsys/bluetooth/controller/libsubsys__bluetooth__controller.a
LOAD zephyr/subsys/bluetooth/controller/ll_sw/nordic/libsubsys__bluetooth__controller__ll_sw__nordic.a
LOAD zephyr/drivers/usb/udc/libdrivers__usb__udc.a
LOAD zephyr/drivers/usb/common/nrf_usbd_common/libdrivers__usb__common__nrf_usbd_common.a
LOAD zephyr/drivers/clock_control/libdrivers__clock_control.a
LOAD zephyr/drivers/console/libdrivers__console.a
LOAD zephyr/drivers/entropy/libdrivers__entropy.a
LOAD zephyr/drivers/gpio/libdrivers__gpio.a
LOAD zephyr/drivers/hwinfo/libdrivers__hwinfo.a
LOAD zephyr/drivers/i2c/libdrivers__i2c.a
LOAD zephyr/drivers/pinctrl/libdrivers__pinctrl.a
LOAD zephyr/drivers/regulator/libdrivers__regulator.a
LOAD zephyr/drivers/sensor/nordic/temp/libdrivers__sensor__nordic__temp.a
LOAD zephyr/drivers/sensor/st/lsm6dsl/libdrivers__sensor__st__lsm6dsl.a
LOAD zephyr/drivers/serial/libdrivers__serial.a
LOAD zephyr/drivers/spi/libdrivers__spi.a
LOAD zephyr/drivers/timer/libdrivers__timer.a
LOAD modules/hal_nordic/nrfx/libnrfx.a
LOAD zephyr/kernel/libkernel.a
LOAD zephyr/arch/common/libisr_tables.a
LOAD /home/tynan/zephyr-sdk-0.17.4/arm-zephyr-eabi/bin/../lib/gcc/../../picolibc/arm-zephyr-eabi/lib/thumb/v7e-m/nofp/libc.a
LOAD /home/tynan/zephyr-sdk-0.17.4/arm-zephyr-eabi/bin/../lib/gcc/arm-zephyr-eabi/12.2.0/thumb/v7e-m/nofp/libgcc.a
                0x0000000000000020                _region_min_align = 0x20

.rel.plt        0x0000000000027000        0x0
 *(SORT_BY_ALIGNMENT(.rel.plt))
                [!provide]                        PROVIDE (__rel_iplt_start = .)
 *(SORT_BY_ALIGNMENT(.rel.iplt))
 .rel.iplt      0x0000000000027000        0x0 app/libapp.a(main.c.obj)
                [!provide]                        PROVIDE (__rel_iplt_end = .)

.rela.plt       0x0000000000000000        0x0
 *(SORT_BY_ALIGNMENT(.rela.plt))
                [!provide]                        PROVIDE (__rela_iplt_start = .)
 *(SORT_BY_ALIGNMENT(.rela.iplt))
                [!provide]                        PROVIDE (__rela_iplt_end = .)

.rel.dyn
 *(SORT_BY_ALIGNMENT(.rel.*))

.rela.dyn
 *(SORT_BY_ALIGNMENT(.rela.*))

/DISCARD/
 *(SORT_BY_ALIGNMENT(.plt))

/DISCARD/
 *(SORT_BY_ALIGNMENT(.iplt))
                0x0000000000027000                __rom_region_start = 0x27000

rom_start       0x0000000000027000      0x100
                0x0000000000027000                __rom_start_address = .
 FILL mask 0x00
                0x0000000000027000                . = (. + (0x0 - (. - __rom_start_address)))
                0x0000000000027000                . = ALIGN (0x4)
                0x0000000000027000                . = ALIGN (0x80)
                0x0000000000027000                . = ALIGN (0x100)
                0x0000000000027000                _vector_start = .
 *(SORT_BY_ALIGNMENT(.exc_vector_table))
 *(SORT_BY_ALIGNMENT(.exc_vector_table.*))
 .exc_vector_table._vector_table_section
                0x0000000000027000       0x40 zephyr/arch/arch/arm/core/cortex_m/libarch__arm__core__cortex_m.a(vector_table.S.obj)
                0x0000000000027000                _vector_table
 *(SORT_BY_ALIGNMENT(.vectors))
                0x0000000000027100                _vector_end = .
                0x0000000000027040                . = ALIGN (0x4)
 *(SORT_BY_ALIGNMENT(.gnu.linkonce.irq_vector_table*))
 .gnu.linkonce.irq_vector_table
                0x0000000000027040       0xc0 zephyr/arch/common/libisr_tables.a(isr_tables.c.obj)
                0x0000000000027040                _irq_vector_table
                0x0000000000027100                _vector_end = .

text            0x0000000000027100    0x23aa0
                0x0000000000027100                __text_region_start = .
 *(SORT_BY_ALIGNMENT(.text))
 .text          0x0000000000027100      0x378 /home/tynan/zephyr-sdk-0.17.4/arm-zephyr-eabi/bin/../lib/gcc/arm-zephyr-eabi/12.2.0/thumb/v7e-m/nofp/libgcc.a(_arm_addsubdf3.o)
                0x0000000000027100                __aeabi_drsub
                0x0000000000027108                __aeabi_dsub
                0x0000000000027108                __subdf3
                0x000000000002710c                __adddf3
                0x000000000002710c                __aeabi_dadd
                0x0000000000027384                __aeabi_ui2d
                0x0000000000027384                __floatunsidf
                0x00000000000273a4                __floatsidf
                0x00000000000273a4                __aeabi_i2d
                0x00000000000273c8                __extendsfdf2
                0x00000000000273c8                __aeabi_f2d
                0x000000000002740c                __aeabi_ul2d
                0x000000000002740c                __floatundidf
                0x000000000002741c                __floatdidf
                0x000000000002741c                __aeabi_l2d
 .text          0x0000000000027478      0x424 /home/tynan/zephyr-sdk-0.17.4/arm-zephyr-eabi/bin/../lib/gcc/arm-zephyr-eabi/12.2.0/thumb/v7e-m/nofp/libgcc.a(_arm_muldivdf3.o)
                0x0000000000027478                __aeabi_dmul
                0x0000000000027478                __muldf3
                0x00000000000276cc                __aeabi_ddiv
                0x00000000000276cc                __divdf3
 .text          0x000000000002789c      0x110 /home/tynan/zephyr-sdk-0.17.4/arm-zephyr-eabi/bin/../lib/gcc/arm-zephyr-eabi/12.2.0/thumb/v7e-m/nofp/libgcc.a(_arm_cmpdf2.o)
                0x000000000002789c                __gtdf2
                0x000000000002789c                __gedf2
                0x00000000000278a4                __ltdf2
                0x00000000000278a4                __ledf2
                0x00000000000278ac                __cmpdf2
                0x00000000000278ac                __eqdf2
                0x00000000000278ac                __nedf2
                0x0000000000027928                __aeabi_cdrcmple
                0x0000000000027938                __aeabi_cdcmple
                0x0000000000027938                __aeabi_cdcmpeq
                0x0000000000027948                __aeabi_dcmpeq
                0x000000000002795c                __aeabi_dcmplt
                0x0000000000027970                __aeabi_dcmple
                0x0000000000027984                __aeabi_dcmpge
                0x0000000000027998                __aeabi_dcmpgt
 .text          0x00000000000279ac      0x21c /home/tynan/zephyr-sdk-0.17.4/arm-zephyr-eabi/bin/../lib/gcc/arm-zephyr-eabi/12.2.0/thumb/v7e-m/nofp/libgcc.a(_arm_addsubsf3.o)
                0x00000000000279ac                __aeabi_frsub
                0x00000000000279b4                __subsf3
                0x00000000000279b4                __aeabi_fsub
                0x00000000000279b8                __aeabi_fadd
                0x00000000000279b8                __addsf3
                0x0000000000027b18                __aeabi_ui2f
                0x0000000000027b18                __floatunsisf
                0x0000000000027b20                __aeabi_i2f
                0x0000000000027b20                __floatsisf
                0x0000000000027b3c                __floatundisf
                0x0000000000027b3c                __aeabi_ul2f
                0x0000000000027b4c                __floatdisf
                0x0000000000027b4c                __aeabi_l2f
 .text          0x0000000000027bc8      0x2a0 /home/tynan/zephyr-sdk-0.17.4/arm-zephyr-eabi/bin/../lib/gcc/arm-zephyr-eabi/12.2.0/thumb/v7e-m/nofp/libgcc.a(_arm_muldivsf3.o)
                0x0000000000027bc8                __mulsf3
                0x0000000000027bc8                __aeabi_fmul
                0x0000000000027d30                __divsf3
                0x0000000000027d30                __aeabi_fdiv
 .text          0x0000000000027e68       0xec /home/tynan/zephyr-sdk-0.17.4/arm-zephyr-eabi/bin/../lib/gcc/arm-zephyr-eabi/12.2.0/thumb/v7e-m/nofp/libgcc.a(_arm_cmpsf2.o)
                0x0000000000027e68                __gtsf2
                0x0000000000027e68                __gesf2
                0x0000000000027e70                __lesf2
                0x0000000000027e70                __ltsf2
                0x0000000000027e78                __nesf2
                0x0000000000027e78                __eqsf2
                0x0000000000027e78                __cmpsf2
                0x0000000000027ed8                __aeabi_cfrcmple
                0x0000000000027ee0                __aeabi_cfcmple
                0x0000000000027ee0                __aeabi_cfcmpeq
                0x0000000000027ef0                __aeabi_fcmpeq
                0x0000000000027f04                __aeabi_fcmplt
                0x0000000000027f18                __aeabi_fcmple
                0x0000000000027f2c                __aeabi_fcmpge
                0x0000000000027f40                __aeabi_fcmpgt
 .text          0x0000000000027f54       0xa0 /home/tynan/zephyr-sdk-0.17.4/arm-zephyr-eabi/bin/../lib/gcc/arm-zephyr-eabi/12.2.0/thumb/v7e-m/nofp/libgcc.a(_aeabi_ldivmod.o)
                0x0000000000027f54                __aeabi_ldivmod
 .text          0x0000000000027ff4       0x30 /home/tynan/zephyr-sdk-0.17.4/arm-zephyr-eabi/bin/../lib/gcc/arm-zephyr-eabi/12.2.0/thumb/v7e-m/nofp/libgcc.a(_aeabi_uldivmod.o)
                0x0000000000027ff4                __aeabi_uldivmod
 .text          0x0000000000028024       0x40 /home/tynan/zephyr-sdk-0.17.4/arm-zephyr-eabi/bin/../lib/gcc/arm-zephyr-eabi/12.2.0/thumb/v7e-m/nofp/libgcc.a(_fixunssfdi.o)
                0x0000000000028024                __aeabi_f2ulz
                0x0000000000028024                __fixunssfdi
 .text          0x0000000000028064        0x4 /home/tynan/zephyr-sdk-0.17.4/arm-zephyr-eabi/bin/../lib/gcc/arm-zephyr-eabi/12.2.0/thumb/v7e-m/nofp/libgcc.a(_dvmd_tls.o)
                0x0000000000028064                __aeabi_ldiv0
                0x0000000000028064                __aeabi_idiv0
 .text          0x0000000000028068       0x40 /home/tynan/zephyr-sdk-0.17.4/arm-zephyr-eabi/bin/../lib/gcc/arm-zephyr-eabi/12.2.0/thumb/v7e-m/nofp/libgcc.a(_arm_fixunsdfsi.o)
                0x0000000000028068                __fixunsdfsi
                0x0000000000028068                __aeabi_d2uiz
 .text          0x00000000000280a8       0x14 /home/tynan/zephyr-sdk-0.17.4/arm-zephyr-eabi/bin/../lib/gcc/../../picolibc/arm-zephyr-eabi/lib/thumb/v7e-m/nofp/libc.a(strcmp.S.o)
                0x00000000000280a8                strcmp
 .text          0x00000000000280bc       0x10 /home/tynan/zephyr-sdk-0.17.4/arm-zephyr-eabi/bin/../lib/gcc/../../picolibc/arm-zephyr-eabi/lib/thumb/v7e-m/nofp/libc.a(strcpy.S.o)
                0x00000000000280bc                strcpy
 .text          0x00000000000280cc       0x10 /home/tynan/zephyr-sdk-0.17.4/arm-zephyr-eabi/bin/../lib/gcc/../../picolibc/arm-zephyr-eabi/lib/thumb/v7e-m/nofp/libc.a(strlen.S.o)
                0x00000000000280cc                strlen
 .text          0x00000000000280dc       0x26 /home/tynan/zephyr-sdk-0.17.4/arm-zephyr-eabi/bin/../lib/gcc/arm-zephyr-eabi/12.2.0/thumb/v7e-m/nofp/libgcc.a(_fixsfdi.o)
                0x00000000000280dc                __aeabi_f2lz
                0x00000000000280dc                __fixsfdi
 .text          0x0000000000028102      0x2a0 /home/tynan/zephyr-sdk-0.17.4/arm-zephyr-eabi/bin/../lib/gcc/arm-zephyr-eabi/12.2.0/thumb/v7e-m/nofp/libgcc.a(_udivmoddi4.o)
                0x0000000000028102                __udivmoddi4
 *(SORT_BY_ALIGNMENT(.text.*))
 *fill*         0x00000000000283a2        0x6 
 .text.main     0x00000000000283a8      0x320 app/libapp.a(main.c.obj)
                0x00000000000283a8                main
 .text.ull_drift_ticks_get
                0x00000000000286c8       0x90 zephyr/subsys/bluetooth/controller/libsubsys__bluetooth__controller.a(ull.c.obj)
                0x00000000000286c8                ull_drift_ticks_get
 .text.ll_adv_enable
                0x0000000000028758      0x348 zephyr/subsys/bluetooth/controller/libsubsys__bluetooth__controller.a(ull_adv.c.obj)
                0x0000000000028758                ll_adv_enable
 .text.ull_adv_time_update
                0x0000000000028aa0       0xbc zephyr/subsys/bluetooth/controller/libsubsys__bluetooth__controller.a(ull_adv.c.obj)
                0x0000000000028aa0                ull_adv_time_update
 *fill*         0x0000000000028b5c        0x4 
 .text.ll_scan_params_set
                0x0000000000028b60       0x70 zephyr/subsys/bluetooth/controller/libsubsys__bluetooth__controller.a(ull_scan.c.obj)
                0x0000000000028b60                ll_scan_params_set
 .text.ull_scan_enable
                0x0000000000028bd0      0x128 zephyr/subsys/bluetooth/controller/libsubsys__bluetooth__controller.a(ull_scan.c.obj)
                0x0000000000028bd0                ull_scan_enable
 .text.ull_conn_update_ticker.constprop.0
                0x0000000000028cf8       0xf8 zephyr/subsys/bluetooth/controller/libsubsys__bluetooth__controller.a(ull_conn.c.obj)
 .text.ull_conn_done
                0x0000000000028df0      0x38c zephyr/subsys/bluetooth/controller/libsubsys__bluetooth__controller.a(ull_conn.c.obj)
                0x0000000000028df0                ull_conn_done
 *fill*         0x000000000002917c        0x4 
 .text.ull_conn_update_parameters
                0x0000000000029180      0x264 zephyr/subsys/bluetooth/controller/libsubsys__bluetooth__controller.a(ull_conn.c.obj)
                0x0000000000029180                ull_conn_update_parameters
 *fill*         0x00000000000293e4        0x4 
 .text.ull_periph_setup
                0x00000000000293e8      0x3bc zephyr/subsys/bluetooth/controller/libsubsys__bluetooth__controller.a(ull_peripheral.c.obj)
                0x00000000000293e8                ull_periph_setup
 *fill*         0x00000000000297a4        0x4 
 .text.prepare_cb
                0x00000000000297a8      0x130 zephyr/subsys/bluetooth/controller/ll_sw/nordic/libsubsys__bluetooth__controller__ll_sw__nordic.a(lll_adv.c.obj)
 .text.common_prepare_cb
                0x00000000000298d8      0x198 zephyr/subsys/bluetooth/controller/ll_sw/nordic/libsubsys__bluetooth__controller__ll_sw__nordic.a(lll_scan.c.obj)
 .text.prepare_cb
                0x0000000000029a70      0x254 zephyr/subsys/bluetooth/controller/ll_sw/nordic/libsubsys__bluetooth__controller__ll_sw__nordic.a(lll_peripheral.c.obj)
 *fill*         0x0000000000029cc4        0x4 
 .text.lsm6dsl_accel_convert
                0x0000000000029cc8       0x58 zephyr/drivers/sensor/st/lsm6dsl/libdrivers__sensor__st__lsm6dsl.a(lsm6dsl.c.obj)
 .text.lsm6dsl_gyro_convert
                0x0000000000029d20       0x6c zephyr/drivers/sensor/st/lsm6dsl/libdrivers__sensor__st__lsm6dsl.a(lsm6dsl.c.obj)
 *fill*         0x0000000000029d8c        0x4 
 .text.lsm6dsl_attr_set
                0x0000000000029d90      0x194 zephyr/drivers/sensor/st/lsm6dsl/libdrivers__sensor__st__lsm6dsl.a(lsm6dsl.c.obj)
 *fill*         0x0000000000029f24        0x4 
 .text.atan     0x0000000000029f28      0x338 /home/tynan/zephyr-sdk-0.17.4/arm-zephyr-eabi/bin/../lib/gcc/../../picolibc/arm-zephyr-eabi/lib/thumb/v7e-m/nofp/libc.a(libm_math_s_atan.c.o)
                0x0000000000029f28                atanl
                0x0000000000029f28                atan
 .text.received
                0x000000000002a260       0x1c app/libapp.a(main.c.obj)
 .text.notif_enabled
                0x000000000002a27c       0x24 app/libapp.a(main.c.obj)
 .text.disconnected
                0x000000000002a2a0       0x20 app/libapp.a(main.c.obj)
 .text.adv_restart_work_fn
                0x000000000002a2c0       0x4c app/libapp.a(main.c.obj)
 .text.connected
                0x000000000002a30c       0x3c app/libapp.a(main.c.obj)
 .text.exchange_func
                0x000000000002a348       0x20 app/libapp.a(main.c.obj)
 .text.scan_cb  0x000000000002a368       0x74 app/libapp.a(main.c.obj)
 .text.lsm6dsl_trigger_handler
                0x000000000002a3dc       0xb8 app/libapp.a(main.c.obj)
 .text.char_out
                0x000000000002a494        0xc zephyr/libzephyr.a(printk.c.obj)
 .text.__printk_hook_install
                0x000000000002a4a0        0xc zephyr/libzephyr.a(printk.c.obj)
                0x000000000002a4a0                __printk_hook_install
 .text.vprintk  0x000000000002a4ac       0x30 zephyr/libzephyr.a(printk.c.obj)
                0x000000000002a4ac                vprintk
 .text.z_thread_entry
                0x000000000002a4dc       0x34 zephyr/libzephyr.a(thread_entry.c.obj)
                0x000000000002a4dc                z_thread_entry
 .text.process_event
                0x000000000002a510      0x21c zephyr/libzephyr.a(onoff.c.obj)
 .text.mem_attr_get_regions
                0x000000000002a72c        0xc zephyr/libzephyr.a(mem_attr.c.obj)
                0x000000000002a72c                mem_attr_get_regions
 .text.cdc_acm_serial_init_device
                0x000000000002a738       0x8c zephyr/libzephyr.a(cdc_acm_serial.c.obj)
 .text.arch_bss_zero
                0x000000000002a7c4       0x18 zephyr/arch/common/libarch__common.a(init.c.obj)
                0x000000000002a7c4                arch_bss_zero
 .text.arch_data_copy
                0x000000000002a7dc       0x38 zephyr/arch/common/libarch__common.a(xip.c.obj)
                0x000000000002a7dc                arch_data_copy
 .text.z_arm_fatal_error
                0x000000000002a814       0x60 zephyr/arch/arch/arm/core/libarch__arm__core.a(fatal.c.obj)
                0x000000000002a814                z_arm_fatal_error
 .text.z_SysNmiOnReset
                0x000000000002a874        0x8 zephyr/arch/arch/arm/core/libarch__arm__core.a(nmi_on_reset.S.obj)
                0x000000000002a874                z_SysNmiOnReset
 .text.arch_tls_stack_setup
                0x000000000002a87c       0x40 zephyr/arch/arch/arm/core/libarch__arm__core.a(tls.c.obj)
                0x000000000002a87c                arch_tls_stack_setup
 .text._HandlerModeExit
                0x000000000002a8bc       0x20 zephyr/arch/arch/arm/core/cortex_m/libarch__arm__core__cortex_m.a(exc_exit.c.obj)
                0x000000000002a8bc                z_arm_exc_exit
                0x000000000002a8bc                z_arm_int_exit
 .text.mem_manage_fault
                0x000000000002a8dc       0xf0 zephyr/arch/arch/arm/core/cortex_m/libarch__arm__core__cortex_m.a(fault.c.obj)
 .text.usage_fault.constprop.0
                0x000000000002a9cc       0x98 zephyr/arch/arch/arm/core/cortex_m/libarch__arm__core__cortex_m.a(fault.c.obj)
 .text.bus_fault.constprop.0
                0x000000000002aa64       0xb8 zephyr/arch/arch/arm/core/cortex_m/libarch__arm__core__cortex_m.a(fault.c.obj)
 .text.z_arm_fault
                0x000000000002ab1c      0x1a0 zephyr/arch/arch/arm/core/cortex_m/libarch__arm__core__cortex_m.a(fault.c.obj)
                0x000000000002ab1c                z_arm_fault
 .text.z_arm_fault_init
                0x000000000002acbc       0x18 zephyr/arch/arch/arm/core/cortex_m/libarch__arm__core__cortex_m.a(fault.c.obj)
                0x000000000002acbc                z_arm_fault_init
 .text.__fault  0x000000000002acd4       0x14 zephyr/arch/arch/arm/core/cortex_m/libarch__arm__core__cortex_m.a(fault_s.S.obj)
                0x000000000002acd4                z_arm_bus_fault
                0x000000000002acd4                z_arm_usage_fault
                0x000000000002acd4                z_arm_mpu_fault
                0x000000000002acd4                z_arm_exc_spurious
                0x000000000002acd4                z_arm_debug_monitor
                0x000000000002acd4                z_arm_hard_fault
 .text._reset_section
                0x000000000002ace8       0x38 zephyr/arch/arch/arm/core/cortex_m/libarch__arm__core__cortex_m.a(reset.S.obj)
                0x000000000002ace8                z_arm_reset
                0x000000000002ace8                __start
 .text.z_impl_k_thread_abort
                0x000000000002ad20       0x2c zephyr/arch/arch/arm/core/cortex_m/libarch__arm__core__cortex_m.a(thread_abort.c.obj)
                0x000000000002ad20                z_impl_k_thread_abort
 .text.z_arm_pendsv
                0x000000000002ad4c       0x64 zephyr/arch/arch/arm/core/cortex_m/libarch__arm__core__cortex_m.a(swap_helper.S.obj)
                0x000000000002ad4c                z_arm_pendsv
 .text.z_arm_svc
                0x000000000002adb0       0x24 zephyr/arch/arch/arm/core/cortex_m/libarch__arm__core__cortex_m.a(swap_helper.S.obj)
                0x000000000002adb0                z_arm_svc
 .text.arm_irq_enable
                0x000000000002add4       0x1c zephyr/arch/arch/arm/core/cortex_m/libarch__arm__core__cortex_m.a(irq_manage.c.obj)
                0x000000000002add4                arm_irq_enable
 .text.arm_irq_disable
                0x000000000002adf0       0x28 zephyr/arch/arch/arm/core/cortex_m/libarch__arm__core__cortex_m.a(irq_manage.c.obj)
                0x000000000002adf0                arm_irq_disable
 .text.arm_irq_is_enabled
                0x000000000002ae18       0x1c zephyr/arch/arch/arm/core/cortex_m/libarch__arm__core__cortex_m.a(irq_manage.c.obj)
                0x000000000002ae18                arm_irq_is_enabled
 .text.arm_irq_priority_set
                0x000000000002ae34       0x30 zephyr/arch/arch/arm/core/cortex_m/libarch__arm__core__cortex_m.a(irq_manage.c.obj)
                0x000000000002ae34                arm_irq_priority_set
 .text.relocate_vector_table
                0x000000000002ae64       0x1c zephyr/arch/arch/arm/core/cortex_m/libarch__arm__core__cortex_m.a(prep_c.c.obj)
                0x000000000002ae64                relocate_vector_table
 .text.z_prep_c
                0x000000000002ae80       0x38 zephyr/arch/arch/arm/core/cortex_m/libarch__arm__core__cortex_m.a(prep_c.c.obj)
                0x000000000002ae80                z_prep_c
 .text.arch_new_thread
                0x000000000002aeb8       0x38 zephyr/arch/arch/arm/core/cortex_m/libarch__arm__core__cortex_m.a(thread.c.obj)
                0x000000000002aeb8                arch_new_thread
 .text.z_check_thread_stack_fail
                0x000000000002aef0       0x2c zephyr/arch/arch/arm/core/cortex_m/libarch__arm__core__cortex_m.a(thread.c.obj)
                0x000000000002aef0                z_check_thread_stack_fail
 .text.arch_switch_to_main_thread
                0x000000000002af1c       0x40 zephyr/arch/arch/arm/core/cortex_m/libarch__arm__core__cortex_m.a(thread.c.obj)
                0x000000000002af1c                arch_switch_to_main_thread
 .text.z_arm_cpu_idle_init
                0x000000000002af5c        0xc zephyr/arch/arch/arm/core/cortex_m/libarch__arm__core__cortex_m.a(cpu_idle.c.obj)
                0x000000000002af5c                z_arm_cpu_idle_init
 .text.z_arm_interrupt_init
                0x000000000002af68       0x18 zephyr/arch/arch/arm/core/cortex_m/libarch__arm__core__cortex_m.a(irq_init.c.obj)
                0x000000000002af68                z_arm_interrupt_init
 .text._isr_wrapper
                0x000000000002af80       0x24 zephyr/arch/arch/arm/core/cortex_m/libarch__arm__core__cortex_m.a(isr_wrapper.c.obj)
                0x000000000002af80                _isr_wrapper
 .text.z_arm_configure_static_mpu_regions
                0x000000000002afa4       0x18 zephyr/arch/arch/arm/core/mpu/libarch__arm__core__mpu.a(arm_core_mpu.c.obj)
                0x000000000002afa4                z_arm_configure_static_mpu_regions
 .text.z_arm_configure_dynamic_mpu_regions
                0x000000000002afbc       0x20 zephyr/arch/arch/arm/core/mpu/libarch__arm__core__mpu.a(arm_core_mpu.c.obj)
                0x000000000002afbc                z_arm_configure_dynamic_mpu_regions
 .text.region_init
                0x000000000002afdc       0x28 zephyr/arch/arch/arm/core/mpu/libarch__arm__core__mpu.a(arm_mpu.c.obj)
 .text.mpu_configure_regions
                0x000000000002b004       0x6c zephyr/arch/arch/arm/core/mpu/libarch__arm__core__mpu.a(arm_mpu.c.obj)
 .text.arm_core_mpu_enable
                0x000000000002b070       0x18 zephyr/arch/arch/arm/core/mpu/libarch__arm__core__mpu.a(arm_mpu.c.obj)
                0x000000000002b070                arm_core_mpu_enable
 .text.arm_core_mpu_disable
                0x000000000002b088       0x14 zephyr/arch/arch/arm/core/mpu/libarch__arm__core__mpu.a(arm_mpu.c.obj)
                0x000000000002b088                arm_core_mpu_disable
 .text.arm_core_mpu_configure_static_mpu_regions
                0x000000000002b09c       0x14 zephyr/arch/arch/arm/core/mpu/libarch__arm__core__mpu.a(arm_mpu.c.obj)
                0x000000000002b09c                arm_core_mpu_configure_static_mpu_regions
 .text.arm_core_mpu_configure_dynamic_mpu_regions
                0x000000000002b0b0       0x38 zephyr/arch/arch/arm/core/mpu/libarch__arm__core__mpu.a(arm_mpu.c.obj)
                0x000000000002b0b0                arm_core_mpu_configure_dynamic_mpu_regions
 .text.z_arm_mpu_init
                0x000000000002b0e8      0x168 zephyr/arch/arch/arm/core/mpu/libarch__arm__core__mpu.a(arm_mpu.c.obj)
                0x000000000002b0e8                z_arm_mpu_init
 .text.z_impl_zephyr_fputc
                0x000000000002b250       0x10 zephyr/lib/libc/picolibc/liblib__libc__picolibc.a(stdio.c.obj)
                0x000000000002b250                z_impl_zephyr_fputc
 .text.__stdout_hook_install
                0x000000000002b260       0x18 zephyr/lib/libc/picolibc/liblib__libc__picolibc.a(stdio.c.obj)
                0x000000000002b260                __stdout_hook_install
 .text.malloc_prepare
                0x000000000002b278       0x24 zephyr/lib/libc/common/liblib__libc__common.a(malloc.c.obj)
 .text.net_buf_destroy
                0x000000000002b29c       0x38 zephyr/lib/net_buf/liblib__net_buf.a(buf.c.obj)
 .text.net_buf_pool_get
                0x000000000002b2d4       0x10 zephyr/lib/net_buf/liblib__net_buf.a(buf.c.obj)
                0x000000000002b2d4                net_buf_pool_get
 .text.net_buf_id
                0x000000000002b2e4       0x20 zephyr/lib/net_buf/liblib__net_buf.a(buf.c.obj)
                0x000000000002b2e4                net_buf_id
 .text.fixed_data_alloc
                0x000000000002b304       0x24 zephyr/lib/net_buf/liblib__net_buf.a(buf.c.obj)
 .text.net_buf_alloc_len
                0x000000000002b328       0xfc zephyr/lib/net_buf/liblib__net_buf.a(buf.c.obj)
                0x000000000002b328                net_buf_alloc_len
 .text.net_buf_unref
                0x000000000002b424       0x3c zephyr/lib/net_buf/liblib__net_buf.a(buf.c.obj)
                0x000000000002b424                net_buf_unref
 .text.nordicsemi_nrf52_init
                0x000000000002b460       0x44 zephyr/soc/soc/nrf52840/libsoc__nordic.a(soc.c.obj)
 .text.arch_busy_wait
                0x000000000002b4a4       0x14 zephyr/soc/soc/nrf52840/libsoc__nordic.a(soc.c.obj)
                0x000000000002b4a4                arch_busy_wait
 .text.nonstd_request
                0x000000000002b4b8       0xa4 zephyr/subsys/usb/device_next/libsubsys__usb__device_next.a(usbd_ch9.c.obj)
 .text.usbd_handle_ctrl_xfer
                0x000000000002b55c      0x914 zephyr/subsys/usb/device_next/libsubsys__usb__device_next.a(usbd_ch9.c.obj)
                0x000000000002b55c                usbd_handle_ctrl_xfer
 .text.usbd_event_carrier
                0x000000000002be70       0x10 zephyr/subsys/usb/device_next/libsubsys__usb__device_next.a(usbd_core.c.obj)
 .text.usbd_thread
                0x000000000002be80      0x150 zephyr/subsys/usb/device_next/libsubsys__usb__device_next.a(usbd_core.c.obj)
 .text.usbd_pre_init
                0x000000000002bfd0       0xa4 zephyr/subsys/usb/device_next/libsubsys__usb__device_next.a(usbd_core.c.obj)
 .text.usbd_device_init_core
                0x000000000002c074       0x30 zephyr/subsys/usb/device_next/libsubsys__usb__device_next.a(usbd_core.c.obj)
                0x000000000002c074                usbd_device_init_core
 .text.usbd_class_node_get.part.0
                0x000000000002c0a4       0x2c zephyr/subsys/usb/device_next/libsubsys__usb__device_next.a(usbd_class.c.obj)
 .text.msg_work_handler
                0x000000000002c0d0       0x90 zephyr/subsys/usb/device_next/libsubsys__usb__device_next.a(usbd_msg.c.obj)
 .text.usbd_msg_pub
                0x000000000002c160       0x70 zephyr/subsys/usb/device_next/libsubsys__usb__device_next.a(usbd_msg.c.obj)
 .text.usbd_cdc_acm_ctd
                0x000000000002c1d0       0x60 zephyr/subsys/usb/device_next/libsubsys__usb__device_next.a(usbd_cdc_acm.c.obj)
 .text.usbd_cdc_acm_cth
                0x000000000002c230       0x48 zephyr/subsys/usb/device_next/libsubsys__usb__device_next.a(usbd_cdc_acm.c.obj)
 .text.cdc_acm_poll_out
                0x000000000002c278       0x74 zephyr/subsys/usb/device_next/libsubsys__usb__device_next.a(usbd_cdc_acm.c.obj)
 .text.usbd_cdc_acm_preinit
                0x000000000002c2ec       0x4c zephyr/subsys/usb/device_next/libsubsys__usb__device_next.a(usbd_cdc_acm.c.obj)
 .text.uuid_to_uuid128
                0x000000000002c338       0x78 zephyr/subsys/bluetooth/host/libsubsys__bluetooth__host.a(uuid.c.obj)
 .text.hci_rx_pool_destroy
                0x000000000002c3b0       0x20 zephyr/subsys/bluetooth/host/libsubsys__bluetooth__host.a(buf.c.obj)
 .text.bt_buf_get_rx
                0x000000000002c3d0       0x30 zephyr/subsys/bluetooth/host/libsubsys__bluetooth__host.a(buf.c.obj)
                0x000000000002c3d0                bt_buf_get_rx
 .text.bt_buf_get_evt
                0x000000000002c400       0x3c zephyr/subsys/bluetooth/host/libsubsys__bluetooth__host.a(buf.c.obj)
                0x000000000002c400                bt_buf_get_evt
 .text.hci_disconn_complete_prio
                0x000000000002c43c       0x4c zephyr/subsys/bluetooth/host/libsubsys__bluetooth__host.a(hci_core.c.obj)
 .text.find_pending_connect.part.0
                0x000000000002c488       0x2c zephyr/subsys/bluetooth/host/libsubsys__bluetooth__host.a(hci_core.c.obj)
 .text.hci_vendor_event
                0x000000000002c4b4       0x20 zephyr/subsys/bluetooth/host/libsubsys__bluetooth__host.a(hci_core.c.obj)
 .text.hci_le_meta_event
                0x000000000002c4d4       0x20 zephyr/subsys/bluetooth/host/libsubsys__bluetooth__host.a(hci_core.c.obj)
 .text.hci_le_meta_prio_event
                0x000000000002c4f4       0x20 zephyr/subsys/bluetooth/host/libsubsys__bluetooth__host.a(hci_core.c.obj)
 .text.hci_cmd_done
                0x000000000002c514      0x100 zephyr/subsys/bluetooth/host/libsubsys__bluetooth__host.a(hci_core.c.obj)
 .text.bt_hci_recv
                0x000000000002c614      0x118 zephyr/subsys/bluetooth/host/libsubsys__bluetooth__host.a(hci_core.c.obj)
                0x000000000002c614                bt_hci_recv
 .text.rx_work_handler
                0x000000000002c72c       0xe8 zephyr/subsys/bluetooth/host/libsubsys__bluetooth__host.a(hci_core.c.obj)
 .text.hci_reset_complete
                0x000000000002c814       0x30 zephyr/subsys/bluetooth/host/libsubsys__bluetooth__host.a(hci_core.c.obj)
 .text.bt_hci_cmd_state_set_init
                0x000000000002c844       0x24 zephyr/subsys/bluetooth/host/libsubsys__bluetooth__host.a(hci_core.c.obj)
                0x000000000002c844                bt_hci_cmd_state_set_init
 .text.bt_hci_cmd_alloc
                0x000000000002c868       0x50 zephyr/subsys/bluetooth/host/libsubsys__bluetooth__host.a(hci_core.c.obj)
                0x000000000002c868                bt_hci_cmd_alloc
 .text.bt_send  0x000000000002c8b8       0x14 zephyr/subsys/bluetooth/host/libsubsys__bluetooth__host.a(hci_core.c.obj)
                0x000000000002c8b8                bt_send
 .text.bt_finalize_init
                0x000000000002c8cc       0x18 zephyr/subsys/bluetooth/host/libsubsys__bluetooth__host.a(hci_core.c.obj)
                0x000000000002c8cc                bt_finalize_init
 .text.bt_get_name
                0x000000000002c8e4        0x8 zephyr/subsys/bluetooth/host/libsubsys__bluetooth__host.a(hci_core.c.obj)
                0x000000000002c8e4                bt_get_name
 .text.bt_tx_irq_raise
                0x000000000002c8ec        0xc zephyr/subsys/bluetooth/host/libsubsys__bluetooth__host.a(hci_core.c.obj)
                0x000000000002c8ec                bt_tx_irq_raise
 .text.bt_hci_cmd_send
                0x000000000002c8f8       0x88 zephyr/subsys/bluetooth/host/libsubsys__bluetooth__host.a(hci_core.c.obj)
                0x000000000002c8f8                bt_hci_cmd_send
 .text.process_pending_cmd
                0x000000000002c980       0xb0 zephyr/subsys/bluetooth/host/libsubsys__bluetooth__host.a(hci_core.c.obj)
 .text.bt_hci_cmd_send_sync
                0x000000000002ca30      0x174 zephyr/subsys/bluetooth/host/libsubsys__bluetooth__host.a(hci_core.c.obj)
                0x000000000002ca30                bt_hci_cmd_send_sync
 .text.bt_init  0x000000000002cba4      0x368 zephyr/subsys/bluetooth/host/libsubsys__bluetooth__host.a(hci_core.c.obj)
 .text.init_work
                0x000000000002cf0c       0x18 zephyr/subsys/bluetooth/host/libsubsys__bluetooth__host.a(hci_core.c.obj)
 .text.bt_enable
                0x000000000002cf24       0xb0 zephyr/subsys/bluetooth/host/libsubsys__bluetooth__host.a(hci_core.c.obj)
                0x000000000002cf24                bt_enable
 .text.bt_hci_le_enh_conn_complete
                0x000000000002cfd4      0x148 zephyr/subsys/bluetooth/host/libsubsys__bluetooth__host.a(hci_core.c.obj)
                0x000000000002cfd4                bt_hci_le_enh_conn_complete
 .text.le_legacy_conn_complete
                0x000000000002d11c       0x80 zephyr/subsys/bluetooth/host/libsubsys__bluetooth__host.a(hci_core.c.obj)
 .text.hci_cmd_complete
                0x000000000002d19c       0x3c zephyr/subsys/bluetooth/host/libsubsys__bluetooth__host.a(hci_core.c.obj)
 .text.hci_cmd_status
                0x000000000002d1d8       0x30 zephyr/subsys/bluetooth/host/libsubsys__bluetooth__host.a(hci_core.c.obj)
 .text.bt_hci_evt_create
                0x000000000002d208       0x50 zephyr/subsys/bluetooth/host/libsubsys__bluetooth__host.a(hci_common.c.obj)
                0x000000000002d208                bt_hci_evt_create
 .text.id_find  0x000000000002d258       0x30 zephyr/subsys/bluetooth/host/libsubsys__bluetooth__host.a(id.c.obj)
 .text.set_random_address
                0x000000000002d288       0x58 zephyr/subsys/bluetooth/host/libsubsys__bluetooth__host.a(id.c.obj)
 .text.id_create.constprop.0
                0x000000000002d2e0       0x74 zephyr/subsys/bluetooth/host/libsubsys__bluetooth__host.a(id.c.obj)
 .text.bt_id_adv_random_addr_check
                0x000000000002d354       0x20 zephyr/subsys/bluetooth/host/libsubsys__bluetooth__host.a(id.c.obj)
                0x000000000002d354                bt_id_adv_random_addr_check
 .text.bt_id_create
                0x000000000002d374       0x84 zephyr/subsys/bluetooth/host/libsubsys__bluetooth__host.a(id.c.obj)
                0x000000000002d374                bt_id_create
 .text.bt_id_read_public_addr
                0x000000000002d3f8       0x6c zephyr/subsys/bluetooth/host/libsubsys__bluetooth__host.a(id.c.obj)
                0x000000000002d3f8                bt_id_read_public_addr
 .text.bt_setup_public_id_addr
                0x000000000002d464       0x20 zephyr/subsys/bluetooth/host/libsubsys__bluetooth__host.a(id.c.obj)
                0x000000000002d464                bt_setup_public_id_addr
 .text.bt_setup_random_id_addr
                0x000000000002d484       0xac zephyr/subsys/bluetooth/host/libsubsys__bluetooth__host.a(id.c.obj)
                0x000000000002d484                bt_setup_random_id_addr
 .text.bt_id_set_scan_own_addr
                0x000000000002d530       0x60 zephyr/subsys/bluetooth/host/libsubsys__bluetooth__host.a(id.c.obj)
                0x000000000002d530                bt_id_set_scan_own_addr
 .text.bt_id_set_adv_own_addr
                0x000000000002d590      0x108 zephyr/subsys/bluetooth/host/libsubsys__bluetooth__host.a(id.c.obj)
                0x000000000002d590                bt_id_set_adv_own_addr
 .text.bt_id_init
                0x000000000002d698       0x30 zephyr/subsys/bluetooth/host/libsubsys__bluetooth__host.a(id.c.obj)
                0x000000000002d698                bt_id_init
 .text.valid_adv_param
                0x000000000002d6c8       0x84 zephyr/subsys/bluetooth/host/libsubsys__bluetooth__host.a(adv.c.obj)
 .text.le_adv_update.constprop.0
                0x000000000002d74c       0x58 zephyr/subsys/bluetooth/host/libsubsys__bluetooth__host.a(adv.c.obj)
 .text.le_adv_start_add_conn.constprop.0
                0x000000000002d7a4       0x6c zephyr/subsys/bluetooth/host/libsubsys__bluetooth__host.a(adv.c.obj)
 .text.bt_le_adv_lookup_legacy
                0x000000000002d810        0x8 zephyr/subsys/bluetooth/host/libsubsys__bluetooth__host.a(adv.c.obj)
                0x000000000002d810                bt_le_adv_lookup_legacy
 .text.bt_le_adv_start
                0x000000000002d818      0x24c zephyr/subsys/bluetooth/host/libsubsys__bluetooth__host.a(adv.c.obj)
                0x000000000002d818                bt_le_adv_start
 .text.bt_le_adv_stop
                0x000000000002da64       0x98 zephyr/subsys/bluetooth/host/libsubsys__bluetooth__host.a(adv.c.obj)
                0x000000000002da64                bt_le_adv_stop
 .text.cmd_le_set_scan_enable_legacy
                0x000000000002dafc       0x4c zephyr/subsys/bluetooth/host/libsubsys__bluetooth__host.a(scan.c.obj)
 .text.scan_check_if_state_allowed
                0x000000000002db48       0x3c zephyr/subsys/bluetooth/host/libsubsys__bluetooth__host.a(scan.c.obj)
 .text.atomic_clear_bit.constprop.0
                0x000000000002db84       0x30 zephyr/subsys/bluetooth/host/libsubsys__bluetooth__host.a(scan.c.obj)
 .text.scan_update
                0x000000000002dbb4      0x194 zephyr/subsys/bluetooth/host/libsubsys__bluetooth__host.a(scan.c.obj)
 .text.bt_scan_reset
                0x000000000002dd48       0x30 zephyr/subsys/bluetooth/host/libsubsys__bluetooth__host.a(scan.c.obj)
                0x000000000002dd48                bt_scan_reset
 .text.bt_le_scan_set_enable
                0x000000000002dd78       0x18 zephyr/subsys/bluetooth/host/libsubsys__bluetooth__host.a(scan.c.obj)
                0x000000000002dd78                bt_le_scan_set_enable
 .text.bt_le_scan_user_add
                0x000000000002dd90       0x54 zephyr/subsys/bluetooth/host/libsubsys__bluetooth__host.a(scan.c.obj)
                0x000000000002dd90                bt_le_scan_user_add
 .text.bt_hci_le_adv_report
                0x000000000002dde4      0x1a0 zephyr/subsys/bluetooth/host/libsubsys__bluetooth__host.a(scan.c.obj)
                0x000000000002dde4                bt_hci_le_adv_report
 .text.bt_le_scan_start
                0x000000000002df84       0xa0 zephyr/subsys/bluetooth/host/libsubsys__bluetooth__host.a(scan.c.obj)
                0x000000000002df84                bt_le_scan_start
 .text.notify_connected
                0x000000000002e024       0x40 zephyr/subsys/bluetooth/host/libsubsys__bluetooth__host.a(conn.c.obj)
 .text.frag_destroy
                0x000000000002e064       0x20 zephyr/subsys/bluetooth/host/libsubsys__bluetooth__host.a(conn.c.obj)
 .text.conn_tx_destroy
                0x000000000002e084       0x2c zephyr/subsys/bluetooth/host/libsubsys__bluetooth__host.a(conn.c.obj)
 .text.perform_auto_initiated_procedures
                0x000000000002e0b0       0x74 zephyr/subsys/bluetooth/host/libsubsys__bluetooth__host.a(conn.c.obj)
 .text.recycled_work_handler
                0x000000000002e124       0x54 zephyr/subsys/bluetooth/host/libsubsys__bluetooth__host.a(conn.c.obj)
 .text.tx_notify_process
                0x000000000002e178       0x60 zephyr/subsys/bluetooth/host/libsubsys__bluetooth__host.a(conn.c.obj)
 .text.bt_conn_get_pkts
                0x000000000002e1d8       0x18 zephyr/subsys/bluetooth/host/libsubsys__bluetooth__host.a(conn.c.obj)
                0x000000000002e1d8                bt_conn_get_pkts
 .text.bt_conn_tx_notify
                0x000000000002e1f0       0x48 zephyr/subsys/bluetooth/host/libsubsys__bluetooth__host.a(conn.c.obj)
                0x000000000002e1f0                bt_conn_tx_notify
 .text.bt_conn_new
                0x000000000002e238       0x64 zephyr/subsys/bluetooth/host/libsubsys__bluetooth__host.a(conn.c.obj)
                0x000000000002e238                bt_conn_new
 .text.bt_conn_unref
                0x000000000002e29c       0x38 zephyr/subsys/bluetooth/host/libsubsys__bluetooth__host.a(conn.c.obj)
                0x000000000002e29c                bt_conn_unref
 .text.bt_conn_data_ready
                0x000000000002e2d4       0x54 zephyr/subsys/bluetooth/host/libsubsys__bluetooth__host.a(conn.c.obj)
                0x000000000002e2d4                bt_conn_data_ready
 .text.bt_conn_set_state
                0x000000000002e328       0xe8 zephyr/subsys/bluetooth/host/libsubsys__bluetooth__host.a(conn.c.obj)
                0x000000000002e328                bt_conn_set_state
 .text.bt_conn_foreach
                0x000000000002e410       0x30 zephyr/subsys/bluetooth/host/libsubsys__bluetooth__host.a(conn.c.obj)
                0x000000000002e410                bt_conn_foreach
 .text.auto_initiated_procedures
                0x000000000002e440       0x10 zephyr/subsys/bluetooth/host/libsubsys__bluetooth__host.a(conn.c.obj)
 .text.bt_conn_lookup_handle
                0x000000000002e450       0x38 zephyr/subsys/bluetooth/host/libsubsys__bluetooth__host.a(conn.c.obj)
                0x000000000002e450                bt_conn_lookup_handle
 .text.bt_conn_index
                0x000000000002e488       0x18 zephyr/subsys/bluetooth/host/libsubsys__bluetooth__host.a(conn.c.obj)
                0x000000000002e488                bt_conn_index
 .text.bt_conn_create_pdu_timeout
                0x000000000002e4a0       0x4c zephyr/subsys/bluetooth/host/libsubsys__bluetooth__host.a(conn.c.obj)
                0x000000000002e4a0                bt_conn_create_pdu_timeout
 .text.bt_conn_connected
                0x000000000002e4ec       0x20 zephyr/subsys/bluetooth/host/libsubsys__bluetooth__host.a(conn.c.obj)
                0x000000000002e4ec                bt_conn_connected
 .text.bt_conn_tx_processor
                0x000000000002e50c      0x2d4 zephyr/subsys/bluetooth/host/libsubsys__bluetooth__host.a(conn.c.obj)
                0x000000000002e50c                bt_conn_tx_processor
 .text.bt_conn_notify_le_param_updated
                0x000000000002e7e0       0x9c zephyr/subsys/bluetooth/host/libsubsys__bluetooth__host.a(conn.c.obj)
                0x000000000002e7e0                bt_conn_notify_le_param_updated
 .text.bt_conn_le_param_req
                0x000000000002e87c       0x78 zephyr/subsys/bluetooth/host/libsubsys__bluetooth__host.a(conn.c.obj)
                0x000000000002e87c                bt_conn_le_param_req
 .text.bt_conn_add_le
                0x000000000002e8f4       0x54 zephyr/subsys/bluetooth/host/libsubsys__bluetooth__host.a(conn.c.obj)
                0x000000000002e8f4                bt_conn_add_le
 .text.bt_conn_lookup_addr_le
                0x000000000002e948       0x34 zephyr/subsys/bluetooth/host/libsubsys__bluetooth__host.a(conn.c.obj)
                0x000000000002e948                bt_conn_lookup_addr_le
 .text.bt_conn_lookup_state_le
                0x000000000002e97c       0x44 zephyr/subsys/bluetooth/host/libsubsys__bluetooth__host.a(conn.c.obj)
                0x000000000002e97c                bt_conn_lookup_state_le
 .text.send_conn_le_param_update
                0x000000000002e9c0       0x6c zephyr/subsys/bluetooth/host/libsubsys__bluetooth__host.a(conn.c.obj)
 .text.deferred_work
                0x000000000002ea2c       0xfc zephyr/subsys/bluetooth/host/libsubsys__bluetooth__host.a(conn.c.obj)
 .text.bt_conn_init
                0x000000000002eb28       0x44 zephyr/subsys/bluetooth/host/libsubsys__bluetooth__host.a(conn.c.obj)
                0x000000000002eb28                bt_conn_init
 .text.l2cap_accept
                0x000000000002eb6c       0x1c zephyr/subsys/bluetooth/host/libsubsys__bluetooth__host.a(l2cap.c.obj)
 .text.bt_l2cap_create_pdu_timeout
                0x000000000002eb88       0x34 zephyr/subsys/bluetooth/host/libsubsys__bluetooth__host.a(l2cap.c.obj)
                0x000000000002eb88                bt_l2cap_create_pdu_timeout
 .text.l2cap_data_pull
                0x000000000002ebbc       0xdc zephyr/subsys/bluetooth/host/libsubsys__bluetooth__host.a(l2cap.c.obj)
                0x000000000002ebbc                l2cap_data_pull
 .text.bt_l2cap_connected
                0x000000000002ec98       0xac zephyr/subsys/bluetooth/host/libsubsys__bluetooth__host.a(l2cap.c.obj)
                0x000000000002ec98                bt_l2cap_connected
 .text.bt_l2cap_update_conn_param
                0x000000000002ed44       0x50 zephyr/subsys/bluetooth/host/libsubsys__bluetooth__host.a(l2cap.c.obj)
                0x000000000002ed44                bt_l2cap_update_conn_param
 .text.att_op_get_type
                0x000000000002ed94       0x74 zephyr/subsys/bluetooth/host/libsubsys__bluetooth__host.a(att.c.obj)
 .text.bt_att_chan_create_pdu
                0x000000000002ee08       0x94 zephyr/subsys/bluetooth/host/libsubsys__bluetooth__host.a(att.c.obj)
 .text.bt_att_released
                0x000000000002ee9c        0xc zephyr/subsys/bluetooth/host/libsubsys__bluetooth__host.a(att.c.obj)
 .text.att_create_rsp_pdu
                0x000000000002eea8       0x48 zephyr/subsys/bluetooth/host/libsubsys__bluetooth__host.a(att.c.obj)
 .text.bt_addr_le_to_str.constprop.0.isra.0
                0x000000000002eef0       0x78 zephyr/subsys/bluetooth/host/libsubsys__bluetooth__host.a(att.c.obj)
 .text.read_group_cb
                0x000000000002ef68       0xb8 zephyr/subsys/bluetooth/host/libsubsys__bluetooth__host.a(att.c.obj)
 .text.bt_att_connected
                0x000000000002f020       0x40 zephyr/subsys/bluetooth/host/libsubsys__bluetooth__host.a(att.c.obj)
 .text.read_type_cb
                0x000000000002f060       0xc0 zephyr/subsys/bluetooth/host/libsubsys__bluetooth__host.a(att.c.obj)
 .text.bt_att_accept
                0x000000000002f120       0xcc zephyr/subsys/bluetooth/host/libsubsys__bluetooth__host.a(att.c.obj)
 .text.chan_send
                0x000000000002f1ec       0xac zephyr/subsys/bluetooth/host/libsubsys__bluetooth__host.a(att.c.obj)
 .text.att_tx_destroy
                0x000000000002f298       0xdc zephyr/subsys/bluetooth/host/libsubsys__bluetooth__host.a(att.c.obj)
 .text.bt_att_recv
                0x000000000002f374       0x8c zephyr/subsys/bluetooth/host/libsubsys__bluetooth__host.a(att.c.obj)
 .text.att_read_group_req
                0x000000000002f400       0xf0 zephyr/subsys/bluetooth/host/libsubsys__bluetooth__host.a(att.c.obj)
 .text.att_read_mult_vl_req
                0x000000000002f4f0       0x9c zephyr/subsys/bluetooth/host/libsubsys__bluetooth__host.a(att.c.obj)
 .text.att_read_mult_req
                0x000000000002f58c       0x9c zephyr/subsys/bluetooth/host/libsubsys__bluetooth__host.a(att.c.obj)
 .text.att_read_rsp
                0x000000000002f628       0x90 zephyr/subsys/bluetooth/host/libsubsys__bluetooth__host.a(att.c.obj)
 .text.att_read_type_req
                0x000000000002f6b8      0x114 zephyr/subsys/bluetooth/host/libsubsys__bluetooth__host.a(att.c.obj)
 .text.att_find_type_req
                0x000000000002f7cc       0xc0 zephyr/subsys/bluetooth/host/libsubsys__bluetooth__host.a(att.c.obj)
 .text.att_find_info_req
                0x000000000002f88c       0x6c zephyr/subsys/bluetooth/host/libsubsys__bluetooth__host.a(att.c.obj)
 .text.att_write_rsp.constprop.0
                0x000000000002f8f8       0xc0 zephyr/subsys/bluetooth/host/libsubsys__bluetooth__host.a(att.c.obj)
 .text.bt_att_req_alloc
                0x000000000002f9b8       0x5c zephyr/subsys/bluetooth/host/libsubsys__bluetooth__host.a(att.c.obj)
                0x000000000002f9b8                bt_att_req_alloc
 .text.bt_att_req_free
                0x000000000002fa14       0x20 zephyr/subsys/bluetooth/host/libsubsys__bluetooth__host.a(att.c.obj)
                0x000000000002fa14                bt_att_req_free
 .text.att_handle_rsp
                0x000000000002fa34       0x74 zephyr/subsys/bluetooth/host/libsubsys__bluetooth__host.a(att.c.obj)
 .text.att_error_rsp
                0x000000000002faa8       0x24 zephyr/subsys/bluetooth/host/libsubsys__bluetooth__host.a(att.c.obj)
 .text.bt_att_disconnected
                0x000000000002facc       0xc8 zephyr/subsys/bluetooth/host/libsubsys__bluetooth__host.a(att.c.obj)
 .text.bt_att_req_cancel
                0x000000000002fb94       0x58 zephyr/subsys/bluetooth/host/libsubsys__bluetooth__host.a(att.c.obj)
                0x000000000002fb94                bt_att_req_cancel
 .text.bt_att_set_tx_meta_data
                0x000000000002fbec       0x24 zephyr/subsys/bluetooth/host/libsubsys__bluetooth__host.a(att.c.obj)
                0x000000000002fbec                bt_att_set_tx_meta_data
 .text.find_sc_cfg
                0x000000000002fc10       0x24 zephyr/subsys/bluetooth/host/libsubsys__bluetooth__host.a(gatt.c.obj)
 .text.gatt_sub_remove
                0x000000000002fc34       0x48 zephyr/subsys/bluetooth/host/libsubsys__bluetooth__host.a(gatt.c.obj)
 .text.find_ccc_cfg
                0x000000000002fc7c       0x28 zephyr/subsys/bluetooth/host/libsubsys__bluetooth__host.a(gatt.c.obj)
 .text.gatt_sub_find
                0x000000000002fca4       0x30 zephyr/subsys/bluetooth/host/libsubsys__bluetooth__host.a(gatt.c.obj)
 .text.bt_gatt_attr_write_ccc
                0x000000000002fcd4       0xa8 zephyr/subsys/bluetooth/host/libsubsys__bluetooth__host.a(gatt.c.obj)
                0x000000000002fcd4                bt_gatt_attr_write_ccc
 .text.read_ppcp
                0x000000000002fd7c       0x28 zephyr/subsys/bluetooth/host/libsubsys__bluetooth__host.a(gatt.c.obj)
 .text.sc_save  0x000000000002fda4       0x48 zephyr/subsys/bluetooth/host/libsubsys__bluetooth__host.a(gatt.c.obj)
 .text.gatt_write_ccc
                0x000000000002fdec       0x30 zephyr/subsys/bluetooth/host/libsubsys__bluetooth__host.a(gatt.c.obj)
 .text.disconnected_cb
                0x000000000002fe1c       0xa0 zephyr/subsys/bluetooth/host/libsubsys__bluetooth__host.a(gatt.c.obj)
 .text.sc_indicate_rsp
                0x000000000002febc       0x38 zephyr/subsys/bluetooth/host/libsubsys__bluetooth__host.a(gatt.c.obj)
 .text.bt_gatt_init
                0x000000000002fef4       0x5c zephyr/subsys/bluetooth/host/libsubsys__bluetooth__host.a(gatt.c.obj)
                0x000000000002fef4                bt_gatt_init
 .text.bt_gatt_attr_get_handle
                0x000000000002ff50       0x60 zephyr/subsys/bluetooth/host/libsubsys__bluetooth__host.a(gatt.c.obj)
                0x000000000002ff50                bt_gatt_attr_get_handle
 .text.bt_gatt_foreach_attr_type
                0x000000000002ffb0       0xb4 zephyr/subsys/bluetooth/host/libsubsys__bluetooth__host.a(gatt.c.obj)
                0x000000000002ffb0                bt_gatt_foreach_attr_type
 .text.bt_gatt_attr_next
                0x0000000000030064       0x24 zephyr/subsys/bluetooth/host/libsubsys__bluetooth__host.a(gatt.c.obj)
                0x0000000000030064                bt_gatt_attr_next
 .text.gatt_indicate
                0x0000000000030088       0xa0 zephyr/subsys/bluetooth/host/libsubsys__bluetooth__host.a(gatt.c.obj)
 .text.bt_gatt_indicate
                0x0000000000030128       0xf4 zephyr/subsys/bluetooth/host/libsubsys__bluetooth__host.a(gatt.c.obj)
                0x0000000000030128                bt_gatt_indicate
 .text.sc_process
                0x000000000003021c       0x68 zephyr/subsys/bluetooth/host/libsubsys__bluetooth__host.a(gatt.c.obj)
 .text.update_ccc
                0x0000000000030284       0xb8 zephyr/subsys/bluetooth/host/libsubsys__bluetooth__host.a(gatt.c.obj)
 .text.notify_cb
                0x000000000003033c      0x100 zephyr/subsys/bluetooth/host/libsubsys__bluetooth__host.a(gatt.c.obj)
 .text.bt_gatt_exchange_mtu
                0x000000000003043c       0x60 zephyr/subsys/bluetooth/host/libsubsys__bluetooth__host.a(gatt.c.obj)
                0x000000000003043c                bt_gatt_exchange_mtu
 .text.bt_gatt_read
                0x000000000003049c       0x8c zephyr/subsys/bluetooth/host/libsubsys__bluetooth__host.a(gatt.c.obj)
                0x000000000003049c                bt_gatt_read
 .text.bt_gatt_unsubscribe
                0x0000000000030528       0xe0 zephyr/subsys/bluetooth/host/libsubsys__bluetooth__host.a(gatt.c.obj)
                0x0000000000030528                bt_gatt_unsubscribe
 .text.bt_gatt_connected
                0x0000000000030608       0x20 zephyr/subsys/bluetooth/host/libsubsys__bluetooth__host.a(gatt.c.obj)
                0x0000000000030608                bt_gatt_connected
 .text.bt_gatt_att_max_mtu_changed
                0x0000000000030628       0x28 zephyr/subsys/bluetooth/host/libsubsys__bluetooth__host.a(gatt.c.obj)
                0x0000000000030628                bt_gatt_att_max_mtu_changed
 .text.bt_gatt_disconnected
                0x0000000000030650       0xa8 zephyr/subsys/bluetooth/host/libsubsys__bluetooth__host.a(gatt.c.obj)
                0x0000000000030650                bt_gatt_disconnected
 .text.bt_gatt_req_set_mtu
                0x00000000000306f8       0x14 zephyr/subsys/bluetooth/host/libsubsys__bluetooth__host.a(gatt.c.obj)
                0x00000000000306f8                bt_gatt_req_set_mtu
 .text.bt_smp_accept
                0x000000000003070c       0x1c zephyr/subsys/bluetooth/host/libsubsys__bluetooth__host.a(smp_null.c.obj)
 .text.bt_nus_inst_default
                0x0000000000030728        0x8 zephyr/subsys/bluetooth/services/nus/libsubsys__bluetooth__services__nus.a(nus_inst.c.obj)
                0x0000000000030728                bt_nus_inst_default
 .text.bt_nus_inst_get_from_attr
                0x0000000000030730       0x38 zephyr/subsys/bluetooth/services/nus/libsubsys__bluetooth__services__nus.a(nus_inst.c.obj)
                0x0000000000030730                bt_nus_inst_get_from_attr
 .text.mem_init
                0x0000000000030768       0x48 zephyr/subsys/bluetooth/controller/libsubsys__bluetooth__controller.a(mem.c.obj)
                0x0000000000030768                mem_init
 .text.mem_acquire
                0x00000000000307b0       0x2c zephyr/subsys/bluetooth/controller/libsubsys__bluetooth__controller.a(mem.c.obj)
                0x00000000000307b0                mem_acquire
 .text.mem_release
                0x00000000000307dc       0x28 zephyr/subsys/bluetooth/controller/libsubsys__bluetooth__controller.a(mem.c.obj)
                0x00000000000307dc                mem_release
 .text.mem_get  0x0000000000030804        0x8 zephyr/subsys/bluetooth/controller/libsubsys__bluetooth__controller.a(mem.c.obj)
                0x0000000000030804                mem_get
 .text.mem_index_get
                0x000000000003080c        0xc zephyr/subsys/bluetooth/controller/libsubsys__bluetooth__controller.a(mem.c.obj)
                0x000000000003080c                mem_index_get
 .text.mem_rcopy
                0x0000000000030818       0x1c zephyr/subsys/bluetooth/controller/libsubsys__bluetooth__controller.a(mem.c.obj)
                0x0000000000030818                mem_rcopy
 .text.mem_nz   0x0000000000030834       0x18 zephyr/subsys/bluetooth/controller/libsubsys__bluetooth__controller.a(mem.c.obj)
                0x0000000000030834                mem_nz
 .text.memq_init
                0x000000000003084c        0x8 zephyr/subsys/bluetooth/controller/libsubsys__bluetooth__controller.a(memq.c.obj)
                0x000000000003084c                memq_init
 .text.memq_deinit
                0x0000000000030854       0x14 zephyr/subsys/bluetooth/controller/libsubsys__bluetooth__controller.a(memq.c.obj)
                0x0000000000030854                memq_deinit
 .text.memq_enqueue
                0x0000000000030868       0x14 zephyr/subsys/bluetooth/controller/libsubsys__bluetooth__controller.a(memq.c.obj)
                0x0000000000030868                memq_enqueue
 .text.memq_peek
                0x000000000003087c       0x10 zephyr/subsys/bluetooth/controller/libsubsys__bluetooth__controller.a(memq.c.obj)
                0x000000000003087c                memq_peek
 .text.memq_dequeue
                0x000000000003088c       0x20 zephyr/subsys/bluetooth/controller/libsubsys__bluetooth__controller.a(memq.c.obj)
                0x000000000003088c                memq_dequeue
 .text.mayfly_init
                0x00000000000308ac       0x40 zephyr/subsys/bluetooth/controller/libsubsys__bluetooth__controller.a(mayfly.c.obj)
                0x00000000000308ac                mayfly_init
 .text.mayfly_enable
                0x00000000000308ec       0x68 zephyr/subsys/bluetooth/controller/libsubsys__bluetooth__controller.a(mayfly.c.obj)
                0x00000000000308ec                mayfly_enable
 .text.mayfly_enqueue
                0x0000000000030954       0xbc zephyr/subsys/bluetooth/controller/libsubsys__bluetooth__controller.a(mayfly.c.obj)
                0x0000000000030954                mayfly_enqueue
 .text.mayfly_run
                0x0000000000030a10      0x174 zephyr/subsys/bluetooth/controller/libsubsys__bluetooth__controller.a(mayfly.c.obj)
                0x0000000000030a10                mayfly_run
 .text.util_ones_count_get
                0x0000000000030b84       0x28 zephyr/subsys/bluetooth/controller/libsubsys__bluetooth__controller.a(util.c.obj)
                0x0000000000030b84                util_ones_count_get
 .text.ticker_dequeue
                0x0000000000030bac       0x74 zephyr/subsys/bluetooth/controller/libsubsys__bluetooth__controller.a(ticker.c.obj)
 .text.ticks_to_expire_prep
                0x0000000000030c20       0x48 zephyr/subsys/bluetooth/controller/libsubsys__bluetooth__controller.a(ticker.c.obj)
 .text.start_us.constprop.0
                0x0000000000030c68       0xac zephyr/subsys/bluetooth/controller/libsubsys__bluetooth__controller.a(ticker.c.obj)
 .text.ticker_job_list_insert
                0x0000000000030d14      0x218 zephyr/subsys/bluetooth/controller/libsubsys__bluetooth__controller.a(ticker.c.obj)
 .text.ticker_worker
                0x0000000000030f2c      0x390 zephyr/subsys/bluetooth/controller/libsubsys__bluetooth__controller.a(ticker.c.obj)
                0x0000000000030f2c                ticker_worker
 .text.ticker_job
                0x00000000000312bc      0x988 zephyr/subsys/bluetooth/controller/libsubsys__bluetooth__controller.a(ticker.c.obj)
                0x00000000000312bc                ticker_job
 .text.ticker_init
                0x0000000000031c44       0x64 zephyr/subsys/bluetooth/controller/libsubsys__bluetooth__controller.a(ticker.c.obj)
                0x0000000000031c44                ticker_init
 .text.ticker_deinit
                0x0000000000031ca8       0x20 zephyr/subsys/bluetooth/controller/libsubsys__bluetooth__controller.a(ticker.c.obj)
                0x0000000000031ca8                ticker_deinit
 .text.ticker_trigger
                0x0000000000031cc8       0x30 zephyr/subsys/bluetooth/controller/libsubsys__bluetooth__controller.a(ticker.c.obj)
                0x0000000000031cc8                ticker_trigger
 .text.ticker_start
                0x0000000000031cf8       0x38 zephyr/subsys/bluetooth/controller/libsubsys__bluetooth__controller.a(ticker.c.obj)
                0x0000000000031cf8                ticker_start
 .text.ticker_start_ext
                0x0000000000031d30       0x10 zephyr/subsys/bluetooth/controller/libsubsys__bluetooth__controller.a(ticker.c.obj)
                0x0000000000031d30                ticker_start_ext
 .text.ticker_update_ext
                0x0000000000031d40       0xb0 zephyr/subsys/bluetooth/controller/libsubsys__bluetooth__controller.a(ticker.c.obj)
                0x0000000000031d40                ticker_update_ext
 .text.ticker_update
                0x0000000000031df0       0x30 zephyr/subsys/bluetooth/controller/libsubsys__bluetooth__controller.a(ticker.c.obj)
                0x0000000000031df0                ticker_update
 .text.ticker_stop
                0x0000000000031e20       0x84 zephyr/subsys/bluetooth/controller/libsubsys__bluetooth__controller.a(ticker.c.obj)
                0x0000000000031e20                ticker_stop
 .text.ticker_stop_abs
                0x0000000000031ea4       0x88 zephyr/subsys/bluetooth/controller/libsubsys__bluetooth__controller.a(ticker.c.obj)
                0x0000000000031ea4                ticker_stop_abs
 .text.ticker_ticks_now_get
                0x0000000000031f2c        0x4 zephyr/subsys/bluetooth/controller/libsubsys__bluetooth__controller.a(ticker.c.obj)
                0x0000000000031f2c                ticker_ticks_now_get
 .text.ticker_ticks_diff_get
                0x0000000000031f30        0x8 zephyr/subsys/bluetooth/controller/libsubsys__bluetooth__controller.a(ticker.c.obj)
                0x0000000000031f30                ticker_ticks_diff_get
 .text.ll_feat_get
                0x0000000000031f38        0xc zephyr/subsys/bluetooth/controller/libsubsys__bluetooth__controller.a(ll_feat.c.obj)
                0x0000000000031f38                ll_feat_get
 .text.ll_tx_pwr_lvl_get
                0x0000000000031f44       0x20 zephyr/subsys/bluetooth/controller/libsubsys__bluetooth__controller.a(ll_tx_pwr.c.obj)
                0x0000000000031f44                ll_tx_pwr_lvl_get
 .text.ll_tx_pwr_get
                0x0000000000031f64        0x8 zephyr/subsys/bluetooth/controller/libsubsys__bluetooth__controller.a(ll_tx_pwr.c.obj)
                0x0000000000031f64                ll_tx_pwr_get
 .text.ll_addr_set
                0x0000000000031f6c       0x44 zephyr/subsys/bluetooth/controller/libsubsys__bluetooth__controller.a(ll_addr.c.obj)
                0x0000000000031f6c                ll_addr_set
 .text.ll_addr_get
                0x0000000000031fb0       0x20 zephyr/subsys/bluetooth/controller/libsubsys__bluetooth__controller.a(ll_addr.c.obj)
                0x0000000000031fb0                ll_addr_get
 .text.ll_addr_read
                0x0000000000031fd0       0x28 zephyr/subsys/bluetooth/controller/libsubsys__bluetooth__controller.a(ll_addr.c.obj)
                0x0000000000031fd0                ll_addr_read
 .text.perform_lll_reset
                0x0000000000031ff8       0x50 zephyr/subsys/bluetooth/controller/libsubsys__bluetooth__controller.a(ull.c.obj)
 .text.ull_ticker_status_give
                0x0000000000032048        0xc zephyr/subsys/bluetooth/controller/libsubsys__bluetooth__controller.a(ull.c.obj)
                0x0000000000032048                ull_ticker_status_give
 .text.disabled_cb
                0x0000000000032054        0x4 zephyr/subsys/bluetooth/controller/libsubsys__bluetooth__controller.a(ull.c.obj)
 .text.tx_cmplt_get
                0x0000000000032058       0xb4 zephyr/subsys/bluetooth/controller/libsubsys__bluetooth__controller.a(ull.c.obj)
 .text.rx_replenish
                0x000000000003210c       0xf8 zephyr/subsys/bluetooth/controller/libsubsys__bluetooth__controller.a(ull.c.obj)
 .text.init_reset
                0x0000000000032204       0xf0 zephyr/subsys/bluetooth/controller/libsubsys__bluetooth__controller.a(ull.c.obj)
 .text.rx_demux
                0x00000000000322f4      0x208 zephyr/subsys/bluetooth/controller/libsubsys__bluetooth__controller.a(ull.c.obj)
 .text.ll_init  0x00000000000324fc       0xc4 zephyr/subsys/bluetooth/controller/libsubsys__bluetooth__controller.a(ull.c.obj)
                0x00000000000324fc                ll_init
 .text.ll_reset
                0x00000000000325c0       0xb4 zephyr/subsys/bluetooth/controller/libsubsys__bluetooth__controller.a(ull.c.obj)
                0x00000000000325c0                ll_reset
 .text.ll_deinit
                0x0000000000032674       0x18 zephyr/subsys/bluetooth/controller/libsubsys__bluetooth__controller.a(ull.c.obj)
                0x0000000000032674                ll_deinit
 .text.ll_rx_get
                0x000000000003268c       0xcc zephyr/subsys/bluetooth/controller/libsubsys__bluetooth__controller.a(ull.c.obj)
                0x000000000003268c                ll_rx_get
 .text.ll_rx_dequeue
                0x0000000000032758       0xbc zephyr/subsys/bluetooth/controller/libsubsys__bluetooth__controller.a(ull.c.obj)
                0x0000000000032758                ll_rx_dequeue
 .text.ll_rx_mem_release
                0x0000000000032814       0xe4 zephyr/subsys/bluetooth/controller/libsubsys__bluetooth__controller.a(ull.c.obj)
                0x0000000000032814                ll_rx_mem_release
 .text.ll_rx_link_alloc
                0x00000000000328f8        0xc zephyr/subsys/bluetooth/controller/libsubsys__bluetooth__controller.a(ull.c.obj)
                0x00000000000328f8                ll_rx_link_alloc
 .text.ll_rx_link_release
                0x0000000000032904        0xc zephyr/subsys/bluetooth/controller/libsubsys__bluetooth__controller.a(ull.c.obj)
                0x0000000000032904                ll_rx_link_release
 .text.ll_rx_alloc
                0x0000000000032910        0xc zephyr/subsys/bluetooth/controller/libsubsys__bluetooth__controller.a(ull.c.obj)
                0x0000000000032910                ll_rx_alloc
 .text.ll_rx_release
                0x000000000003291c        0xc zephyr/subsys/bluetooth/controller/libsubsys__bluetooth__controller.a(ull.c.obj)
                0x000000000003291c                ll_rx_release
 .text.ll_rx_put
                0x0000000000032928       0x18 zephyr/subsys/bluetooth/controller/libsubsys__bluetooth__controller.a(ull.c.obj)
                0x0000000000032928                ll_rx_put
 .text.ll_rx_put_sched
                0x0000000000032940       0x28 zephyr/subsys/bluetooth/controller/libsubsys__bluetooth__controller.a(ull.c.obj)
                0x0000000000032940                ll_rx_put_sched
 .text.ll_pdu_rx_alloc_peek
                0x0000000000032968       0x34 zephyr/subsys/bluetooth/controller/libsubsys__bluetooth__controller.a(ull.c.obj)
                0x0000000000032968                ll_pdu_rx_alloc_peek
 .text.ll_pdu_rx_alloc
                0x000000000003299c       0x24 zephyr/subsys/bluetooth/controller/libsubsys__bluetooth__controller.a(ull.c.obj)
                0x000000000003299c                ll_pdu_rx_alloc
 .text.ll_tx_ack_put
                0x00000000000329c0       0x3c zephyr/subsys/bluetooth/controller/libsubsys__bluetooth__controller.a(ull.c.obj)
                0x00000000000329c0                ll_tx_ack_put
 .text.ull_ticker_status_take
                0x00000000000329fc       0x24 zephyr/subsys/bluetooth/controller/libsubsys__bluetooth__controller.a(ull.c.obj)
                0x00000000000329fc                ull_ticker_status_take
 .text.ull_disable_mark
                0x0000000000032a20       0x18 zephyr/subsys/bluetooth/controller/libsubsys__bluetooth__controller.a(ull.c.obj)
                0x0000000000032a20                ull_disable_mark
 .text.ull_disable_unmark
                0x0000000000032a38       0x18 zephyr/subsys/bluetooth/controller/libsubsys__bluetooth__controller.a(ull.c.obj)
                0x0000000000032a38                ull_disable_unmark
 .text.ull_disable_mark_get
                0x0000000000032a50        0xc zephyr/subsys/bluetooth/controller/libsubsys__bluetooth__controller.a(ull.c.obj)
                0x0000000000032a50                ull_disable_mark_get
 .text.ull_update_mark
                0x0000000000032a5c       0x18 zephyr/subsys/bluetooth/controller/libsubsys__bluetooth__controller.a(ull.c.obj)
                0x0000000000032a5c                ull_update_mark
 .text.ull_update_unmark
                0x0000000000032a74       0x18 zephyr/subsys/bluetooth/controller/libsubsys__bluetooth__controller.a(ull.c.obj)
                0x0000000000032a74                ull_update_unmark
 .text.ull_update_mark_get
                0x0000000000032a8c        0xc zephyr/subsys/bluetooth/controller/libsubsys__bluetooth__controller.a(ull.c.obj)
                0x0000000000032a8c                ull_update_mark_get
 .text.ull_disable
                0x0000000000032a98       0x54 zephyr/subsys/bluetooth/controller/libsubsys__bluetooth__controller.a(ull.c.obj)
                0x0000000000032a98                ull_disable
 .text.ull_ticker_stop_with_mark
                0x0000000000032aec       0xa4 zephyr/subsys/bluetooth/controller/libsubsys__bluetooth__controller.a(ull.c.obj)
                0x0000000000032aec                ull_ticker_stop_with_mark
 .text.ull_pdu_rx_alloc_peek
                0x0000000000032b90       0x34 zephyr/subsys/bluetooth/controller/libsubsys__bluetooth__controller.a(ull.c.obj)
                0x0000000000032b90                ull_pdu_rx_alloc_peek
 .text.ull_pdu_rx_alloc
                0x0000000000032bc4       0x24 zephyr/subsys/bluetooth/controller/libsubsys__bluetooth__controller.a(ull.c.obj)
                0x0000000000032bc4                ull_pdu_rx_alloc
 .text.ull_rx_put
                0x0000000000032be8       0x20 zephyr/subsys/bluetooth/controller/libsubsys__bluetooth__controller.a(ull.c.obj)
                0x0000000000032be8                ull_rx_put
 .text.ull_rx_sched
                0x0000000000032c08       0x10 zephyr/subsys/bluetooth/controller/libsubsys__bluetooth__controller.a(ull.c.obj)
                0x0000000000032c08                ull_rx_sched
 .text.ull_rx_put_sched
                0x0000000000032c18       0x30 zephyr/subsys/bluetooth/controller/libsubsys__bluetooth__controller.a(ull.c.obj)
                0x0000000000032c18                ull_rx_put_sched
 .text.ull_prepare_enqueue
                0x0000000000032c48       0x74 zephyr/subsys/bluetooth/controller/libsubsys__bluetooth__controller.a(ull.c.obj)
                0x0000000000032c48                ull_prepare_enqueue
 .text.ull_prepare_dequeue_get
                0x0000000000032cbc       0x1c zephyr/subsys/bluetooth/controller/libsubsys__bluetooth__controller.a(ull.c.obj)
                0x0000000000032cbc                ull_prepare_dequeue_get
 .text.ull_prepare_dequeue_iter
                0x0000000000032cd8       0x34 zephyr/subsys/bluetooth/controller/libsubsys__bluetooth__controller.a(ull.c.obj)
                0x0000000000032cd8                ull_prepare_dequeue_iter
 .text.ull_prepare_dequeue
                0x0000000000032d0c      0x104 zephyr/subsys/bluetooth/controller/libsubsys__bluetooth__controller.a(ull.c.obj)
                0x0000000000032d0c                ull_prepare_dequeue
 .text.ull_event_done_extra_get
                0x0000000000032e10       0x1c zephyr/subsys/bluetooth/controller/libsubsys__bluetooth__controller.a(ull.c.obj)
                0x0000000000032e10                ull_event_done_extra_get
 .text.ull_event_done
                0x0000000000032e2c       0x5c zephyr/subsys/bluetooth/controller/libsubsys__bluetooth__controller.a(ull.c.obj)
                0x0000000000032e2c                ull_event_done
 .text.lll_prepare
                0x0000000000032e88       0x1c zephyr/subsys/bluetooth/controller/libsubsys__bluetooth__controller.a(lll_common.c.obj)
                0x0000000000032e88                lll_prepare
 .text.lll_resume
                0x0000000000032ea4       0x28 zephyr/subsys/bluetooth/controller/libsubsys__bluetooth__controller.a(lll_common.c.obj)
                0x0000000000032ea4                lll_resume
 .text.bt_recv_prio
                0x0000000000032ecc       0x20 zephyr/subsys/bluetooth/controller/libsubsys__bluetooth__controller.a(hci_driver.c.obj)
 .text.hci_driver_send
                0x0000000000032eec       0x88 zephyr/subsys/bluetooth/controller/libsubsys__bluetooth__controller.a(hci_driver.c.obj)
 .text.hci_driver_close
                0x0000000000032f74       0x28 zephyr/subsys/bluetooth/controller/libsubsys__bluetooth__controller.a(hci_driver.c.obj)
 .text.recv_thread
                0x0000000000032f9c      0x108 zephyr/subsys/bluetooth/controller/libsubsys__bluetooth__controller.a(hci_driver.c.obj)
 .text.prio_recv_thread
                0x00000000000330a4       0xe0 zephyr/subsys/bluetooth/controller/libsubsys__bluetooth__controller.a(hci_driver.c.obj)
 .text.hci_driver_open
                0x0000000000033184       0xb0 zephyr/subsys/bluetooth/controller/libsubsys__bluetooth__controller.a(hci_driver.c.obj)
 .text.hci_recv_fifo_reset
                0x0000000000033234       0x20 zephyr/subsys/bluetooth/controller/libsubsys__bluetooth__controller.a(hci_driver.c.obj)
                0x0000000000033234                hci_recv_fifo_reset
 .text.dup_found.constprop.0
                0x0000000000033254       0xb0 zephyr/subsys/bluetooth/controller/libsubsys__bluetooth__controller.a(hci.c.obj)
 .text.le_remote_feat_complete
                0x0000000000033304       0x78 zephyr/subsys/bluetooth/controller/libsubsys__bluetooth__controller.a(hci.c.obj)
 .text.hci_vendor_cmd_handle_common
                0x000000000003337c      0x194 zephyr/subsys/bluetooth/controller/libsubsys__bluetooth__controller.a(hci.c.obj)
                0x000000000003337c                hci_vendor_cmd_handle_common
 .text.hci_cmd_handle
                0x0000000000033510      0x7f8 zephyr/subsys/bluetooth/controller/libsubsys__bluetooth__controller.a(hci.c.obj)
                0x0000000000033510                hci_cmd_handle
 .text.hci_acl_handle
                0x0000000000033d08       0xbc zephyr/subsys/bluetooth/controller/libsubsys__bluetooth__controller.a(hci.c.obj)
                0x0000000000033d08                hci_acl_handle
 .text.hci_disconn_complete_encode
                0x0000000000033dc4       0x40 zephyr/subsys/bluetooth/controller/libsubsys__bluetooth__controller.a(hci.c.obj)
                0x0000000000033dc4                hci_disconn_complete_encode
 .text.hci_disconn_complete_process
                0x0000000000033e04       0x10 zephyr/subsys/bluetooth/controller/libsubsys__bluetooth__controller.a(hci.c.obj)
                0x0000000000033e04                hci_disconn_complete_process
 .text.hci_acl_encode
                0x0000000000033e14       0x50 zephyr/subsys/bluetooth/controller/libsubsys__bluetooth__controller.a(hci.c.obj)
                0x0000000000033e14                hci_acl_encode
 .text.hci_evt_encode
                0x0000000000033e64      0x5f4 zephyr/subsys/bluetooth/controller/libsubsys__bluetooth__controller.a(hci.c.obj)
                0x0000000000033e64                hci_evt_encode
 .text.hci_num_cmplt_encode
                0x0000000000034458       0x30 zephyr/subsys/bluetooth/controller/libsubsys__bluetooth__controller.a(hci.c.obj)
                0x0000000000034458                hci_num_cmplt_encode
 .text.hci_get_class
                0x0000000000034488       0x2c zephyr/subsys/bluetooth/controller/libsubsys__bluetooth__controller.a(hci.c.obj)
                0x0000000000034488                hci_get_class
 .text.hci_init
                0x00000000000344b4       0x4c zephyr/subsys/bluetooth/controller/libsubsys__bluetooth__controller.a(hci.c.obj)
                0x00000000000344b4                hci_init
 .text.ticker_stop_cb
                0x0000000000034500       0x4c zephyr/subsys/bluetooth/controller/libsubsys__bluetooth__controller.a(ull_adv.c.obj)
 .text.disabled_cb
                0x000000000003454c       0x50 zephyr/subsys/bluetooth/controller/libsubsys__bluetooth__controller.a(ull_adv.c.obj)
 .text.ticker_update_op_cb
                0x000000000003459c       0x3c zephyr/subsys/bluetooth/controller/libsubsys__bluetooth__controller.a(ull_adv.c.obj)
 .text.ticker_stop_op_cb
                0x00000000000345d8       0x24 zephyr/subsys/bluetooth/controller/libsubsys__bluetooth__controller.a(ull_adv.c.obj)
 .text.adv_disable
                0x00000000000345fc       0x40 zephyr/subsys/bluetooth/controller/libsubsys__bluetooth__controller.a(ull_adv.c.obj)
 .text.init_set.constprop.0
                0x000000000003463c       0x40 zephyr/subsys/bluetooth/controller/libsubsys__bluetooth__controller.a(ull_adv.c.obj)
 .text.conn_release.constprop.0
                0x000000000003467c       0x54 zephyr/subsys/bluetooth/controller/libsubsys__bluetooth__controller.a(ull_adv.c.obj)
 .text.disable.constprop.0
                0x00000000000346d0       0xc8 zephyr/subsys/bluetooth/controller/libsubsys__bluetooth__controller.a(ull_adv.c.obj)
 .text.adv_time_get.constprop.0
                0x0000000000034798       0x74 zephyr/subsys/bluetooth/controller/libsubsys__bluetooth__controller.a(ull_adv.c.obj)
 .text.ticker_cb
                0x000000000003480c       0xe0 zephyr/subsys/bluetooth/controller/libsubsys__bluetooth__controller.a(ull_adv.c.obj)
 .text.ll_adv_params_set
                0x00000000000348ec      0x1b4 zephyr/subsys/bluetooth/controller/libsubsys__bluetooth__controller.a(ull_adv.c.obj)
                0x00000000000348ec                ll_adv_params_set
 .text.ull_adv_init
                0x0000000000034aa0       0x20 zephyr/subsys/bluetooth/controller/libsubsys__bluetooth__controller.a(ull_adv.c.obj)
                0x0000000000034aa0                ull_adv_init
 .text.ull_adv_reset
                0x0000000000034ac0        0xc zephyr/subsys/bluetooth/controller/libsubsys__bluetooth__controller.a(ull_adv.c.obj)
                0x0000000000034ac0                ull_adv_reset
 .text.ull_adv_reset_finalize
                0x0000000000034acc       0x2c zephyr/subsys/bluetooth/controller/libsubsys__bluetooth__controller.a(ull_adv.c.obj)
                0x0000000000034acc                ull_adv_reset_finalize
 .text.ull_adv_handle_get
                0x0000000000034af8       0x18 zephyr/subsys/bluetooth/controller/libsubsys__bluetooth__controller.a(ull_adv.c.obj)
                0x0000000000034af8                ull_adv_handle_get
 .text.ull_adv_lll_handle_get
                0x0000000000034b10       0x1c zephyr/subsys/bluetooth/controller/libsubsys__bluetooth__controller.a(ull_adv.c.obj)
                0x0000000000034b10                ull_adv_lll_handle_get
 .text.ull_adv_is_enabled
                0x0000000000034b2c       0x18 zephyr/subsys/bluetooth/controller/libsubsys__bluetooth__controller.a(ull_adv.c.obj)
                0x0000000000034b2c                ull_adv_is_enabled
 .text.ull_adv_data_set
                0x0000000000034b44       0xc4 zephyr/subsys/bluetooth/controller/libsubsys__bluetooth__controller.a(ull_adv.c.obj)
                0x0000000000034b44                ull_adv_data_set
 .text.ll_adv_data_set
                0x0000000000034c08       0x10 zephyr/subsys/bluetooth/controller/libsubsys__bluetooth__controller.a(ull_adv.c.obj)
                0x0000000000034c08                ll_adv_data_set
 .text.ull_scan_rsp_set
                0x0000000000034c18       0xcc zephyr/subsys/bluetooth/controller/libsubsys__bluetooth__controller.a(ull_adv.c.obj)
                0x0000000000034c18                ull_scan_rsp_set
 .text.ll_adv_scan_rsp_set
                0x0000000000034ce4       0x10 zephyr/subsys/bluetooth/controller/libsubsys__bluetooth__controller.a(ull_adv.c.obj)
                0x0000000000034ce4                ll_adv_scan_rsp_set
 .text.ticker_cb
                0x0000000000034cf4       0x4c zephyr/subsys/bluetooth/controller/libsubsys__bluetooth__controller.a(ull_scan.c.obj)
 .text.ull_scan_init
                0x0000000000034d40        0x4 zephyr/subsys/bluetooth/controller/libsubsys__bluetooth__controller.a(ull_scan.c.obj)
                0x0000000000034d40                ull_scan_init
 .text.ull_scan_reset
                0x0000000000034d44       0x88 zephyr/subsys/bluetooth/controller/libsubsys__bluetooth__controller.a(ull_scan.c.obj)
                0x0000000000034d44                ull_scan_reset
 .text.ull_scan_disable
                0x0000000000034dcc       0x5c zephyr/subsys/bluetooth/controller/libsubsys__bluetooth__controller.a(ull_scan.c.obj)
                0x0000000000034dcc                ull_scan_disable
 .text.ll_scan_enable
                0x0000000000034e28       0x50 zephyr/subsys/bluetooth/controller/libsubsys__bluetooth__controller.a(ull_scan.c.obj)
                0x0000000000034e28                ll_scan_enable
 .text.ull_scan_lll_handle_get
                0x0000000000034e78       0x1c zephyr/subsys/bluetooth/controller/libsubsys__bluetooth__controller.a(ull_scan.c.obj)
                0x0000000000034e78                ull_scan_lll_handle_get
 .text.ull_scan_is_enabled
                0x0000000000034e94       0x28 zephyr/subsys/bluetooth/controller/libsubsys__bluetooth__controller.a(ull_scan.c.obj)
                0x0000000000034e94                ull_scan_is_enabled
 .text.disabled_cb
                0x0000000000034ebc       0x1c zephyr/subsys/bluetooth/controller/libsubsys__bluetooth__controller.a(ull_conn.c.obj)
 .text.conn_setup_adv_scan_disabled_cb
                0x0000000000034ed8       0x18 zephyr/subsys/bluetooth/controller/libsubsys__bluetooth__controller.a(ull_conn.c.obj)
 .text.tx_lll_flush
                0x0000000000034ef0       0xa0 zephyr/subsys/bluetooth/controller/libsubsys__bluetooth__controller.a(ull_conn.c.obj)
 .text.ticker_start_conn_op_cb
                0x0000000000034f90       0x18 zephyr/subsys/bluetooth/controller/libsubsys__bluetooth__controller.a(ull_conn.c.obj)
 .text.ticker_stop_conn_op_cb
                0x0000000000034fa8       0x18 zephyr/subsys/bluetooth/controller/libsubsys__bluetooth__controller.a(ull_conn.c.obj)
 .text.ticker_stop_op_cb
                0x0000000000034fc0       0x28 zephyr/subsys/bluetooth/controller/libsubsys__bluetooth__controller.a(ull_conn.c.obj)
 .text.ticker_update_conn_op_cb
                0x0000000000034fe8       0x20 zephyr/subsys/bluetooth/controller/libsubsys__bluetooth__controller.a(ull_conn.c.obj)
 .text.init_reset
                0x0000000000035008       0x8c zephyr/subsys/bluetooth/controller/libsubsys__bluetooth__controller.a(ull_conn.c.obj)
 .text.conn_disable
                0x0000000000035094       0x54 zephyr/subsys/bluetooth/controller/libsubsys__bluetooth__controller.a(ull_conn.c.obj)
 .text.ll_conn_acquire
                0x00000000000350e8        0xc zephyr/subsys/bluetooth/controller/libsubsys__bluetooth__controller.a(ull_conn.c.obj)
                0x00000000000350e8                ll_conn_acquire
 .text.ll_conn_release
                0x00000000000350f4        0xc zephyr/subsys/bluetooth/controller/libsubsys__bluetooth__controller.a(ull_conn.c.obj)
                0x00000000000350f4                ll_conn_release
 .text.ll_conn_handle_get
                0x0000000000035100       0x10 zephyr/subsys/bluetooth/controller/libsubsys__bluetooth__controller.a(ull_conn.c.obj)
                0x0000000000035100                ll_conn_handle_get
 .text.ll_conn_get
                0x0000000000035110       0x18 zephyr/subsys/bluetooth/controller/libsubsys__bluetooth__controller.a(ull_conn.c.obj)
                0x0000000000035110                ll_conn_get
 .text.ll_connected_get
                0x0000000000035128       0x24 zephyr/subsys/bluetooth/controller/libsubsys__bluetooth__controller.a(ull_conn.c.obj)
                0x0000000000035128                ll_connected_get
 .text.ll_tx_mem_acquire
                0x000000000003514c        0xc zephyr/subsys/bluetooth/controller/libsubsys__bluetooth__controller.a(ull_conn.c.obj)
                0x000000000003514c                ll_tx_mem_acquire
 .text.ll_tx_mem_release
                0x0000000000035158        0xc zephyr/subsys/bluetooth/controller/libsubsys__bluetooth__controller.a(ull_conn.c.obj)
                0x0000000000035158                ll_tx_mem_release
 .text.ll_tx_mem_enqueue
                0x0000000000035164       0x94 zephyr/subsys/bluetooth/controller/libsubsys__bluetooth__controller.a(ull_conn.c.obj)
                0x0000000000035164                ll_tx_mem_enqueue
 .text.ll_conn_update
                0x00000000000351f8       0x88 zephyr/subsys/bluetooth/controller/libsubsys__bluetooth__controller.a(ull_conn.c.obj)
                0x00000000000351f8                ll_conn_update
 .text.ll_chm_get
                0x0000000000035280       0x48 zephyr/subsys/bluetooth/controller/libsubsys__bluetooth__controller.a(ull_conn.c.obj)
                0x0000000000035280                ll_chm_get
 .text.ll_terminate_ind_send
                0x00000000000352c8       0x70 zephyr/subsys/bluetooth/controller/libsubsys__bluetooth__controller.a(ull_conn.c.obj)
                0x00000000000352c8                ll_terminate_ind_send
 .text.ll_feature_req_send
                0x0000000000035338       0x44 zephyr/subsys/bluetooth/controller/libsubsys__bluetooth__controller.a(ull_conn.c.obj)
                0x0000000000035338                ll_feature_req_send
 .text.ll_version_ind_send
                0x000000000003537c       0x44 zephyr/subsys/bluetooth/controller/libsubsys__bluetooth__controller.a(ull_conn.c.obj)
                0x000000000003537c                ll_version_ind_send
 .text.ll_length_req_send
                0x00000000000353c0       0x58 zephyr/subsys/bluetooth/controller/libsubsys__bluetooth__controller.a(ull_conn.c.obj)
                0x00000000000353c0                ll_length_req_send
 .text.ll_length_default_get
                0x0000000000035418       0x18 zephyr/subsys/bluetooth/controller/libsubsys__bluetooth__controller.a(ull_conn.c.obj)
                0x0000000000035418                ll_length_default_get
 .text.ll_length_default_set
                0x0000000000035430       0x14 zephyr/subsys/bluetooth/controller/libsubsys__bluetooth__controller.a(ull_conn.c.obj)
                0x0000000000035430                ll_length_default_set
 .text.ll_length_max_get
                0x0000000000035444       0x20 zephyr/subsys/bluetooth/controller/libsubsys__bluetooth__controller.a(ull_conn.c.obj)
                0x0000000000035444                ll_length_max_get
 .text.ll_phy_get
                0x0000000000035464       0x40 zephyr/subsys/bluetooth/controller/libsubsys__bluetooth__controller.a(ull_conn.c.obj)
                0x0000000000035464                ll_phy_get
 .text.ll_phy_default_set
                0x00000000000354a4       0x14 zephyr/subsys/bluetooth/controller/libsubsys__bluetooth__controller.a(ull_conn.c.obj)
                0x00000000000354a4                ll_phy_default_set
 .text.ll_phy_req_send
                0x00000000000354b8       0x68 zephyr/subsys/bluetooth/controller/libsubsys__bluetooth__controller.a(ull_conn.c.obj)
                0x00000000000354b8                ll_phy_req_send
 .text.ll_apto_get
                0x0000000000035520       0x6c zephyr/subsys/bluetooth/controller/libsubsys__bluetooth__controller.a(ull_conn.c.obj)
                0x0000000000035520                ll_apto_get
 .text.ll_apto_set
                0x000000000003558c       0x64 zephyr/subsys/bluetooth/controller/libsubsys__bluetooth__controller.a(ull_conn.c.obj)
                0x000000000003558c                ll_apto_set
 .text.ull_conn_init
                0x00000000000355f0        0x4 zephyr/subsys/bluetooth/controller/libsubsys__bluetooth__controller.a(ull_conn.c.obj)
                0x00000000000355f0                ull_conn_init
 .text.ull_conn_reset
                0x00000000000355f4       0x8c zephyr/subsys/bluetooth/controller/libsubsys__bluetooth__controller.a(ull_conn.c.obj)
                0x00000000000355f4                ull_conn_reset
 .text.ull_conn_default_phy_tx_get
                0x0000000000035680        0xc zephyr/subsys/bluetooth/controller/libsubsys__bluetooth__controller.a(ull_conn.c.obj)
                0x0000000000035680                ull_conn_default_phy_tx_get
 .text.ull_conn_default_phy_rx_get
                0x000000000003568c        0xc zephyr/subsys/bluetooth/controller/libsubsys__bluetooth__controller.a(ull_conn.c.obj)
                0x000000000003568c                ull_conn_default_phy_rx_get
 .text.ull_conn_setup
                0x0000000000035698       0x38 zephyr/subsys/bluetooth/controller/libsubsys__bluetooth__controller.a(ull_conn.c.obj)
                0x0000000000035698                ull_conn_setup
 .text.ull_conn_rx
                0x00000000000356d0       0x78 zephyr/subsys/bluetooth/controller/libsubsys__bluetooth__controller.a(ull_conn.c.obj)
                0x00000000000356d0                ull_conn_rx
 .text.ull_conn_llcp
                0x0000000000035748       0x3c zephyr/subsys/bluetooth/controller/libsubsys__bluetooth__controller.a(ull_conn.c.obj)
                0x0000000000035748                ull_conn_llcp
 .text.ull_conn_tx_demux
                0x0000000000035784       0x7c zephyr/subsys/bluetooth/controller/libsubsys__bluetooth__controller.a(ull_conn.c.obj)
                0x0000000000035784                ull_conn_tx_demux
 .text.conn_cleanup
                0x0000000000035800       0xdc zephyr/subsys/bluetooth/controller/libsubsys__bluetooth__controller.a(ull_conn.c.obj)
 .text.tx_demux
                0x00000000000358dc       0x48 zephyr/subsys/bluetooth/controller/libsubsys__bluetooth__controller.a(ull_conn.c.obj)
 .text.ull_conn_tx_lll_enqueue
                0x0000000000035924       0x5c zephyr/subsys/bluetooth/controller/libsubsys__bluetooth__controller.a(ull_conn.c.obj)
                0x0000000000035924                ull_conn_tx_lll_enqueue
 .text.ull_conn_link_tx_release
                0x0000000000035980        0xc zephyr/subsys/bluetooth/controller/libsubsys__bluetooth__controller.a(ull_conn.c.obj)
                0x0000000000035980                ull_conn_link_tx_release
 .text.ull_conn_ack_last_idx_get
                0x000000000003598c        0xc zephyr/subsys/bluetooth/controller/libsubsys__bluetooth__controller.a(ull_conn.c.obj)
                0x000000000003598c                ull_conn_ack_last_idx_get
 .text.ull_conn_ack_peek
                0x0000000000035998       0x30 zephyr/subsys/bluetooth/controller/libsubsys__bluetooth__controller.a(ull_conn.c.obj)
                0x0000000000035998                ull_conn_ack_peek
 .text.ull_conn_ack_by_last_peek
                0x00000000000359c8       0x24 zephyr/subsys/bluetooth/controller/libsubsys__bluetooth__controller.a(ull_conn.c.obj)
                0x00000000000359c8                ull_conn_ack_by_last_peek
 .text.ull_conn_ack_dequeue
                0x00000000000359ec       0x2c zephyr/subsys/bluetooth/controller/libsubsys__bluetooth__controller.a(ull_conn.c.obj)
                0x00000000000359ec                ull_conn_ack_dequeue
 .text.ull_conn_lll_ack_enqueue
                0x0000000000035a18       0x3c zephyr/subsys/bluetooth/controller/libsubsys__bluetooth__controller.a(ull_conn.c.obj)
                0x0000000000035a18                ull_conn_lll_ack_enqueue
 .text.ull_conn_tx_ack
                0x0000000000035a54       0xac zephyr/subsys/bluetooth/controller/libsubsys__bluetooth__controller.a(ull_conn.c.obj)
                0x0000000000035a54                ull_conn_tx_ack
 .text.ull_conn_lll_max_tx_octets_get
                0x0000000000035b00       0x34 zephyr/subsys/bluetooth/controller/libsubsys__bluetooth__controller.a(ull_conn.c.obj)
                0x0000000000035b00                ull_conn_lll_max_tx_octets_get
 .text.ull_pdu_data_init
                0x0000000000035b34        0x4 zephyr/subsys/bluetooth/controller/libsubsys__bluetooth__controller.a(ull_conn.c.obj)
                0x0000000000035b34                ull_pdu_data_init
 .text.ull_conn_pause_rx_data
                0x0000000000035b38       0x10 zephyr/subsys/bluetooth/controller/libsubsys__bluetooth__controller.a(ull_conn.c.obj)
                0x0000000000035b38                ull_conn_pause_rx_data
 .text.ull_conn_resume_rx_data
                0x0000000000035b48       0x10 zephyr/subsys/bluetooth/controller/libsubsys__bluetooth__controller.a(ull_conn.c.obj)
                0x0000000000035b48                ull_conn_resume_rx_data
 .text.ull_conn_event_counter_at_prepare
                0x0000000000035b58       0x10 zephyr/subsys/bluetooth/controller/libsubsys__bluetooth__controller.a(ull_conn.c.obj)
                0x0000000000035b58                ull_conn_event_counter_at_prepare
 .text.ull_conn_event_counter
                0x0000000000035b68       0x1c zephyr/subsys/bluetooth/controller/libsubsys__bluetooth__controller.a(ull_conn.c.obj)
                0x0000000000035b68                ull_conn_event_counter
 .text.ull_conn_chan_map_set
                0x0000000000035b84       0x24 zephyr/subsys/bluetooth/controller/libsubsys__bluetooth__controller.a(ull_conn.c.obj)
                0x0000000000035b84                ull_conn_chan_map_set
 .text.ull_dle_max_time_get
                0x0000000000035ba8       0x20 zephyr/subsys/bluetooth/controller/libsubsys__bluetooth__controller.a(ull_conn.c.obj)
                0x0000000000035ba8                ull_dle_max_time_get
 .text.ull_dle_update_eff
                0x0000000000035bc8      0x100 zephyr/subsys/bluetooth/controller/libsubsys__bluetooth__controller.a(ull_conn.c.obj)
                0x0000000000035bc8                ull_dle_update_eff
 .text.ull_dle_update_eff_rx